Archive member included to satisfy reference by file (symbol)

../Lab2_bsp/\libhal_bsp.a(alt_load.o)
                              ../Lab2_bsp//obj/HAL/src/crt0.o (alt_load)
../Lab2_bsp/\libhal_bsp.a(alt_main.o)
                              ../Lab2_bsp//obj/HAL/src/crt0.o (alt_main)
../Lab2_bsp/\libhal_bsp.a(alt_sys_init.o)
                              ../Lab2_bsp/\libhal_bsp.a(alt_main.o) (alt_irq_init)
../Lab2_bsp/\libhal_bsp.a(altera_avalon_jtag_uart_fd.o)
                              ../Lab2_bsp/\libhal_bsp.a(alt_sys_init.o) (altera_avalon_jtag_uart_read_fd)
../Lab2_bsp/\libhal_bsp.a(altera_avalon_jtag_uart_init.o)
                              ../Lab2_bsp/\libhal_bsp.a(alt_sys_init.o) (altera_avalon_jtag_uart_init)
../Lab2_bsp/\libhal_bsp.a(altera_avalon_jtag_uart_ioctl.o)
                              ../Lab2_bsp/\libhal_bsp.a(altera_avalon_jtag_uart_fd.o) (altera_avalon_jtag_uart_ioctl)
../Lab2_bsp/\libhal_bsp.a(altera_avalon_jtag_uart_read.o)
                              ../Lab2_bsp/\libhal_bsp.a(altera_avalon_jtag_uart_fd.o) (altera_avalon_jtag_uart_read)
../Lab2_bsp/\libhal_bsp.a(altera_avalon_jtag_uart_write.o)
                              ../Lab2_bsp/\libhal_bsp.a(altera_avalon_jtag_uart_fd.o) (altera_avalon_jtag_uart_write)
../Lab2_bsp/\libhal_bsp.a(alt_alarm_start.o)
                              ../Lab2_bsp/\libhal_bsp.a(altera_avalon_jtag_uart_init.o) (alt_alarm_start)
../Lab2_bsp/\libhal_bsp.a(alt_close.o)
                              ../Lab2_bsp/\libhal_bsp.a(alt_main.o) (close)
../Lab2_bsp/\libhal_bsp.a(alt_dcache_flush_all.o)
                              ../Lab2_bsp/\libhal_bsp.a(alt_load.o) (alt_dcache_flush_all)
../Lab2_bsp/\libhal_bsp.a(alt_dev.o)
                              ../Lab2_bsp/\libhal_bsp.a(alt_sys_init.o) (alt_dev_list)
../Lab2_bsp/\libhal_bsp.a(alt_dev_llist_insert.o)
                              ../Lab2_bsp/\libhal_bsp.a(alt_sys_init.o) (alt_dev_llist_insert)
../Lab2_bsp/\libhal_bsp.a(alt_do_ctors.o)
                              ../Lab2_bsp/\libhal_bsp.a(alt_main.o) (_do_ctors)
../Lab2_bsp/\libhal_bsp.a(alt_do_dtors.o)
                              ../Lab2_bsp/\libhal_bsp.a(alt_main.o) (_do_dtors)
../Lab2_bsp/\libhal_bsp.a(alt_errno.o)
                              ../Lab2_bsp/\libhal_bsp.a(alt_close.o) (alt_errno)
../Lab2_bsp/\libhal_bsp.a(alt_icache_flush_all.o)
                              ../Lab2_bsp/\libhal_bsp.a(alt_load.o) (alt_icache_flush_all)
../Lab2_bsp/\libhal_bsp.a(alt_iic.o)
                              ../Lab2_bsp/\libhal_bsp.a(altera_avalon_jtag_uart_init.o) (alt_ic_isr_register)
../Lab2_bsp/\libhal_bsp.a(alt_iic_isr_register.o)
                              ../Lab2_bsp/\libhal_bsp.a(alt_iic.o) (alt_iic_isr_register)
../Lab2_bsp/\libhal_bsp.a(alt_io_redirect.o)
                              ../Lab2_bsp/\libhal_bsp.a(alt_main.o) (alt_io_redirect)
../Lab2_bsp/\libhal_bsp.a(alt_irq_entry.o)
                              ../Lab2_bsp/\libhal_bsp.a(alt_iic_isr_register.o) (alt_irq_entry)
../Lab2_bsp/\libhal_bsp.a(alt_irq_handler.o)
                              ../Lab2_bsp/\libhal_bsp.a(alt_iic_isr_register.o) (alt_irq)
../Lab2_bsp/\libhal_bsp.a(alt_irq_vars.o)
                              ../Lab2_bsp/\libhal_bsp.a(alt_iic.o) (alt_irq_active)
../Lab2_bsp/\libhal_bsp.a(alt_open.o)
                              ../Lab2_bsp/\libhal_bsp.a(alt_io_redirect.o) (open)
../Lab2_bsp/\libhal_bsp.a(alt_release_fd.o)
                              ../Lab2_bsp/\libhal_bsp.a(alt_close.o) (alt_release_fd)
../Lab2_bsp/\libhal_bsp.a(alt_tick.o)
                              ../Lab2_bsp/\libhal_bsp.a(altera_avalon_jtag_uart_init.o) (_alt_tick_rate)
../Lab2_bsp/\libhal_bsp.a(altera_nios2_gen2_irq.o)
                              ../Lab2_bsp/\libhal_bsp.a(alt_sys_init.o) (altera_nios2_gen2_irq_init)
../Lab2_bsp/\libhal_bsp.a(alt_exception_entry.o)
                              ../Lab2_bsp/\libhal_bsp.a(alt_irq_entry.o) (alt_exception)
../Lab2_bsp/\libhal_bsp.a(alt_find_dev.o)
                              ../Lab2_bsp/\libhal_bsp.a(alt_open.o) (alt_find_dev)
../Lab2_bsp/\libhal_bsp.a(alt_find_file.o)
                              ../Lab2_bsp/\libhal_bsp.a(alt_open.o) (alt_find_file)
../Lab2_bsp/\libhal_bsp.a(alt_get_fd.o)
                              ../Lab2_bsp/\libhal_bsp.a(alt_open.o) (alt_get_fd)
../Lab2_bsp/\libhal_bsp.a(alt_instruction_exception_entry.o)
                              ../Lab2_bsp/\libhal_bsp.a(alt_exception_entry.o) (alt_instruction_exception_entry)
c:/intelfpga_lite/18.1/nios2eds/bin/gnu/h-x86_64-mingw32/bin/../lib/gcc/nios2-elf/5.3.0/../../../../../H-x86_64-mingw32/nios2-elf/lib/mno-hw-mul\libc.a(lib_a-atexit.o)
                              ../Lab2_bsp/\libhal_bsp.a(alt_main.o) (atexit)
c:/intelfpga_lite/18.1/nios2eds/bin/gnu/h-x86_64-mingw32/bin/../lib/gcc/nios2-elf/5.3.0/../../../../../H-x86_64-mingw32/nios2-elf/lib/mno-hw-mul\libc.a(lib_a-exit.o)
                              ../Lab2_bsp/\libhal_bsp.a(alt_main.o) (exit)
c:/intelfpga_lite/18.1/nios2eds/bin/gnu/h-x86_64-mingw32/bin/../lib/gcc/nios2-elf/5.3.0/../../../../../H-x86_64-mingw32/nios2-elf/lib/mno-hw-mul\libc.a(lib_a-impure.o)
                              c:/intelfpga_lite/18.1/nios2eds/bin/gnu/h-x86_64-mingw32/bin/../lib/gcc/nios2-elf/5.3.0/../../../../../H-x86_64-mingw32/nios2-elf/lib/mno-hw-mul\libc.a(lib_a-exit.o) (_global_impure_ptr)
c:/intelfpga_lite/18.1/nios2eds/bin/gnu/h-x86_64-mingw32/bin/../lib/gcc/nios2-elf/5.3.0/../../../../../H-x86_64-mingw32/nios2-elf/lib/mno-hw-mul\libc.a(lib_a-int_errno.o)
                              ../Lab2_bsp/\libhal_bsp.a(alt_close.o) (errno)
c:/intelfpga_lite/18.1/nios2eds/bin/gnu/h-x86_64-mingw32/bin/../lib/gcc/nios2-elf/5.3.0/../../../../../H-x86_64-mingw32/nios2-elf/lib/mno-hw-mul\libc.a(lib_a-memcmp.o)
                              ../Lab2_bsp/\libhal_bsp.a(alt_find_dev.o) (memcmp)
c:/intelfpga_lite/18.1/nios2eds/bin/gnu/h-x86_64-mingw32/bin/../lib/gcc/nios2-elf/5.3.0/../../../../../H-x86_64-mingw32/nios2-elf/lib/mno-hw-mul\libc.a(lib_a-memcpy.o)
                              ../Lab2_bsp/\libhal_bsp.a(altera_avalon_jtag_uart_read.o) (memcpy)
c:/intelfpga_lite/18.1/nios2eds/bin/gnu/h-x86_64-mingw32/bin/../lib/gcc/nios2-elf/5.3.0/../../../../../H-x86_64-mingw32/nios2-elf/lib/mno-hw-mul\libc.a(lib_a-strlen.o)
                              ../Lab2_bsp/\libhal_bsp.a(alt_find_dev.o) (strlen)
c:/intelfpga_lite/18.1/nios2eds/bin/gnu/h-x86_64-mingw32/bin/../lib/gcc/nios2-elf/5.3.0/../../../../../H-x86_64-mingw32/nios2-elf/lib/mno-hw-mul\libc.a(lib_a-__atexit.o)
                              c:/intelfpga_lite/18.1/nios2eds/bin/gnu/h-x86_64-mingw32/bin/../lib/gcc/nios2-elf/5.3.0/../../../../../H-x86_64-mingw32/nios2-elf/lib/mno-hw-mul\libc.a(lib_a-atexit.o) (__register_exitproc)
c:/intelfpga_lite/18.1/nios2eds/bin/gnu/h-x86_64-mingw32/bin/../lib/gcc/nios2-elf/5.3.0/../../../../../H-x86_64-mingw32/nios2-elf/lib/mno-hw-mul\libc.a(lib_a-__call_atexit.o)
                              c:/intelfpga_lite/18.1/nios2eds/bin/gnu/h-x86_64-mingw32/bin/../lib/gcc/nios2-elf/5.3.0/../../../../../H-x86_64-mingw32/nios2-elf/lib/mno-hw-mul\libc.a(lib_a-exit.o) (__call_exitprocs)
c:/intelfpga_lite/18.1/nios2eds/bin/gnu/h-x86_64-mingw32/bin/../lib/gcc/nios2-elf/5.3.0/mno-hw-mul\libgcc.a(lib2-mul.o)
                              ../Lab2_bsp/\libhal_bsp.a(alt_close.o) (__mulsi3)
../Lab2_bsp/\libhal_bsp.a(alt_exit.o)
                              c:/intelfpga_lite/18.1/nios2eds/bin/gnu/h-x86_64-mingw32/bin/../lib/gcc/nios2-elf/5.3.0/../../../../../H-x86_64-mingw32/nios2-elf/lib/mno-hw-mul\libc.a(lib_a-exit.o) (_exit)

Allocating common symbols
Common symbol       size              file

alt_irq             0x100             ../Lab2_bsp/\libhal_bsp.a(alt_irq_handler.o)
errno               0x4               c:/intelfpga_lite/18.1/nios2eds/bin/gnu/h-x86_64-mingw32/bin/../lib/gcc/nios2-elf/5.3.0/../../../../../H-x86_64-mingw32/nios2-elf/lib/mno-hw-mul\libc.a(lib_a-int_errno.o)

Memory Configuration

Name             Origin             Length             Attributes
reset            0x0000000000008000 0x0000000000000020
onchip_memory2_0 0x0000000000008020 0x0000000000007fe0
*default*        0x0000000000000000 0xffffffffffffffff

Linker script and memory map

LOAD ../Lab2_bsp//obj/HAL/src/crt0.o
LOAD obj/default/diplay0.o
LOAD c:/intelfpga_lite/18.1/nios2eds/bin/gnu/h-x86_64-mingw32/bin/../lib/gcc/nios2-elf/5.3.0/../../../../../H-x86_64-mingw32/nios2-elf/lib/mno-hw-mul\libstdc++.a
LOAD c:/intelfpga_lite/18.1/nios2eds/bin/gnu/h-x86_64-mingw32/bin/../lib/gcc/nios2-elf/5.3.0/../../../../../H-x86_64-mingw32/nios2-elf/lib/mno-hw-mul\libm.a
LOAD c:/intelfpga_lite/18.1/nios2eds/bin/gnu/h-x86_64-mingw32/bin/../lib/gcc/nios2-elf/5.3.0/mno-hw-mul\libgcc.a
START GROUP
LOAD c:/intelfpga_lite/18.1/nios2eds/bin/gnu/h-x86_64-mingw32/bin/../lib/gcc/nios2-elf/5.3.0/../../../../../H-x86_64-mingw32/nios2-elf/lib/mno-hw-mul\libc.a
LOAD c:/intelfpga_lite/18.1/nios2eds/bin/gnu/h-x86_64-mingw32/bin/../lib/gcc/nios2-elf/5.3.0/mno-hw-mul\libgcc.a
LOAD ../Lab2_bsp/\libhal_bsp.a
LOAD c:/intelfpga_lite/18.1/nios2eds/bin/gnu/h-x86_64-mingw32/bin/../lib/gcc/nios2-elf/5.3.0/../../../../../H-x86_64-mingw32/nios2-elf/lib/mno-hw-mul\libm.a
END GROUP
LOAD c:/intelfpga_lite/18.1/nios2eds/bin/gnu/h-x86_64-mingw32/bin/../lib/gcc/nios2-elf/5.3.0/mno-hw-mul\libgcc.a
                0x0000000000008000                __alt_mem_onchip_memory2_0 = 0x8000

.entry          0x0000000000008000       0x20
 *(.entry)
 .entry         0x0000000000008000       0x20 ../Lab2_bsp//obj/HAL/src/crt0.o
                0x0000000000008000                __reset

.exceptions     0x0000000000008020      0x210
                0x0000000000008020                PROVIDE (__ram_exceptions_start, ABSOLUTE (.))
                0x0000000000008020                . = ALIGN (0x20)
 *(.irq)
 *(.exceptions.entry.label)
 .exceptions.entry.label
                0x0000000000008020        0x0 ../Lab2_bsp/\libhal_bsp.a(alt_irq_entry.o)
                0x0000000000008020                alt_irq_entry
 .exceptions.entry.label
                0x0000000000008020        0x0 ../Lab2_bsp/\libhal_bsp.a(alt_exception_entry.o)
                0x0000000000008020                alt_exception
 *(.exceptions.entry.user)
 *(.exceptions.entry.ecc_fatal)
 *(.exceptions.entry)
 .exceptions.entry
                0x0000000000008020       0x54 ../Lab2_bsp/\libhal_bsp.a(alt_exception_entry.o)
 *(.exceptions.irqtest.user)
 *(.exceptions.irqtest)
 .exceptions.irqtest
                0x0000000000008074       0x10 ../Lab2_bsp/\libhal_bsp.a(alt_irq_entry.o)
 *(.exceptions.irqhandler.user)
 *(.exceptions.irqhandler)
 .exceptions.irqhandler
                0x0000000000008084        0x4 ../Lab2_bsp/\libhal_bsp.a(alt_irq_entry.o)
 *(.exceptions.irqreturn.user)
 *(.exceptions.irqreturn)
 .exceptions.irqreturn
                0x0000000000008088        0x4 ../Lab2_bsp/\libhal_bsp.a(alt_irq_entry.o)
 *(.exceptions.notirq.label)
 .exceptions.notirq.label
                0x000000000000808c        0x0 ../Lab2_bsp/\libhal_bsp.a(alt_irq_entry.o)
 *(.exceptions.notirq.user)
 *(.exceptions.notirq)
 .exceptions.notirq
                0x000000000000808c        0x8 ../Lab2_bsp/\libhal_bsp.a(alt_exception_entry.o)
 *(.exceptions.soft.user)
 *(.exceptions.soft)
 *(.exceptions.unknown.user)
 *(.exceptions.unknown)
 .exceptions.unknown
                0x0000000000008094       0x14 ../Lab2_bsp/\libhal_bsp.a(alt_exception_entry.o)
 *(.exceptions.exit.label)
 .exceptions.exit.label
                0x00000000000080a8        0x0 ../Lab2_bsp/\libhal_bsp.a(alt_irq_entry.o)
 .exceptions.exit.label
                0x00000000000080a8        0x0 ../Lab2_bsp/\libhal_bsp.a(alt_exception_entry.o)
 *(.exceptions.exit.user)
 *(.exceptions.exit)
 .exceptions.exit
                0x00000000000080a8       0x54 ../Lab2_bsp/\libhal_bsp.a(alt_exception_entry.o)
 *(.exceptions)
 .exceptions    0x00000000000080fc       0xd4 ../Lab2_bsp/\libhal_bsp.a(alt_irq_handler.o)
                0x00000000000080fc                alt_irq_handler
 .exceptions    0x00000000000081d0       0x60 ../Lab2_bsp/\libhal_bsp.a(alt_instruction_exception_entry.o)
                0x00000000000081d0                alt_instruction_exception_entry
                0x0000000000008230                PROVIDE (__ram_exceptions_end, ABSOLUTE (.))
                0x0000000000008020                PROVIDE (__flash_exceptions_start, LOADADDR (.exceptions))

.text           0x0000000000008230     0x2294
                [!provide]                        PROVIDE (stext, ABSOLUTE (.))
 *(.interp)
 *(.hash)
 *(.dynsym)
 *(.dynstr)
 *(.gnu.version)
 *(.gnu.version_d)
 *(.gnu.version_r)
 *(.rel.init)
 *(.rela.init)
 *(.rel.text .rel.text.* .rel.gnu.linkonce.t.*)
 *(.rela.text .rela.text.* .rela.gnu.linkonce.t.*)
 *(.rel.fini)
 *(.rela.fini)
 *(.rel.rodata .rel.rodata.* .rel.gnu.linkonce.r.*)
 *(.rela.rodata .rela.rodata.* .rela.gnu.linkonce.r.*)
 *(.rel.data .rel.data.* .rel.gnu.linkonce.d.*)
 *(.rela.data .rela.data.* .rela.gnu.linkonce.d.*)
 *(.rel.tdata .rel.tdata.* .rel.gnu.linkonce.td.*)
 *(.rela.tdata .rela.tdata.* .rela.gnu.linkonce.td.*)
 *(.rel.tbss .rel.tbss.* .rel.gnu.linkonce.tb.*)
 *(.rela.tbss .rela.tbss.* .rela.gnu.linkonce.tb.*)
 *(.rel.ctors)
 *(.rela.ctors)
 *(.rel.dtors)
 *(.rela.dtors)
 *(.rel.got)
 *(.rela.got)
 *(.rel.sdata .rel.sdata.* .rel.gnu.linkonce.s.*)
 *(.rela.sdata .rela.sdata.* .rela.gnu.linkonce.s.*)
 *(.rel.sbss .rel.sbss.* .rel.gnu.linkonce.sb.*)
 *(.rela.sbss .rela.sbss.* .rela.gnu.linkonce.sb.*)
 *(.rel.sdata2 .rel.sdata2.* .rel.gnu.linkonce.s2.*)
 *(.rela.sdata2 .rela.sdata2.* .rela.gnu.linkonce.s2.*)
 *(.rel.sbss2 .rel.sbss2.* .rel.gnu.linkonce.sb2.*)
 *(.rela.sbss2 .rela.sbss2.* .rela.gnu.linkonce.sb2.*)
 *(.rel.bss .rel.bss.* .rel.gnu.linkonce.b.*)
 *(.rela.bss .rela.bss.* .rela.gnu.linkonce.b.*)
 *(.rel.plt)
 *(.rela.plt)
 *(.rel.dyn)
 *(.init)
 *(.plt)
 *(.text .stub .text.* .gnu.linkonce.t.*)
 .text          0x0000000000008230       0x3c ../Lab2_bsp//obj/HAL/src/crt0.o
                0x0000000000008230                _start
 .text          0x000000000000826c       0x20 obj/default/diplay0.o
                0x000000000000826c                main
 .text          0x000000000000828c       0xec ../Lab2_bsp/\libhal_bsp.a(alt_load.o)
                0x00000000000082f4                alt_load
 .text          0x0000000000008378       0x7c ../Lab2_bsp/\libhal_bsp.a(alt_main.o)
                0x0000000000008378                alt_main
 .text          0x00000000000083f4       0xb8 ../Lab2_bsp/\libhal_bsp.a(alt_sys_init.o)
                0x0000000000008428                alt_irq_init
                0x0000000000008460                alt_sys_init
 .text          0x00000000000084ac      0x164 ../Lab2_bsp/\libhal_bsp.a(altera_avalon_jtag_uart_fd.o)
                0x00000000000084ac                altera_avalon_jtag_uart_read_fd
                0x000000000000850c                altera_avalon_jtag_uart_write_fd
                0x000000000000856c                altera_avalon_jtag_uart_close_fd
                0x00000000000085bc                altera_avalon_jtag_uart_ioctl_fd
 .text          0x0000000000008610      0x3d4 ../Lab2_bsp/\libhal_bsp.a(altera_avalon_jtag_uart_init.o)
                0x0000000000008610                altera_avalon_jtag_uart_init
                0x000000000000897c                altera_avalon_jtag_uart_close
 .text          0x00000000000089e4       0xf0 ../Lab2_bsp/\libhal_bsp.a(altera_avalon_jtag_uart_ioctl.o)
                0x00000000000089e4                altera_avalon_jtag_uart_ioctl
 .text          0x0000000000008ad4      0x21c ../Lab2_bsp/\libhal_bsp.a(altera_avalon_jtag_uart_read.o)
                0x0000000000008ad4                altera_avalon_jtag_uart_read
 .text          0x0000000000008cf0      0x224 ../Lab2_bsp/\libhal_bsp.a(altera_avalon_jtag_uart_write.o)
                0x0000000000008cf0                altera_avalon_jtag_uart_write
 .text          0x0000000000008f14      0x12c ../Lab2_bsp/\libhal_bsp.a(alt_alarm_start.o)
                0x0000000000008f14                alt_alarm_start
 .text          0x0000000000009040      0x114 ../Lab2_bsp/\libhal_bsp.a(alt_close.o)
                0x000000000000907c                close
 .text          0x0000000000009154       0x20 ../Lab2_bsp/\libhal_bsp.a(alt_dcache_flush_all.o)
                0x0000000000009154                alt_dcache_flush_all
 .text          0x0000000000009174       0x2c ../Lab2_bsp/\libhal_bsp.a(alt_dev.o)
 .text          0x00000000000091a0       0xe0 ../Lab2_bsp/\libhal_bsp.a(alt_dev_llist_insert.o)
                0x00000000000091dc                alt_dev_llist_insert
 .text          0x0000000000009280       0x60 ../Lab2_bsp/\libhal_bsp.a(alt_do_ctors.o)
                0x0000000000009280                _do_ctors
 .text          0x00000000000092e0       0x60 ../Lab2_bsp/\libhal_bsp.a(alt_do_dtors.o)
                0x00000000000092e0                _do_dtors
 .text          0x0000000000009340        0x0 ../Lab2_bsp/\libhal_bsp.a(alt_errno.o)
 .text          0x0000000000009340       0x20 ../Lab2_bsp/\libhal_bsp.a(alt_icache_flush_all.o)
                0x0000000000009340                alt_icache_flush_all
 .text          0x0000000000009360      0x1b0 ../Lab2_bsp/\libhal_bsp.a(alt_iic.o)
                0x0000000000009360                alt_ic_isr_register
                0x00000000000093b0                alt_ic_irq_enable
                0x0000000000009438                alt_ic_irq_disable
                0x00000000000094c4                alt_ic_irq_enabled
 .text          0x0000000000009510       0xf0 ../Lab2_bsp/\libhal_bsp.a(alt_iic_isr_register.o)
                0x0000000000009510                alt_iic_isr_register
 .text          0x0000000000009600      0x160 ../Lab2_bsp/\libhal_bsp.a(alt_io_redirect.o)
                0x00000000000096e4                alt_io_redirect
 .text          0x0000000000009760        0x0 ../Lab2_bsp/\libhal_bsp.a(alt_irq_entry.o)
 .text          0x0000000000009760        0x0 ../Lab2_bsp/\libhal_bsp.a(alt_irq_handler.o)
 .text          0x0000000000009760        0x0 ../Lab2_bsp/\libhal_bsp.a(alt_irq_vars.o)
 .text          0x0000000000009760      0x284 ../Lab2_bsp/\libhal_bsp.a(alt_open.o)
                0x0000000000009888                open
 .text          0x00000000000099e4       0x84 ../Lab2_bsp/\libhal_bsp.a(alt_release_fd.o)
                0x00000000000099e4                alt_release_fd
 .text          0x0000000000009a68      0x1a4 ../Lab2_bsp/\libhal_bsp.a(alt_tick.o)
                0x0000000000009a68                alt_alarm_stop
                0x0000000000009b04                alt_tick
 .text          0x0000000000009c0c       0x24 ../Lab2_bsp/\libhal_bsp.a(altera_nios2_gen2_irq.o)
                0x0000000000009c0c                altera_nios2_gen2_irq_init
 .text          0x0000000000009c30        0x0 ../Lab2_bsp/\libhal_bsp.a(alt_exception_entry.o)
 .text          0x0000000000009c30       0x90 ../Lab2_bsp/\libhal_bsp.a(alt_find_dev.o)
                0x0000000000009c30                alt_find_dev
 .text          0x0000000000009cc0      0x108 ../Lab2_bsp/\libhal_bsp.a(alt_find_file.o)
                0x0000000000009cc0                alt_find_file
 .text          0x0000000000009dc8       0xc4 ../Lab2_bsp/\libhal_bsp.a(alt_get_fd.o)
                0x0000000000009dc8                alt_get_fd
 .text          0x0000000000009e8c       0x9c ../Lab2_bsp/\libhal_bsp.a(alt_instruction_exception_entry.o)
                0x0000000000009e8c                alt_exception_cause_generated_bad_addr
 .text          0x0000000000009f28        0x0 c:/intelfpga_lite/18.1/nios2eds/bin/gnu/h-x86_64-mingw32/bin/../lib/gcc/nios2-elf/5.3.0/../../../../../H-x86_64-mingw32/nios2-elf/lib/mno-hw-mul\libc.a(lib_a-atexit.o)
 .text.atexit   0x0000000000009f28       0x14 c:/intelfpga_lite/18.1/nios2eds/bin/gnu/h-x86_64-mingw32/bin/../lib/gcc/nios2-elf/5.3.0/../../../../../H-x86_64-mingw32/nios2-elf/lib/mno-hw-mul\libc.a(lib_a-atexit.o)
                0x0000000000009f28                atexit
 .text          0x0000000000009f3c        0x0 c:/intelfpga_lite/18.1/nios2eds/bin/gnu/h-x86_64-mingw32/bin/../lib/gcc/nios2-elf/5.3.0/../../../../../H-x86_64-mingw32/nios2-elf/lib/mno-hw-mul\libc.a(lib_a-exit.o)
 .text.exit     0x0000000000009f3c       0x38 c:/intelfpga_lite/18.1/nios2eds/bin/gnu/h-x86_64-mingw32/bin/../lib/gcc/nios2-elf/5.3.0/../../../../../H-x86_64-mingw32/nios2-elf/lib/mno-hw-mul\libc.a(lib_a-exit.o)
                0x0000000000009f3c                exit
 .text          0x0000000000009f74        0x0 c:/intelfpga_lite/18.1/nios2eds/bin/gnu/h-x86_64-mingw32/bin/../lib/gcc/nios2-elf/5.3.0/../../../../../H-x86_64-mingw32/nios2-elf/lib/mno-hw-mul\libc.a(lib_a-impure.o)
 .text          0x0000000000009f74        0x0 c:/intelfpga_lite/18.1/nios2eds/bin/gnu/h-x86_64-mingw32/bin/../lib/gcc/nios2-elf/5.3.0/../../../../../H-x86_64-mingw32/nios2-elf/lib/mno-hw-mul\libc.a(lib_a-int_errno.o)
 .text          0x0000000000009f74        0x0 c:/intelfpga_lite/18.1/nios2eds/bin/gnu/h-x86_64-mingw32/bin/../lib/gcc/nios2-elf/5.3.0/../../../../../H-x86_64-mingw32/nios2-elf/lib/mno-hw-mul\libc.a(lib_a-memcmp.o)
 .text.memcmp   0x0000000000009f74       0x7c c:/intelfpga_lite/18.1/nios2eds/bin/gnu/h-x86_64-mingw32/bin/../lib/gcc/nios2-elf/5.3.0/../../../../../H-x86_64-mingw32/nios2-elf/lib/mno-hw-mul\libc.a(lib_a-memcmp.o)
                0x0000000000009f74                memcmp
 .text          0x0000000000009ff0        0x0 c:/intelfpga_lite/18.1/nios2eds/bin/gnu/h-x86_64-mingw32/bin/../lib/gcc/nios2-elf/5.3.0/../../../../../H-x86_64-mingw32/nios2-elf/lib/mno-hw-mul\libc.a(lib_a-memcpy.o)
 .text.memcpy   0x0000000000009ff0      0x148 c:/intelfpga_lite/18.1/nios2eds/bin/gnu/h-x86_64-mingw32/bin/../lib/gcc/nios2-elf/5.3.0/../../../../../H-x86_64-mingw32/nios2-elf/lib/mno-hw-mul\libc.a(lib_a-memcpy.o)
                0x0000000000009ff0                memcpy
 .text          0x000000000000a138        0x0 c:/intelfpga_lite/18.1/nios2eds/bin/gnu/h-x86_64-mingw32/bin/../lib/gcc/nios2-elf/5.3.0/../../../../../H-x86_64-mingw32/nios2-elf/lib/mno-hw-mul\libc.a(lib_a-strlen.o)
 .text.strlen   0x000000000000a138       0x98 c:/intelfpga_lite/18.1/nios2eds/bin/gnu/h-x86_64-mingw32/bin/../lib/gcc/nios2-elf/5.3.0/../../../../../H-x86_64-mingw32/nios2-elf/lib/mno-hw-mul\libc.a(lib_a-strlen.o)
                0x000000000000a138                strlen
 .text          0x000000000000a1d0        0x0 c:/intelfpga_lite/18.1/nios2eds/bin/gnu/h-x86_64-mingw32/bin/../lib/gcc/nios2-elf/5.3.0/../../../../../H-x86_64-mingw32/nios2-elf/lib/mno-hw-mul\libc.a(lib_a-__atexit.o)
 .text.__register_exitproc
                0x000000000000a1d0      0x118 c:/intelfpga_lite/18.1/nios2eds/bin/gnu/h-x86_64-mingw32/bin/../lib/gcc/nios2-elf/5.3.0/../../../../../H-x86_64-mingw32/nios2-elf/lib/mno-hw-mul\libc.a(lib_a-__atexit.o)
                0x000000000000a1d0                __register_exitproc
 .text          0x000000000000a2e8        0x0 c:/intelfpga_lite/18.1/nios2eds/bin/gnu/h-x86_64-mingw32/bin/../lib/gcc/nios2-elf/5.3.0/../../../../../H-x86_64-mingw32/nios2-elf/lib/mno-hw-mul\libc.a(lib_a-__call_atexit.o)
 .text.__call_exitprocs
                0x000000000000a2e8      0x180 c:/intelfpga_lite/18.1/nios2eds/bin/gnu/h-x86_64-mingw32/bin/../lib/gcc/nios2-elf/5.3.0/../../../../../H-x86_64-mingw32/nios2-elf/lib/mno-hw-mul\libc.a(lib_a-__call_atexit.o)
                0x000000000000a2e8                __call_exitprocs
 .text          0x000000000000a468       0x28 c:/intelfpga_lite/18.1/nios2eds/bin/gnu/h-x86_64-mingw32/bin/../lib/gcc/nios2-elf/5.3.0/mno-hw-mul\libgcc.a(lib2-mul.o)
                0x000000000000a468                __mulsi3
 .text          0x000000000000a490       0x34 ../Lab2_bsp/\libhal_bsp.a(alt_exit.o)
                0x000000000000a490                _exit
 *(.gnu.warning.*)
 *(.fini)
                [!provide]                        PROVIDE (__etext, ABSOLUTE (.))
                [!provide]                        PROVIDE (_etext, ABSOLUTE (.))
                [!provide]                        PROVIDE (etext, ABSOLUTE (.))
 *(.eh_frame_hdr)
                0x000000000000a4c4                . = ALIGN (0x4)
                [!provide]                        PROVIDE (__preinit_array_start, ABSOLUTE (.))
 *(.preinit_array)
                [!provide]                        PROVIDE (__preinit_array_end, ABSOLUTE (.))
                [!provide]                        PROVIDE (__init_array_start, ABSOLUTE (.))
 *(.init_array)
                [!provide]                        PROVIDE (__init_array_end, ABSOLUTE (.))
                [!provide]                        PROVIDE (__fini_array_start, ABSOLUTE (.))
 *(.fini_array)
                [!provide]                        PROVIDE (__fini_array_end, ABSOLUTE (.))
 *(.eh_frame)
 *(.gcc_except_table .gcc_except_table.*)
 *(.dynamic)
                0x000000000000a4c4                PROVIDE (__CTOR_LIST__, ABSOLUTE (.))
 *(.ctors)
 *(SORT(.ctors.*))
                0x000000000000a4c4                PROVIDE (__CTOR_END__, ABSOLUTE (.))
                0x000000000000a4c4                PROVIDE (__DTOR_LIST__, ABSOLUTE (.))
 *(.dtors)
 *(SORT(.dtors.*))
                0x000000000000a4c4                PROVIDE (__DTOR_END__, ABSOLUTE (.))
 *(.jcr)
                0x000000000000a4c4                . = ALIGN (0x4)

.rodata         0x000000000000a4c4       0x38
                0x000000000000a4c4                PROVIDE (__ram_rodata_start, ABSOLUTE (.))
                0x000000000000a4c4                . = ALIGN (0x4)
 *(.rodata .rodata.* .gnu.linkonce.r.*)
 .rodata        0x000000000000a4c4       0x11 ../Lab2_bsp/\libhal_bsp.a(alt_main.o)
 *fill*         0x000000000000a4d5        0x3 
 .rodata        0x000000000000a4d8       0x11 ../Lab2_bsp/\libhal_bsp.a(alt_sys_init.o)
 *fill*         0x000000000000a4e9        0x3 
 .rodata        0x000000000000a4ec        0xa ../Lab2_bsp/\libhal_bsp.a(alt_dev.o)
 *fill*         0x000000000000a4f6        0x2 
 .rodata.str1.4
                0x000000000000a4f8        0x4 c:/intelfpga_lite/18.1/nios2eds/bin/gnu/h-x86_64-mingw32/bin/../lib/gcc/nios2-elf/5.3.0/../../../../../H-x86_64-mingw32/nios2-elf/lib/mno-hw-mul\libc.a(lib_a-impure.o)
                                          0x2 (size before relaxing)
 *(.rodata1)
                0x000000000000a4fc                . = ALIGN (0x4)
                0x000000000000a4fc                PROVIDE (__ram_rodata_end, ABSOLUTE (.))
                0x000000000000a4c4                PROVIDE (__flash_rodata_start, LOADADDR (.rodata))

.rwdata         0x000000000000a4fc     0x1658 load address 0x000000000000bb54
                0x000000000000a4fc                PROVIDE (__ram_rwdata_start, ABSOLUTE (.))
                0x000000000000a4fc                . = ALIGN (0x4)
 *(.got.plt)
 *(.got)
 *(.data1)
 *(.data .data.* .gnu.linkonce.d.*)
 .data          0x000000000000a4fc        0x0 ../Lab2_bsp//obj/HAL/src/crt0.o
 .data          0x000000000000a4fc        0x0 obj/default/diplay0.o
 .data          0x000000000000a4fc        0x0 ../Lab2_bsp/\libhal_bsp.a(alt_load.o)
 .data          0x000000000000a4fc        0x0 ../Lab2_bsp/\libhal_bsp.a(alt_main.o)
 .data          0x000000000000a4fc     0x1060 ../Lab2_bsp/\libhal_bsp.a(alt_sys_init.o)
 .data          0x000000000000b55c        0x0 ../Lab2_bsp/\libhal_bsp.a(altera_avalon_jtag_uart_fd.o)
 .data          0x000000000000b55c        0x0 ../Lab2_bsp/\libhal_bsp.a(altera_avalon_jtag_uart_init.o)
 .data          0x000000000000b55c        0x0 ../Lab2_bsp/\libhal_bsp.a(altera_avalon_jtag_uart_ioctl.o)
 .data          0x000000000000b55c        0x0 ../Lab2_bsp/\libhal_bsp.a(altera_avalon_jtag_uart_read.o)
 .data          0x000000000000b55c        0x0 ../Lab2_bsp/\libhal_bsp.a(altera_avalon_jtag_uart_write.o)
 .data          0x000000000000b55c        0x0 ../Lab2_bsp/\libhal_bsp.a(alt_alarm_start.o)
 .data          0x000000000000b55c        0x0 ../Lab2_bsp/\libhal_bsp.a(alt_close.o)
 .data          0x000000000000b55c        0x0 ../Lab2_bsp/\libhal_bsp.a(alt_dcache_flush_all.o)
 .data          0x000000000000b55c      0x1a8 ../Lab2_bsp/\libhal_bsp.a(alt_dev.o)
                0x000000000000b55c                alt_dev_null
                0x000000000000b584                alt_fd_list
 .data          0x000000000000b704        0x0 ../Lab2_bsp/\libhal_bsp.a(alt_dev_llist_insert.o)
 .data          0x000000000000b704        0x0 ../Lab2_bsp/\libhal_bsp.a(alt_do_ctors.o)
 .data          0x000000000000b704        0x0 ../Lab2_bsp/\libhal_bsp.a(alt_do_dtors.o)
 .data          0x000000000000b704        0x0 ../Lab2_bsp/\libhal_bsp.a(alt_errno.o)
 .data          0x000000000000b704        0x0 ../Lab2_bsp/\libhal_bsp.a(alt_icache_flush_all.o)
 .data          0x000000000000b704        0x0 ../Lab2_bsp/\libhal_bsp.a(alt_iic.o)
 .data          0x000000000000b704        0x0 ../Lab2_bsp/\libhal_bsp.a(alt_iic_isr_register.o)
 .data          0x000000000000b704        0x0 ../Lab2_bsp/\libhal_bsp.a(alt_io_redirect.o)
 .data          0x000000000000b704        0x0 ../Lab2_bsp/\libhal_bsp.a(alt_irq_entry.o)
 .data          0x000000000000b704        0x0 ../Lab2_bsp/\libhal_bsp.a(alt_irq_handler.o)
 .data          0x000000000000b704        0x0 ../Lab2_bsp/\libhal_bsp.a(alt_irq_vars.o)
 .data          0x000000000000b704        0x0 ../Lab2_bsp/\libhal_bsp.a(alt_open.o)
 .data          0x000000000000b704        0x0 ../Lab2_bsp/\libhal_bsp.a(alt_release_fd.o)
 .data          0x000000000000b704        0x0 ../Lab2_bsp/\libhal_bsp.a(alt_tick.o)
 .data          0x000000000000b704        0x0 ../Lab2_bsp/\libhal_bsp.a(altera_nios2_gen2_irq.o)
 .data          0x000000000000b704        0x0 ../Lab2_bsp/\libhal_bsp.a(alt_exception_entry.o)
 .data          0x000000000000b704        0x0 ../Lab2_bsp/\libhal_bsp.a(alt_find_dev.o)
 .data          0x000000000000b704        0x0 ../Lab2_bsp/\libhal_bsp.a(alt_find_file.o)
 .data          0x000000000000b704        0x0 ../Lab2_bsp/\libhal_bsp.a(alt_get_fd.o)
 .data          0x000000000000b704        0x0 ../Lab2_bsp/\libhal_bsp.a(alt_instruction_exception_entry.o)
 .data          0x000000000000b704        0x0 c:/intelfpga_lite/18.1/nios2eds/bin/gnu/h-x86_64-mingw32/bin/../lib/gcc/nios2-elf/5.3.0/../../../../../H-x86_64-mingw32/nios2-elf/lib/mno-hw-mul\libc.a(lib_a-atexit.o)
 .data          0x000000000000b704        0x0 c:/intelfpga_lite/18.1/nios2eds/bin/gnu/h-x86_64-mingw32/bin/../lib/gcc/nios2-elf/5.3.0/../../../../../H-x86_64-mingw32/nios2-elf/lib/mno-hw-mul\libc.a(lib_a-exit.o)
 .data          0x000000000000b704        0x0 c:/intelfpga_lite/18.1/nios2eds/bin/gnu/h-x86_64-mingw32/bin/../lib/gcc/nios2-elf/5.3.0/../../../../../H-x86_64-mingw32/nios2-elf/lib/mno-hw-mul\libc.a(lib_a-impure.o)
 .data.impure_data
                0x000000000000b704      0x424 c:/intelfpga_lite/18.1/nios2eds/bin/gnu/h-x86_64-mingw32/bin/../lib/gcc/nios2-elf/5.3.0/../../../../../H-x86_64-mingw32/nios2-elf/lib/mno-hw-mul\libc.a(lib_a-impure.o)
 .data          0x000000000000bb28        0x0 c:/intelfpga_lite/18.1/nios2eds/bin/gnu/h-x86_64-mingw32/bin/../lib/gcc/nios2-elf/5.3.0/../../../../../H-x86_64-mingw32/nios2-elf/lib/mno-hw-mul\libc.a(lib_a-int_errno.o)
 .data          0x000000000000bb28        0x0 c:/intelfpga_lite/18.1/nios2eds/bin/gnu/h-x86_64-mingw32/bin/../lib/gcc/nios2-elf/5.3.0/../../../../../H-x86_64-mingw32/nios2-elf/lib/mno-hw-mul\libc.a(lib_a-memcmp.o)
 .data          0x000000000000bb28        0x0 c:/intelfpga_lite/18.1/nios2eds/bin/gnu/h-x86_64-mingw32/bin/../lib/gcc/nios2-elf/5.3.0/../../../../../H-x86_64-mingw32/nios2-elf/lib/mno-hw-mul\libc.a(lib_a-memcpy.o)
 .data          0x000000000000bb28        0x0 c:/intelfpga_lite/18.1/nios2eds/bin/gnu/h-x86_64-mingw32/bin/../lib/gcc/nios2-elf/5.3.0/../../../../../H-x86_64-mingw32/nios2-elf/lib/mno-hw-mul\libc.a(lib_a-strlen.o)
 .data          0x000000000000bb28        0x0 c:/intelfpga_lite/18.1/nios2eds/bin/gnu/h-x86_64-mingw32/bin/../lib/gcc/nios2-elf/5.3.0/../../../../../H-x86_64-mingw32/nios2-elf/lib/mno-hw-mul\libc.a(lib_a-__atexit.o)
 .data          0x000000000000bb28        0x0 c:/intelfpga_lite/18.1/nios2eds/bin/gnu/h-x86_64-mingw32/bin/../lib/gcc/nios2-elf/5.3.0/../../../../../H-x86_64-mingw32/nios2-elf/lib/mno-hw-mul\libc.a(lib_a-__call_atexit.o)
 .data          0x000000000000bb28        0x0 c:/intelfpga_lite/18.1/nios2eds/bin/gnu/h-x86_64-mingw32/bin/../lib/gcc/nios2-elf/5.3.0/mno-hw-mul\libgcc.a(lib2-mul.o)
 .data          0x000000000000bb28        0x0 ../Lab2_bsp/\libhal_bsp.a(alt_exit.o)
                0x0000000000013b28                _gp = ABSOLUTE ((. + 0x8000))
                [!provide]                        PROVIDE (gp, _gp)
 *(.rwdata .rwdata.*)
 *(.sdata .sdata.* .gnu.linkonce.s.*)
 .sdata         0x000000000000bb28       0x14 ../Lab2_bsp/\libhal_bsp.a(alt_dev.o)
                0x000000000000bb28                alt_fs_list
                0x000000000000bb30                alt_dev_list
                0x000000000000bb38                alt_max_fd
 .sdata         0x000000000000bb3c        0x4 ../Lab2_bsp/\libhal_bsp.a(alt_errno.o)
                0x000000000000bb3c                alt_errno
 .sdata         0x000000000000bb40        0x4 ../Lab2_bsp/\libhal_bsp.a(alt_irq_vars.o)
                0x000000000000bb40                alt_priority_mask
 .sdata         0x000000000000bb44        0x8 ../Lab2_bsp/\libhal_bsp.a(alt_tick.o)
                0x000000000000bb44                alt_alarm_list
 .sdata._global_impure_ptr
                0x000000000000bb4c        0x4 c:/intelfpga_lite/18.1/nios2eds/bin/gnu/h-x86_64-mingw32/bin/../lib/gcc/nios2-elf/5.3.0/../../../../../H-x86_64-mingw32/nios2-elf/lib/mno-hw-mul\libc.a(lib_a-impure.o)
                0x000000000000bb4c                _global_impure_ptr
 .sdata._impure_ptr
                0x000000000000bb50        0x4 c:/intelfpga_lite/18.1/nios2eds/bin/gnu/h-x86_64-mingw32/bin/../lib/gcc/nios2-elf/5.3.0/../../../../../H-x86_64-mingw32/nios2-elf/lib/mno-hw-mul\libc.a(lib_a-impure.o)
                0x000000000000bb50                _impure_ptr
 *(.sdata2 .sdata2.* .gnu.linkonce.s2.*)
                0x000000000000bb54                . = ALIGN (0x4)
                0x000000000000bb54                _edata = ABSOLUTE (.)
                [!provide]                        PROVIDE (edata, ABSOLUTE (.))
                0x000000000000bb54                PROVIDE (__ram_rwdata_end, ABSOLUTE (.))
                0x000000000000bb54                PROVIDE (__flash_rwdata_start, LOADADDR (.rwdata))

.bss            0x000000000000d1ac      0x120
                0x000000000000d1ac                __bss_start = ABSOLUTE (.)
                [!provide]                        PROVIDE (__sbss_start, ABSOLUTE (.))
                [!provide]                        PROVIDE (___sbss_start, ABSOLUTE (.))
 *(.dynsbss)
 *(.sbss .sbss.* .gnu.linkonce.sb.*)
 .sbss          0x000000000000d1ac        0xc ../Lab2_bsp/\libhal_bsp.a(alt_main.o)
                0x000000000000d1ac                alt_argc
                0x000000000000d1b0                alt_argv
                0x000000000000d1b4                alt_envp
 .sbss          0x000000000000d1b8        0x4 ../Lab2_bsp/\libhal_bsp.a(alt_irq_vars.o)
                0x000000000000d1b8                alt_irq_active
 .sbss          0x000000000000d1bc        0x8 ../Lab2_bsp/\libhal_bsp.a(alt_tick.o)
                0x000000000000d1bc                _alt_tick_rate
                0x000000000000d1c0                _alt_nticks
 .sbss          0x000000000000d1c4        0x4 ../Lab2_bsp/\libhal_bsp.a(alt_instruction_exception_entry.o)
                0x000000000000d1c4                alt_instruction_exception_handler
 .sbss          0x000000000000d1c8        0x4 c:/intelfpga_lite/18.1/nios2eds/bin/gnu/h-x86_64-mingw32/bin/../lib/gcc/nios2-elf/5.3.0/../../../../../H-x86_64-mingw32/nios2-elf/lib/mno-hw-mul\libc.a(lib_a-int_errno.o)
                0x000000000000d1c8                errno
 *(.sbss2 .sbss2.* .gnu.linkonce.sb2.*)
 *(.scommon)
                [!provide]                        PROVIDE (__sbss_end, ABSOLUTE (.))
                [!provide]                        PROVIDE (___sbss_end, ABSOLUTE (.))
 *(.dynbss)
 *(.bss .bss.* .gnu.linkonce.b.*)
 .bss           0x000000000000d1cc        0x0 ../Lab2_bsp//obj/HAL/src/crt0.o
 .bss           0x000000000000d1cc        0x0 obj/default/diplay0.o
 .bss           0x000000000000d1cc        0x0 ../Lab2_bsp/\libhal_bsp.a(alt_load.o)
 .bss           0x000000000000d1cc        0x0 ../Lab2_bsp/\libhal_bsp.a(alt_main.o)
 .bss           0x000000000000d1cc        0x0 ../Lab2_bsp/\libhal_bsp.a(alt_sys_init.o)
 .bss           0x000000000000d1cc        0x0 ../Lab2_bsp/\libhal_bsp.a(altera_avalon_jtag_uart_fd.o)
 .bss           0x000000000000d1cc        0x0 ../Lab2_bsp/\libhal_bsp.a(altera_avalon_jtag_uart_init.o)
 .bss           0x000000000000d1cc        0x0 ../Lab2_bsp/\libhal_bsp.a(altera_avalon_jtag_uart_ioctl.o)
 .bss           0x000000000000d1cc        0x0 ../Lab2_bsp/\libhal_bsp.a(altera_avalon_jtag_uart_read.o)
 .bss           0x000000000000d1cc        0x0 ../Lab2_bsp/\libhal_bsp.a(altera_avalon_jtag_uart_write.o)
 .bss           0x000000000000d1cc        0x0 ../Lab2_bsp/\libhal_bsp.a(alt_alarm_start.o)
 .bss           0x000000000000d1cc        0x0 ../Lab2_bsp/\libhal_bsp.a(alt_close.o)
 .bss           0x000000000000d1cc        0x0 ../Lab2_bsp/\libhal_bsp.a(alt_dcache_flush_all.o)
 .bss           0x000000000000d1cc        0x0 ../Lab2_bsp/\libhal_bsp.a(alt_dev.o)
 .bss           0x000000000000d1cc        0x0 ../Lab2_bsp/\libhal_bsp.a(alt_dev_llist_insert.o)
 .bss           0x000000000000d1cc        0x0 ../Lab2_bsp/\libhal_bsp.a(alt_do_ctors.o)
 .bss           0x000000000000d1cc        0x0 ../Lab2_bsp/\libhal_bsp.a(alt_do_dtors.o)
 .bss           0x000000000000d1cc        0x0 ../Lab2_bsp/\libhal_bsp.a(alt_errno.o)
 .bss           0x000000000000d1cc        0x0 ../Lab2_bsp/\libhal_bsp.a(alt_icache_flush_all.o)
 .bss           0x000000000000d1cc        0x0 ../Lab2_bsp/\libhal_bsp.a(alt_iic.o)
 .bss           0x000000000000d1cc        0x0 ../Lab2_bsp/\libhal_bsp.a(alt_iic_isr_register.o)
 .bss           0x000000000000d1cc        0x0 ../Lab2_bsp/\libhal_bsp.a(alt_io_redirect.o)
 .bss           0x000000000000d1cc        0x0 ../Lab2_bsp/\libhal_bsp.a(alt_irq_entry.o)
 .bss           0x000000000000d1cc        0x0 ../Lab2_bsp/\libhal_bsp.a(alt_irq_handler.o)
 .bss           0x000000000000d1cc        0x0 ../Lab2_bsp/\libhal_bsp.a(alt_irq_vars.o)
 .bss           0x000000000000d1cc        0x0 ../Lab2_bsp/\libhal_bsp.a(alt_open.o)
 .bss           0x000000000000d1cc        0x0 ../Lab2_bsp/\libhal_bsp.a(alt_release_fd.o)
 .bss           0x000000000000d1cc        0x0 ../Lab2_bsp/\libhal_bsp.a(alt_tick.o)
 .bss           0x000000000000d1cc        0x0 ../Lab2_bsp/\libhal_bsp.a(altera_nios2_gen2_irq.o)
 .bss           0x000000000000d1cc        0x0 ../Lab2_bsp/\libhal_bsp.a(alt_exception_entry.o)
 .bss           0x000000000000d1cc        0x0 ../Lab2_bsp/\libhal_bsp.a(alt_find_dev.o)
 .bss           0x000000000000d1cc        0x0 ../Lab2_bsp/\libhal_bsp.a(alt_find_file.o)
 .bss           0x000000000000d1cc        0x0 ../Lab2_bsp/\libhal_bsp.a(alt_get_fd.o)
 .bss           0x000000000000d1cc        0x0 ../Lab2_bsp/\libhal_bsp.a(alt_instruction_exception_entry.o)
 .bss           0x000000000000d1cc        0x0 c:/intelfpga_lite/18.1/nios2eds/bin/gnu/h-x86_64-mingw32/bin/../lib/gcc/nios2-elf/5.3.0/../../../../../H-x86_64-mingw32/nios2-elf/lib/mno-hw-mul\libc.a(lib_a-atexit.o)
 .bss           0x000000000000d1cc        0x0 c:/intelfpga_lite/18.1/nios2eds/bin/gnu/h-x86_64-mingw32/bin/../lib/gcc/nios2-elf/5.3.0/../../../../../H-x86_64-mingw32/nios2-elf/lib/mno-hw-mul\libc.a(lib_a-exit.o)
 .bss           0x000000000000d1cc        0x0 c:/intelfpga_lite/18.1/nios2eds/bin/gnu/h-x86_64-mingw32/bin/../lib/gcc/nios2-elf/5.3.0/../../../../../H-x86_64-mingw32/nios2-elf/lib/mno-hw-mul\libc.a(lib_a-impure.o)
 .bss           0x000000000000d1cc        0x0 c:/intelfpga_lite/18.1/nios2eds/bin/gnu/h-x86_64-mingw32/bin/../lib/gcc/nios2-elf/5.3.0/../../../../../H-x86_64-mingw32/nios2-elf/lib/mno-hw-mul\libc.a(lib_a-int_errno.o)
 .bss           0x000000000000d1cc        0x0 c:/intelfpga_lite/18.1/nios2eds/bin/gnu/h-x86_64-mingw32/bin/../lib/gcc/nios2-elf/5.3.0/../../../../../H-x86_64-mingw32/nios2-elf/lib/mno-hw-mul\libc.a(lib_a-memcmp.o)
 .bss           0x000000000000d1cc        0x0 c:/intelfpga_lite/18.1/nios2eds/bin/gnu/h-x86_64-mingw32/bin/../lib/gcc/nios2-elf/5.3.0/../../../../../H-x86_64-mingw32/nios2-elf/lib/mno-hw-mul\libc.a(lib_a-memcpy.o)
 .bss           0x000000000000d1cc        0x0 c:/intelfpga_lite/18.1/nios2eds/bin/gnu/h-x86_64-mingw32/bin/../lib/gcc/nios2-elf/5.3.0/../../../../../H-x86_64-mingw32/nios2-elf/lib/mno-hw-mul\libc.a(lib_a-strlen.o)
 .bss           0x000000000000d1cc        0x0 c:/intelfpga_lite/18.1/nios2eds/bin/gnu/h-x86_64-mingw32/bin/../lib/gcc/nios2-elf/5.3.0/../../../../../H-x86_64-mingw32/nios2-elf/lib/mno-hw-mul\libc.a(lib_a-__atexit.o)
 .bss           0x000000000000d1cc        0x0 c:/intelfpga_lite/18.1/nios2eds/bin/gnu/h-x86_64-mingw32/bin/../lib/gcc/nios2-elf/5.3.0/../../../../../H-x86_64-mingw32/nios2-elf/lib/mno-hw-mul\libc.a(lib_a-__call_atexit.o)
 .bss           0x000000000000d1cc        0x0 c:/intelfpga_lite/18.1/nios2eds/bin/gnu/h-x86_64-mingw32/bin/../lib/gcc/nios2-elf/5.3.0/mno-hw-mul\libgcc.a(lib2-mul.o)
 .bss           0x000000000000d1cc        0x0 ../Lab2_bsp/\libhal_bsp.a(alt_exit.o)
 *(COMMON)
 COMMON         0x000000000000d1cc      0x100 ../Lab2_bsp/\libhal_bsp.a(alt_irq_handler.o)
                0x000000000000d1cc                alt_irq
                0x000000000000d2cc                . = ALIGN (0x4)
                0x000000000000d2cc                __bss_end = ABSOLUTE (.)

.onchip_memory2_0
                0x000000000000d2cc        0x0
                [!provide]                        PROVIDE (_alt_partition_onchip_memory2_0_start, ABSOLUTE (.))
 *(.onchip_memory2_0 .onchip_memory2_0. onchip_memory2_0.*)
                0x000000000000d2cc                . = ALIGN (0x4)
                [!provide]                        PROVIDE (_alt_partition_onchip_memory2_0_end, ABSOLUTE (.))
                0x000000000000d2cc                _end = ABSOLUTE (.)
                0x000000000000d2cc                end = ABSOLUTE (.)
                0x000000000000d2cc                __alt_stack_base = ABSOLUTE (.)
                [!provide]                        PROVIDE (_alt_partition_onchip_memory2_0_load_addr, LOADADDR (.onchip_memory2_0))

.stab
 *(.stab)

.stabstr
 *(.stabstr)

.stab.excl
 *(.stab.excl)

.stab.exclstr
 *(.stab.exclstr)

.stab.index
 *(.stab.index)

.stab.indexstr
 *(.stab.indexstr)

.comment        0x0000000000000000       0x23
 *(.comment)
 .comment       0x0000000000000000       0x23 ../Lab2_bsp/\libhal_bsp.a(alt_load.o)
                                         0x24 (size before relaxing)
 .comment       0x0000000000000023       0x24 ../Lab2_bsp/\libhal_bsp.a(alt_main.o)
 .comment       0x0000000000000023       0x24 ../Lab2_bsp/\libhal_bsp.a(alt_sys_init.o)
 .comment       0x0000000000000023       0x24 ../Lab2_bsp/\libhal_bsp.a(altera_avalon_jtag_uart_fd.o)
 .comment       0x0000000000000023       0x24 ../Lab2_bsp/\libhal_bsp.a(altera_avalon_jtag_uart_init.o)
 .comment       0x0000000000000023       0x24 ../Lab2_bsp/\libhal_bsp.a(altera_avalon_jtag_uart_ioctl.o)
 .comment       0x0000000000000023       0x24 ../Lab2_bsp/\libhal_bsp.a(altera_avalon_jtag_uart_read.o)
 .comment       0x0000000000000023       0x24 ../Lab2_bsp/\libhal_bsp.a(altera_avalon_jtag_uart_write.o)
 .comment       0x0000000000000023       0x24 ../Lab2_bsp/\libhal_bsp.a(alt_alarm_start.o)
 .comment       0x0000000000000023       0x24 ../Lab2_bsp/\libhal_bsp.a(alt_close.o)
 .comment       0x0000000000000023       0x24 ../Lab2_bsp/\libhal_bsp.a(alt_dcache_flush_all.o)
 .comment       0x0000000000000023       0x24 ../Lab2_bsp/\libhal_bsp.a(alt_dev.o)
 .comment       0x0000000000000023       0x24 ../Lab2_bsp/\libhal_bsp.a(alt_dev_llist_insert.o)
 .comment       0x0000000000000023       0x24 ../Lab2_bsp/\libhal_bsp.a(alt_do_ctors.o)
 .comment       0x0000000000000023       0x24 ../Lab2_bsp/\libhal_bsp.a(alt_do_dtors.o)
 .comment       0x0000000000000023       0x24 ../Lab2_bsp/\libhal_bsp.a(alt_errno.o)
 .comment       0x0000000000000023       0x24 ../Lab2_bsp/\libhal_bsp.a(alt_icache_flush_all.o)
 .comment       0x0000000000000023       0x24 ../Lab2_bsp/\libhal_bsp.a(alt_iic.o)
 .comment       0x0000000000000023       0x24 ../Lab2_bsp/\libhal_bsp.a(alt_iic_isr_register.o)
 .comment       0x0000000000000023       0x24 ../Lab2_bsp/\libhal_bsp.a(alt_io_redirect.o)
 .comment       0x0000000000000023       0x24 ../Lab2_bsp/\libhal_bsp.a(alt_irq_handler.o)
 .comment       0x0000000000000023       0x24 ../Lab2_bsp/\libhal_bsp.a(alt_irq_vars.o)
 .comment       0x0000000000000023       0x24 ../Lab2_bsp/\libhal_bsp.a(alt_open.o)
 .comment       0x0000000000000023       0x24 ../Lab2_bsp/\libhal_bsp.a(alt_release_fd.o)
 .comment       0x0000000000000023       0x24 ../Lab2_bsp/\libhal_bsp.a(alt_tick.o)
 .comment       0x0000000000000023       0x24 ../Lab2_bsp/\libhal_bsp.a(altera_nios2_gen2_irq.o)
 .comment       0x0000000000000023       0x24 ../Lab2_bsp/\libhal_bsp.a(alt_find_dev.o)
 .comment       0x0000000000000023       0x24 ../Lab2_bsp/\libhal_bsp.a(alt_find_file.o)
 .comment       0x0000000000000023       0x24 ../Lab2_bsp/\libhal_bsp.a(alt_get_fd.o)
 .comment       0x0000000000000023       0x24 ../Lab2_bsp/\libhal_bsp.a(alt_instruction_exception_entry.o)
 .comment       0x0000000000000023       0x24 c:/intelfpga_lite/18.1/nios2eds/bin/gnu/h-x86_64-mingw32/bin/../lib/gcc/nios2-elf/5.3.0/../../../../../H-x86_64-mingw32/nios2-elf/lib/mno-hw-mul\libc.a(lib_a-atexit.o)
 .comment       0x0000000000000023       0x24 c:/intelfpga_lite/18.1/nios2eds/bin/gnu/h-x86_64-mingw32/bin/../lib/gcc/nios2-elf/5.3.0/../../../../../H-x86_64-mingw32/nios2-elf/lib/mno-hw-mul\libc.a(lib_a-exit.o)
 .comment       0x0000000000000023       0x24 c:/intelfpga_lite/18.1/nios2eds/bin/gnu/h-x86_64-mingw32/bin/../lib/gcc/nios2-elf/5.3.0/../../../../../H-x86_64-mingw32/nios2-elf/lib/mno-hw-mul\libc.a(lib_a-impure.o)
 .comment       0x0000000000000023       0x24 c:/intelfpga_lite/18.1/nios2eds/bin/gnu/h-x86_64-mingw32/bin/../lib/gcc/nios2-elf/5.3.0/../../../../../H-x86_64-mingw32/nios2-elf/lib/mno-hw-mul\libc.a(lib_a-int_errno.o)
 .comment       0x0000000000000023       0x24 c:/intelfpga_lite/18.1/nios2eds/bin/gnu/h-x86_64-mingw32/bin/../lib/gcc/nios2-elf/5.3.0/../../../../../H-x86_64-mingw32/nios2-elf/lib/mno-hw-mul\libc.a(lib_a-memcmp.o)
 .comment       0x0000000000000023       0x24 c:/intelfpga_lite/18.1/nios2eds/bin/gnu/h-x86_64-mingw32/bin/../lib/gcc/nios2-elf/5.3.0/../../../../../H-x86_64-mingw32/nios2-elf/lib/mno-hw-mul\libc.a(lib_a-memcpy.o)
 .comment       0x0000000000000023       0x24 c:/intelfpga_lite/18.1/nios2eds/bin/gnu/h-x86_64-mingw32/bin/../lib/gcc/nios2-elf/5.3.0/../../../../../H-x86_64-mingw32/nios2-elf/lib/mno-hw-mul\libc.a(lib_a-strlen.o)
 .comment       0x0000000000000023       0x24 c:/intelfpga_lite/18.1/nios2eds/bin/gnu/h-x86_64-mingw32/bin/../lib/gcc/nios2-elf/5.3.0/../../../../../H-x86_64-mingw32/nios2-elf/lib/mno-hw-mul\libc.a(lib_a-__atexit.o)
 .comment       0x0000000000000023       0x24 c:/intelfpga_lite/18.1/nios2eds/bin/gnu/h-x86_64-mingw32/bin/../lib/gcc/nios2-elf/5.3.0/../../../../../H-x86_64-mingw32/nios2-elf/lib/mno-hw-mul\libc.a(lib_a-__call_atexit.o)
 .comment       0x0000000000000023       0x24 c:/intelfpga_lite/18.1/nios2eds/bin/gnu/h-x86_64-mingw32/bin/../lib/gcc/nios2-elf/5.3.0/mno-hw-mul\libgcc.a(lib2-mul.o)
 .comment       0x0000000000000023       0x24 ../Lab2_bsp/\libhal_bsp.a(alt_exit.o)

.debug
 *(.debug)

.line
 *(.line)

.debug_srcinfo
 *(.debug_srcinfo)

.debug_sfnames
 *(.debug_sfnames)

.debug_aranges  0x0000000000000000      0x5b8
 *(.debug_aranges)
 .debug_aranges
                0x0000000000000000       0x28 ../Lab2_bsp//obj/HAL/src/crt0.o
 .debug_aranges
                0x0000000000000028       0x20 obj/default/diplay0.o
 .debug_aranges
                0x0000000000000048       0x20 ../Lab2_bsp/\libhal_bsp.a(alt_load.o)
 .debug_aranges
                0x0000000000000068       0x20 ../Lab2_bsp/\libhal_bsp.a(alt_main.o)
 .debug_aranges
                0x0000000000000088       0x20 ../Lab2_bsp/\libhal_bsp.a(alt_sys_init.o)
 .debug_aranges
                0x00000000000000a8       0x20 ../Lab2_bsp/\libhal_bsp.a(altera_avalon_jtag_uart_fd.o)
 .debug_aranges
                0x00000000000000c8       0x20 ../Lab2_bsp/\libhal_bsp.a(altera_avalon_jtag_uart_init.o)
 .debug_aranges
                0x00000000000000e8       0x20 ../Lab2_bsp/\libhal_bsp.a(altera_avalon_jtag_uart_ioctl.o)
 .debug_aranges
                0x0000000000000108       0x20 ../Lab2_bsp/\libhal_bsp.a(altera_avalon_jtag_uart_read.o)
 .debug_aranges
                0x0000000000000128       0x20 ../Lab2_bsp/\libhal_bsp.a(altera_avalon_jtag_uart_write.o)
 .debug_aranges
                0x0000000000000148       0x20 ../Lab2_bsp/\libhal_bsp.a(alt_alarm_start.o)
 .debug_aranges
                0x0000000000000168       0x20 ../Lab2_bsp/\libhal_bsp.a(alt_close.o)
 .debug_aranges
                0x0000000000000188       0x20 ../Lab2_bsp/\libhal_bsp.a(alt_dcache_flush_all.o)
 .debug_aranges
                0x00000000000001a8       0x20 ../Lab2_bsp/\libhal_bsp.a(alt_dev.o)
 .debug_aranges
                0x00000000000001c8       0x20 ../Lab2_bsp/\libhal_bsp.a(alt_dev_llist_insert.o)
 .debug_aranges
                0x00000000000001e8       0x20 ../Lab2_bsp/\libhal_bsp.a(alt_do_ctors.o)
 .debug_aranges
                0x0000000000000208       0x20 ../Lab2_bsp/\libhal_bsp.a(alt_do_dtors.o)
 .debug_aranges
                0x0000000000000228       0x18 ../Lab2_bsp/\libhal_bsp.a(alt_errno.o)
 .debug_aranges
                0x0000000000000240       0x20 ../Lab2_bsp/\libhal_bsp.a(alt_icache_flush_all.o)
 .debug_aranges
                0x0000000000000260       0x20 ../Lab2_bsp/\libhal_bsp.a(alt_iic.o)
 .debug_aranges
                0x0000000000000280       0x20 ../Lab2_bsp/\libhal_bsp.a(alt_iic_isr_register.o)
 .debug_aranges
                0x00000000000002a0       0x20 ../Lab2_bsp/\libhal_bsp.a(alt_io_redirect.o)
 .debug_aranges
                0x00000000000002c0       0x30 ../Lab2_bsp/\libhal_bsp.a(alt_irq_entry.o)
 .debug_aranges
                0x00000000000002f0       0x20 ../Lab2_bsp/\libhal_bsp.a(alt_irq_handler.o)
 .debug_aranges
                0x0000000000000310       0x18 ../Lab2_bsp/\libhal_bsp.a(alt_irq_vars.o)
 .debug_aranges
                0x0000000000000328       0x20 ../Lab2_bsp/\libhal_bsp.a(alt_open.o)
 .debug_aranges
                0x0000000000000348       0x20 ../Lab2_bsp/\libhal_bsp.a(alt_release_fd.o)
 .debug_aranges
                0x0000000000000368       0x20 ../Lab2_bsp/\libhal_bsp.a(alt_tick.o)
 .debug_aranges
                0x0000000000000388       0x20 ../Lab2_bsp/\libhal_bsp.a(altera_nios2_gen2_irq.o)
 .debug_aranges
                0x00000000000003a8       0x38 ../Lab2_bsp/\libhal_bsp.a(alt_exception_entry.o)
 .debug_aranges
                0x00000000000003e0       0x20 ../Lab2_bsp/\libhal_bsp.a(alt_find_dev.o)
 .debug_aranges
                0x0000000000000400       0x20 ../Lab2_bsp/\libhal_bsp.a(alt_find_file.o)
 .debug_aranges
                0x0000000000000420       0x20 ../Lab2_bsp/\libhal_bsp.a(alt_get_fd.o)
 .debug_aranges
                0x0000000000000440       0x28 ../Lab2_bsp/\libhal_bsp.a(alt_instruction_exception_entry.o)
 .debug_aranges
                0x0000000000000468       0x20 c:/intelfpga_lite/18.1/nios2eds/bin/gnu/h-x86_64-mingw32/bin/../lib/gcc/nios2-elf/5.3.0/../../../../../H-x86_64-mingw32/nios2-elf/lib/mno-hw-mul\libc.a(lib_a-atexit.o)
 .debug_aranges
                0x0000000000000488       0x20 c:/intelfpga_lite/18.1/nios2eds/bin/gnu/h-x86_64-mingw32/bin/../lib/gcc/nios2-elf/5.3.0/../../../../../H-x86_64-mingw32/nios2-elf/lib/mno-hw-mul\libc.a(lib_a-exit.o)
 .debug_aranges
                0x00000000000004a8       0x18 c:/intelfpga_lite/18.1/nios2eds/bin/gnu/h-x86_64-mingw32/bin/../lib/gcc/nios2-elf/5.3.0/../../../../../H-x86_64-mingw32/nios2-elf/lib/mno-hw-mul\libc.a(lib_a-impure.o)
 .debug_aranges
                0x00000000000004c0       0x18 c:/intelfpga_lite/18.1/nios2eds/bin/gnu/h-x86_64-mingw32/bin/../lib/gcc/nios2-elf/5.3.0/../../../../../H-x86_64-mingw32/nios2-elf/lib/mno-hw-mul\libc.a(lib_a-int_errno.o)
 .debug_aranges
                0x00000000000004d8       0x20 c:/intelfpga_lite/18.1/nios2eds/bin/gnu/h-x86_64-mingw32/bin/../lib/gcc/nios2-elf/5.3.0/../../../../../H-x86_64-mingw32/nios2-elf/lib/mno-hw-mul\libc.a(lib_a-memcmp.o)
 .debug_aranges
                0x00000000000004f8       0x20 c:/intelfpga_lite/18.1/nios2eds/bin/gnu/h-x86_64-mingw32/bin/../lib/gcc/nios2-elf/5.3.0/../../../../../H-x86_64-mingw32/nios2-elf/lib/mno-hw-mul\libc.a(lib_a-memcpy.o)
 .debug_aranges
                0x0000000000000518       0x20 c:/intelfpga_lite/18.1/nios2eds/bin/gnu/h-x86_64-mingw32/bin/../lib/gcc/nios2-elf/5.3.0/../../../../../H-x86_64-mingw32/nios2-elf/lib/mno-hw-mul\libc.a(lib_a-strlen.o)
 .debug_aranges
                0x0000000000000538       0x20 c:/intelfpga_lite/18.1/nios2eds/bin/gnu/h-x86_64-mingw32/bin/../lib/gcc/nios2-elf/5.3.0/../../../../../H-x86_64-mingw32/nios2-elf/lib/mno-hw-mul\libc.a(lib_a-__atexit.o)
 .debug_aranges
                0x0000000000000558       0x20 c:/intelfpga_lite/18.1/nios2eds/bin/gnu/h-x86_64-mingw32/bin/../lib/gcc/nios2-elf/5.3.0/../../../../../H-x86_64-mingw32/nios2-elf/lib/mno-hw-mul\libc.a(lib_a-__call_atexit.o)
 .debug_aranges
                0x0000000000000578       0x20 c:/intelfpga_lite/18.1/nios2eds/bin/gnu/h-x86_64-mingw32/bin/../lib/gcc/nios2-elf/5.3.0/mno-hw-mul\libgcc.a(lib2-mul.o)
 .debug_aranges
                0x0000000000000598       0x20 ../Lab2_bsp/\libhal_bsp.a(alt_exit.o)

.debug_pubnames
 *(.debug_pubnames)

.debug_info     0x0000000000000000     0x7492
 *(.debug_info .gnu.linkonce.wi.*)
 .debug_info    0x0000000000000000       0x67 ../Lab2_bsp//obj/HAL/src/crt0.o
 .debug_info    0x0000000000000067       0x62 obj/default/diplay0.o
 .debug_info    0x00000000000000c9      0x145 ../Lab2_bsp/\libhal_bsp.a(alt_load.o)
 .debug_info    0x000000000000020e      0x131 ../Lab2_bsp/\libhal_bsp.a(alt_main.o)
 .debug_info    0x000000000000033f      0x4c3 ../Lab2_bsp/\libhal_bsp.a(alt_sys_init.o)
 .debug_info    0x0000000000000802      0x52e ../Lab2_bsp/\libhal_bsp.a(altera_avalon_jtag_uart_fd.o)
 .debug_info    0x0000000000000d30      0x3a0 ../Lab2_bsp/\libhal_bsp.a(altera_avalon_jtag_uart_init.o)
 .debug_info    0x00000000000010d0      0x280 ../Lab2_bsp/\libhal_bsp.a(altera_avalon_jtag_uart_ioctl.o)
 .debug_info    0x0000000000001350      0x345 ../Lab2_bsp/\libhal_bsp.a(altera_avalon_jtag_uart_read.o)
 .debug_info    0x0000000000001695      0x340 ../Lab2_bsp/\libhal_bsp.a(altera_avalon_jtag_uart_write.o)
 .debug_info    0x00000000000019d5      0x2cc ../Lab2_bsp/\libhal_bsp.a(alt_alarm_start.o)
 .debug_info    0x0000000000001ca1      0x321 ../Lab2_bsp/\libhal_bsp.a(alt_close.o)
 .debug_info    0x0000000000001fc2       0x92 ../Lab2_bsp/\libhal_bsp.a(alt_dcache_flush_all.o)
 .debug_info    0x0000000000002054      0x49c ../Lab2_bsp/\libhal_bsp.a(alt_dev.o)
 .debug_info    0x00000000000024f0      0x1a9 ../Lab2_bsp/\libhal_bsp.a(alt_dev_llist_insert.o)
 .debug_info    0x0000000000002699       0x83 ../Lab2_bsp/\libhal_bsp.a(alt_do_ctors.o)
 .debug_info    0x000000000000271c       0x83 ../Lab2_bsp/\libhal_bsp.a(alt_do_dtors.o)
 .debug_info    0x000000000000279f       0xa6 ../Lab2_bsp/\libhal_bsp.a(alt_errno.o)
 .debug_info    0x0000000000002845       0x92 ../Lab2_bsp/\libhal_bsp.a(alt_icache_flush_all.o)
 .debug_info    0x00000000000028d7      0x350 ../Lab2_bsp/\libhal_bsp.a(alt_iic.o)
 .debug_info    0x0000000000002c27      0x1ef ../Lab2_bsp/\libhal_bsp.a(alt_iic_isr_register.o)
 .debug_info    0x0000000000002e16      0x4a5 ../Lab2_bsp/\libhal_bsp.a(alt_io_redirect.o)
 .debug_info    0x00000000000032bb       0x70 ../Lab2_bsp/\libhal_bsp.a(alt_irq_entry.o)
 .debug_info    0x000000000000332b      0x187 ../Lab2_bsp/\libhal_bsp.a(alt_irq_handler.o)
 .debug_info    0x00000000000034b2       0x88 ../Lab2_bsp/\libhal_bsp.a(alt_irq_vars.o)
 .debug_info    0x000000000000353a      0x3bb ../Lab2_bsp/\libhal_bsp.a(alt_open.o)
 .debug_info    0x00000000000038f5      0x2b0 ../Lab2_bsp/\libhal_bsp.a(alt_release_fd.o)
 .debug_info    0x0000000000003ba5      0x299 ../Lab2_bsp/\libhal_bsp.a(alt_tick.o)
 .debug_info    0x0000000000003e3e       0x92 ../Lab2_bsp/\libhal_bsp.a(altera_nios2_gen2_irq.o)
 .debug_info    0x0000000000003ed0       0x76 ../Lab2_bsp/\libhal_bsp.a(alt_exception_entry.o)
 .debug_info    0x0000000000003f46      0x2e9 ../Lab2_bsp/\libhal_bsp.a(alt_find_dev.o)
 .debug_info    0x000000000000422f      0x2e6 ../Lab2_bsp/\libhal_bsp.a(alt_find_file.o)
 .debug_info    0x0000000000004515      0x310 ../Lab2_bsp/\libhal_bsp.a(alt_get_fd.o)
 .debug_info    0x0000000000004825      0x1e7 ../Lab2_bsp/\libhal_bsp.a(alt_instruction_exception_entry.o)
 .debug_info    0x0000000000004a0c       0xfe c:/intelfpga_lite/18.1/nios2eds/bin/gnu/h-x86_64-mingw32/bin/../lib/gcc/nios2-elf/5.3.0/../../../../../H-x86_64-mingw32/nios2-elf/lib/mno-hw-mul\libc.a(lib_a-atexit.o)
 .debug_info    0x0000000000004b0a      0x8e4 c:/intelfpga_lite/18.1/nios2eds/bin/gnu/h-x86_64-mingw32/bin/../lib/gcc/nios2-elf/5.3.0/../../../../../H-x86_64-mingw32/nios2-elf/lib/mno-hw-mul\libc.a(lib_a-exit.o)
 .debug_info    0x00000000000053ee      0x8a1 c:/intelfpga_lite/18.1/nios2eds/bin/gnu/h-x86_64-mingw32/bin/../lib/gcc/nios2-elf/5.3.0/../../../../../H-x86_64-mingw32/nios2-elf/lib/mno-hw-mul\libc.a(lib_a-impure.o)
 .debug_info    0x0000000000005c8f       0x8a c:/intelfpga_lite/18.1/nios2eds/bin/gnu/h-x86_64-mingw32/bin/../lib/gcc/nios2-elf/5.3.0/../../../../../H-x86_64-mingw32/nios2-elf/lib/mno-hw-mul\libc.a(lib_a-int_errno.o)
 .debug_info    0x0000000000005d19      0x11a c:/intelfpga_lite/18.1/nios2eds/bin/gnu/h-x86_64-mingw32/bin/../lib/gcc/nios2-elf/5.3.0/../../../../../H-x86_64-mingw32/nios2-elf/lib/mno-hw-mul\libc.a(lib_a-memcmp.o)
 .debug_info    0x0000000000005e33      0x144 c:/intelfpga_lite/18.1/nios2eds/bin/gnu/h-x86_64-mingw32/bin/../lib/gcc/nios2-elf/5.3.0/../../../../../H-x86_64-mingw32/nios2-elf/lib/mno-hw-mul\libc.a(lib_a-memcpy.o)
 .debug_info    0x0000000000005f77       0xe2 c:/intelfpga_lite/18.1/nios2eds/bin/gnu/h-x86_64-mingw32/bin/../lib/gcc/nios2-elf/5.3.0/../../../../../H-x86_64-mingw32/nios2-elf/lib/mno-hw-mul\libc.a(lib_a-strlen.o)
 .debug_info    0x0000000000006059      0x934 c:/intelfpga_lite/18.1/nios2eds/bin/gnu/h-x86_64-mingw32/bin/../lib/gcc/nios2-elf/5.3.0/../../../../../H-x86_64-mingw32/nios2-elf/lib/mno-hw-mul\libc.a(lib_a-__atexit.o)
 .debug_info    0x000000000000698d      0x965 c:/intelfpga_lite/18.1/nios2eds/bin/gnu/h-x86_64-mingw32/bin/../lib/gcc/nios2-elf/5.3.0/../../../../../H-x86_64-mingw32/nios2-elf/lib/mno-hw-mul\libc.a(lib_a-__call_atexit.o)
 .debug_info    0x00000000000072f2       0xb4 c:/intelfpga_lite/18.1/nios2eds/bin/gnu/h-x86_64-mingw32/bin/../lib/gcc/nios2-elf/5.3.0/mno-hw-mul\libgcc.a(lib2-mul.o)
 .debug_info    0x00000000000073a6       0xec ../Lab2_bsp/\libhal_bsp.a(alt_exit.o)

.debug_abbrev   0x0000000000000000     0x28c8
 *(.debug_abbrev)
 .debug_abbrev  0x0000000000000000       0x12 ../Lab2_bsp//obj/HAL/src/crt0.o
 .debug_abbrev  0x0000000000000012       0x14 obj/default/diplay0.o
 .debug_abbrev  0x0000000000000026       0x9f ../Lab2_bsp/\libhal_bsp.a(alt_load.o)
 .debug_abbrev  0x00000000000000c5       0xba ../Lab2_bsp/\libhal_bsp.a(alt_main.o)
 .debug_abbrev  0x000000000000017f      0x187 ../Lab2_bsp/\libhal_bsp.a(alt_sys_init.o)
 .debug_abbrev  0x0000000000000306      0x127 ../Lab2_bsp/\libhal_bsp.a(altera_avalon_jtag_uart_fd.o)
 .debug_abbrev  0x000000000000042d      0x19e ../Lab2_bsp/\libhal_bsp.a(altera_avalon_jtag_uart_init.o)
 .debug_abbrev  0x00000000000005cb      0x111 ../Lab2_bsp/\libhal_bsp.a(altera_avalon_jtag_uart_ioctl.o)
 .debug_abbrev  0x00000000000006dc      0x1aa ../Lab2_bsp/\libhal_bsp.a(altera_avalon_jtag_uart_read.o)
 .debug_abbrev  0x0000000000000886      0x1a8 ../Lab2_bsp/\libhal_bsp.a(altera_avalon_jtag_uart_write.o)
 .debug_abbrev  0x0000000000000a2e      0x162 ../Lab2_bsp/\libhal_bsp.a(alt_alarm_start.o)
 .debug_abbrev  0x0000000000000b90      0x11f ../Lab2_bsp/\libhal_bsp.a(alt_close.o)
 .debug_abbrev  0x0000000000000caf       0x42 ../Lab2_bsp/\libhal_bsp.a(alt_dcache_flush_all.o)
 .debug_abbrev  0x0000000000000cf1       0xd9 ../Lab2_bsp/\libhal_bsp.a(alt_dev.o)
 .debug_abbrev  0x0000000000000dca      0x114 ../Lab2_bsp/\libhal_bsp.a(alt_dev_llist_insert.o)
 .debug_abbrev  0x0000000000000ede       0x79 ../Lab2_bsp/\libhal_bsp.a(alt_do_ctors.o)
 .debug_abbrev  0x0000000000000f57       0x79 ../Lab2_bsp/\libhal_bsp.a(alt_do_dtors.o)
 .debug_abbrev  0x0000000000000fd0       0x5a ../Lab2_bsp/\libhal_bsp.a(alt_errno.o)
 .debug_abbrev  0x000000000000102a       0x42 ../Lab2_bsp/\libhal_bsp.a(alt_icache_flush_all.o)
 .debug_abbrev  0x000000000000106c      0x163 ../Lab2_bsp/\libhal_bsp.a(alt_iic.o)
 .debug_abbrev  0x00000000000011cf      0x169 ../Lab2_bsp/\libhal_bsp.a(alt_iic_isr_register.o)
 .debug_abbrev  0x0000000000001338      0x114 ../Lab2_bsp/\libhal_bsp.a(alt_io_redirect.o)
 .debug_abbrev  0x000000000000144c       0x12 ../Lab2_bsp/\libhal_bsp.a(alt_irq_entry.o)
 .debug_abbrev  0x000000000000145e      0x122 ../Lab2_bsp/\libhal_bsp.a(alt_irq_handler.o)
 .debug_abbrev  0x0000000000001580       0x40 ../Lab2_bsp/\libhal_bsp.a(alt_irq_vars.o)
 .debug_abbrev  0x00000000000015c0      0x148 ../Lab2_bsp/\libhal_bsp.a(alt_open.o)
 .debug_abbrev  0x0000000000001708       0xde ../Lab2_bsp/\libhal_bsp.a(alt_release_fd.o)
 .debug_abbrev  0x00000000000017e6      0x15a ../Lab2_bsp/\libhal_bsp.a(alt_tick.o)
 .debug_abbrev  0x0000000000001940       0x42 ../Lab2_bsp/\libhal_bsp.a(altera_nios2_gen2_irq.o)
 .debug_abbrev  0x0000000000001982       0x12 ../Lab2_bsp/\libhal_bsp.a(alt_exception_entry.o)
 .debug_abbrev  0x0000000000001994       0xf0 ../Lab2_bsp/\libhal_bsp.a(alt_find_dev.o)
 .debug_abbrev  0x0000000000001a84       0xf0 ../Lab2_bsp/\libhal_bsp.a(alt_find_file.o)
 .debug_abbrev  0x0000000000001b74      0x10d ../Lab2_bsp/\libhal_bsp.a(alt_get_fd.o)
 .debug_abbrev  0x0000000000001c81       0xdc ../Lab2_bsp/\libhal_bsp.a(alt_instruction_exception_entry.o)
 .debug_abbrev  0x0000000000001d5d       0xaa c:/intelfpga_lite/18.1/nios2eds/bin/gnu/h-x86_64-mingw32/bin/../lib/gcc/nios2-elf/5.3.0/../../../../../H-x86_64-mingw32/nios2-elf/lib/mno-hw-mul\libc.a(lib_a-atexit.o)
 .debug_abbrev  0x0000000000001e07      0x1e5 c:/intelfpga_lite/18.1/nios2eds/bin/gnu/h-x86_64-mingw32/bin/../lib/gcc/nios2-elf/5.3.0/../../../../../H-x86_64-mingw32/nios2-elf/lib/mno-hw-mul\libc.a(lib_a-exit.o)
 .debug_abbrev  0x0000000000001fec      0x18f c:/intelfpga_lite/18.1/nios2eds/bin/gnu/h-x86_64-mingw32/bin/../lib/gcc/nios2-elf/5.3.0/../../../../../H-x86_64-mingw32/nios2-elf/lib/mno-hw-mul\libc.a(lib_a-impure.o)
 .debug_abbrev  0x000000000000217b       0x37 c:/intelfpga_lite/18.1/nios2eds/bin/gnu/h-x86_64-mingw32/bin/../lib/gcc/nios2-elf/5.3.0/../../../../../H-x86_64-mingw32/nios2-elf/lib/mno-hw-mul\libc.a(lib_a-int_errno.o)
 .debug_abbrev  0x00000000000021b2       0x7f c:/intelfpga_lite/18.1/nios2eds/bin/gnu/h-x86_64-mingw32/bin/../lib/gcc/nios2-elf/5.3.0/../../../../../H-x86_64-mingw32/nios2-elf/lib/mno-hw-mul\libc.a(lib_a-memcmp.o)
 .debug_abbrev  0x0000000000002231       0xa3 c:/intelfpga_lite/18.1/nios2eds/bin/gnu/h-x86_64-mingw32/bin/../lib/gcc/nios2-elf/5.3.0/../../../../../H-x86_64-mingw32/nios2-elf/lib/mno-hw-mul\libc.a(lib_a-memcpy.o)
 .debug_abbrev  0x00000000000022d4       0x90 c:/intelfpga_lite/18.1/nios2eds/bin/gnu/h-x86_64-mingw32/bin/../lib/gcc/nios2-elf/5.3.0/../../../../../H-x86_64-mingw32/nios2-elf/lib/mno-hw-mul\libc.a(lib_a-strlen.o)
 .debug_abbrev  0x0000000000002364      0x21e c:/intelfpga_lite/18.1/nios2eds/bin/gnu/h-x86_64-mingw32/bin/../lib/gcc/nios2-elf/5.3.0/../../../../../H-x86_64-mingw32/nios2-elf/lib/mno-hw-mul\libc.a(lib_a-__atexit.o)
 .debug_abbrev  0x0000000000002582      0x22e c:/intelfpga_lite/18.1/nios2eds/bin/gnu/h-x86_64-mingw32/bin/../lib/gcc/nios2-elf/5.3.0/../../../../../H-x86_64-mingw32/nios2-elf/lib/mno-hw-mul\libc.a(lib_a-__call_atexit.o)
 .debug_abbrev  0x00000000000027b0       0x6f c:/intelfpga_lite/18.1/nios2eds/bin/gnu/h-x86_64-mingw32/bin/../lib/gcc/nios2-elf/5.3.0/mno-hw-mul\libgcc.a(lib2-mul.o)
 .debug_abbrev  0x000000000000281f       0xa9 ../Lab2_bsp/\libhal_bsp.a(alt_exit.o)

.debug_line     0x0000000000000000     0x2951
 *(.debug_line)
 .debug_line    0x0000000000000000       0x66 ../Lab2_bsp//obj/HAL/src/crt0.o
 .debug_line    0x0000000000000066       0x3d obj/default/diplay0.o
 .debug_line    0x00000000000000a3       0x8e ../Lab2_bsp/\libhal_bsp.a(alt_load.o)
 .debug_line    0x0000000000000131       0xa4 ../Lab2_bsp/\libhal_bsp.a(alt_main.o)
 .debug_line    0x00000000000001d5      0x137 ../Lab2_bsp/\libhal_bsp.a(alt_sys_init.o)
 .debug_line    0x000000000000030c      0x12f ../Lab2_bsp/\libhal_bsp.a(altera_avalon_jtag_uart_fd.o)
 .debug_line    0x000000000000043b      0x18b ../Lab2_bsp/\libhal_bsp.a(altera_avalon_jtag_uart_init.o)
 .debug_line    0x00000000000005c6      0x131 ../Lab2_bsp/\libhal_bsp.a(altera_avalon_jtag_uart_ioctl.o)
 .debug_line    0x00000000000006f7      0x171 ../Lab2_bsp/\libhal_bsp.a(altera_avalon_jtag_uart_read.o)
 .debug_line    0x0000000000000868      0x170 ../Lab2_bsp/\libhal_bsp.a(altera_avalon_jtag_uart_write.o)
 .debug_line    0x00000000000009d8       0xf9 ../Lab2_bsp/\libhal_bsp.a(alt_alarm_start.o)
 .debug_line    0x0000000000000ad1      0x165 ../Lab2_bsp/\libhal_bsp.a(alt_close.o)
 .debug_line    0x0000000000000c36       0x51 ../Lab2_bsp/\libhal_bsp.a(alt_dcache_flush_all.o)
 .debug_line    0x0000000000000c87       0xf8 ../Lab2_bsp/\libhal_bsp.a(alt_dev.o)
 .debug_line    0x0000000000000d7f       0xcf ../Lab2_bsp/\libhal_bsp.a(alt_dev_llist_insert.o)
 .debug_line    0x0000000000000e4e       0x59 ../Lab2_bsp/\libhal_bsp.a(alt_do_ctors.o)
 .debug_line    0x0000000000000ea7       0x59 ../Lab2_bsp/\libhal_bsp.a(alt_do_dtors.o)
 .debug_line    0x0000000000000f00       0x51 ../Lab2_bsp/\libhal_bsp.a(alt_errno.o)
 .debug_line    0x0000000000000f51       0x4f ../Lab2_bsp/\libhal_bsp.a(alt_icache_flush_all.o)
 .debug_line    0x0000000000000fa0       0xeb ../Lab2_bsp/\libhal_bsp.a(alt_iic.o)
 .debug_line    0x000000000000108b       0xdb ../Lab2_bsp/\libhal_bsp.a(alt_iic_isr_register.o)
 .debug_line    0x0000000000001166      0x135 ../Lab2_bsp/\libhal_bsp.a(alt_io_redirect.o)
 .debug_line    0x000000000000129b       0x6b ../Lab2_bsp/\libhal_bsp.a(alt_irq_entry.o)
 .debug_line    0x0000000000001306       0xaa ../Lab2_bsp/\libhal_bsp.a(alt_irq_handler.o)
 .debug_line    0x00000000000013b0       0x50 ../Lab2_bsp/\libhal_bsp.a(alt_irq_vars.o)
 .debug_line    0x0000000000001400      0x12b ../Lab2_bsp/\libhal_bsp.a(alt_open.o)
 .debug_line    0x000000000000152b       0xb0 ../Lab2_bsp/\libhal_bsp.a(alt_release_fd.o)
 .debug_line    0x00000000000015db       0xff ../Lab2_bsp/\libhal_bsp.a(alt_tick.o)
 .debug_line    0x00000000000016da       0x51 ../Lab2_bsp/\libhal_bsp.a(altera_nios2_gen2_irq.o)
 .debug_line    0x000000000000172b       0xb3 ../Lab2_bsp/\libhal_bsp.a(alt_exception_entry.o)
 .debug_line    0x00000000000017de       0xb5 ../Lab2_bsp/\libhal_bsp.a(alt_find_dev.o)
 .debug_line    0x0000000000001893       0xd1 ../Lab2_bsp/\libhal_bsp.a(alt_find_file.o)
 .debug_line    0x0000000000001964       0xd7 ../Lab2_bsp/\libhal_bsp.a(alt_get_fd.o)
 .debug_line    0x0000000000001a3b       0xb9 ../Lab2_bsp/\libhal_bsp.a(alt_instruction_exception_entry.o)
 .debug_line    0x0000000000001af4       0xe7 c:/intelfpga_lite/18.1/nios2eds/bin/gnu/h-x86_64-mingw32/bin/../lib/gcc/nios2-elf/5.3.0/../../../../../H-x86_64-mingw32/nios2-elf/lib/mno-hw-mul\libc.a(lib_a-atexit.o)
 .debug_line    0x0000000000001bdb      0x1fc c:/intelfpga_lite/18.1/nios2eds/bin/gnu/h-x86_64-mingw32/bin/../lib/gcc/nios2-elf/5.3.0/../../../../../H-x86_64-mingw32/nios2-elf/lib/mno-hw-mul\libc.a(lib_a-exit.o)
 .debug_line    0x0000000000001dd7      0x160 c:/intelfpga_lite/18.1/nios2eds/bin/gnu/h-x86_64-mingw32/bin/../lib/gcc/nios2-elf/5.3.0/../../../../../H-x86_64-mingw32/nios2-elf/lib/mno-hw-mul\libc.a(lib_a-impure.o)
 .debug_line    0x0000000000001f37       0x5f c:/intelfpga_lite/18.1/nios2eds/bin/gnu/h-x86_64-mingw32/bin/../lib/gcc/nios2-elf/5.3.0/../../../../../H-x86_64-mingw32/nios2-elf/lib/mno-hw-mul\libc.a(lib_a-int_errno.o)
 .debug_line    0x0000000000001f96      0x176 c:/intelfpga_lite/18.1/nios2eds/bin/gnu/h-x86_64-mingw32/bin/../lib/gcc/nios2-elf/5.3.0/../../../../../H-x86_64-mingw32/nios2-elf/lib/mno-hw-mul\libc.a(lib_a-memcmp.o)
 .debug_line    0x000000000000210c      0x18c c:/intelfpga_lite/18.1/nios2eds/bin/gnu/h-x86_64-mingw32/bin/../lib/gcc/nios2-elf/5.3.0/../../../../../H-x86_64-mingw32/nios2-elf/lib/mno-hw-mul\libc.a(lib_a-memcpy.o)
 .debug_line    0x0000000000002298      0x16f c:/intelfpga_lite/18.1/nios2eds/bin/gnu/h-x86_64-mingw32/bin/../lib/gcc/nios2-elf/5.3.0/../../../../../H-x86_64-mingw32/nios2-elf/lib/mno-hw-mul\libc.a(lib_a-strlen.o)
 .debug_line    0x0000000000002407      0x21f c:/intelfpga_lite/18.1/nios2eds/bin/gnu/h-x86_64-mingw32/bin/../lib/gcc/nios2-elf/5.3.0/../../../../../H-x86_64-mingw32/nios2-elf/lib/mno-hw-mul\libc.a(lib_a-__atexit.o)
 .debug_line    0x0000000000002626      0x23a c:/intelfpga_lite/18.1/nios2eds/bin/gnu/h-x86_64-mingw32/bin/../lib/gcc/nios2-elf/5.3.0/../../../../../H-x86_64-mingw32/nios2-elf/lib/mno-hw-mul\libc.a(lib_a-__call_atexit.o)
 .debug_line    0x0000000000002860       0x80 c:/intelfpga_lite/18.1/nios2eds/bin/gnu/h-x86_64-mingw32/bin/../lib/gcc/nios2-elf/5.3.0/mno-hw-mul\libgcc.a(lib2-mul.o)
 .debug_line    0x00000000000028e0       0x71 ../Lab2_bsp/\libhal_bsp.a(alt_exit.o)

.debug_frame    0x0000000000000000      0xa78
 *(.debug_frame)
 .debug_frame   0x0000000000000000       0x5c ../Lab2_bsp/\libhal_bsp.a(alt_load.o)
 .debug_frame   0x000000000000005c       0x2c ../Lab2_bsp/\libhal_bsp.a(alt_main.o)
 .debug_frame   0x0000000000000088       0x88 ../Lab2_bsp/\libhal_bsp.a(alt_sys_init.o)
 .debug_frame   0x0000000000000110       0xb0 ../Lab2_bsp/\libhal_bsp.a(altera_avalon_jtag_uart_fd.o)
 .debug_frame   0x00000000000001c0       0xa4 ../Lab2_bsp/\libhal_bsp.a(altera_avalon_jtag_uart_init.o)
 .debug_frame   0x0000000000000264       0x34 ../Lab2_bsp/\libhal_bsp.a(altera_avalon_jtag_uart_ioctl.o)
 .debug_frame   0x0000000000000298       0x38 ../Lab2_bsp/\libhal_bsp.a(altera_avalon_jtag_uart_read.o)
 .debug_frame   0x00000000000002d0       0x38 ../Lab2_bsp/\libhal_bsp.a(altera_avalon_jtag_uart_write.o)
 .debug_frame   0x0000000000000308       0x34 ../Lab2_bsp/\libhal_bsp.a(alt_alarm_start.o)
 .debug_frame   0x000000000000033c       0x60 ../Lab2_bsp/\libhal_bsp.a(alt_close.o)
 .debug_frame   0x000000000000039c       0x34 ../Lab2_bsp/\libhal_bsp.a(alt_dcache_flush_all.o)
 .debug_frame   0x00000000000003d0       0x34 ../Lab2_bsp/\libhal_bsp.a(alt_dev.o)
 .debug_frame   0x0000000000000404       0x60 ../Lab2_bsp/\libhal_bsp.a(alt_dev_llist_insert.o)
 .debug_frame   0x0000000000000464       0x38 ../Lab2_bsp/\libhal_bsp.a(alt_do_ctors.o)
 .debug_frame   0x000000000000049c       0x38 ../Lab2_bsp/\libhal_bsp.a(alt_do_dtors.o)
 .debug_frame   0x00000000000004d4       0x34 ../Lab2_bsp/\libhal_bsp.a(alt_icache_flush_all.o)
 .debug_frame   0x0000000000000508       0xa4 ../Lab2_bsp/\libhal_bsp.a(alt_iic.o)
 .debug_frame   0x00000000000005ac       0x38 ../Lab2_bsp/\libhal_bsp.a(alt_iic_isr_register.o)
 .debug_frame   0x00000000000005e4       0x64 ../Lab2_bsp/\libhal_bsp.a(alt_io_redirect.o)
 .debug_frame   0x0000000000000648       0x38 ../Lab2_bsp/\libhal_bsp.a(alt_irq_handler.o)
 .debug_frame   0x0000000000000680       0x8c ../Lab2_bsp/\libhal_bsp.a(alt_open.o)
 .debug_frame   0x000000000000070c       0x3c ../Lab2_bsp/\libhal_bsp.a(alt_release_fd.o)
 .debug_frame   0x0000000000000748       0x5c ../Lab2_bsp/\libhal_bsp.a(alt_tick.o)
 .debug_frame   0x00000000000007a4       0x34 ../Lab2_bsp/\libhal_bsp.a(altera_nios2_gen2_irq.o)
 .debug_frame   0x00000000000007d8       0x38 ../Lab2_bsp/\libhal_bsp.a(alt_find_dev.o)
 .debug_frame   0x0000000000000810       0x38 ../Lab2_bsp/\libhal_bsp.a(alt_find_file.o)
 .debug_frame   0x0000000000000848       0x3c ../Lab2_bsp/\libhal_bsp.a(alt_get_fd.o)
 .debug_frame   0x0000000000000884       0x5c ../Lab2_bsp/\libhal_bsp.a(alt_instruction_exception_entry.o)
 .debug_frame   0x00000000000008e0       0x20 c:/intelfpga_lite/18.1/nios2eds/bin/gnu/h-x86_64-mingw32/bin/../lib/gcc/nios2-elf/5.3.0/../../../../../H-x86_64-mingw32/nios2-elf/lib/mno-hw-mul\libc.a(lib_a-atexit.o)
 .debug_frame   0x0000000000000900       0x28 c:/intelfpga_lite/18.1/nios2eds/bin/gnu/h-x86_64-mingw32/bin/../lib/gcc/nios2-elf/5.3.0/../../../../../H-x86_64-mingw32/nios2-elf/lib/mno-hw-mul\libc.a(lib_a-exit.o)
 .debug_frame   0x0000000000000928       0x20 c:/intelfpga_lite/18.1/nios2eds/bin/gnu/h-x86_64-mingw32/bin/../lib/gcc/nios2-elf/5.3.0/../../../../../H-x86_64-mingw32/nios2-elf/lib/mno-hw-mul\libc.a(lib_a-memcmp.o)
 .debug_frame   0x0000000000000948       0x38 c:/intelfpga_lite/18.1/nios2eds/bin/gnu/h-x86_64-mingw32/bin/../lib/gcc/nios2-elf/5.3.0/../../../../../H-x86_64-mingw32/nios2-elf/lib/mno-hw-mul\libc.a(lib_a-memcpy.o)
 .debug_frame   0x0000000000000980       0x20 c:/intelfpga_lite/18.1/nios2eds/bin/gnu/h-x86_64-mingw32/bin/../lib/gcc/nios2-elf/5.3.0/../../../../../H-x86_64-mingw32/nios2-elf/lib/mno-hw-mul\libc.a(lib_a-strlen.o)
 .debug_frame   0x00000000000009a0       0x38 c:/intelfpga_lite/18.1/nios2eds/bin/gnu/h-x86_64-mingw32/bin/../lib/gcc/nios2-elf/5.3.0/../../../../../H-x86_64-mingw32/nios2-elf/lib/mno-hw-mul\libc.a(lib_a-__atexit.o)
 .debug_frame   0x00000000000009d8       0x54 c:/intelfpga_lite/18.1/nios2eds/bin/gnu/h-x86_64-mingw32/bin/../lib/gcc/nios2-elf/5.3.0/../../../../../H-x86_64-mingw32/nios2-elf/lib/mno-hw-mul\libc.a(lib_a-__call_atexit.o)
 .debug_frame   0x0000000000000a2c       0x20 c:/intelfpga_lite/18.1/nios2eds/bin/gnu/h-x86_64-mingw32/bin/../lib/gcc/nios2-elf/5.3.0/mno-hw-mul\libgcc.a(lib2-mul.o)
 .debug_frame   0x0000000000000a4c       0x2c ../Lab2_bsp/\libhal_bsp.a(alt_exit.o)

.debug_str      0x0000000000000000     0x1b0c
 *(.debug_str)
 .debug_str     0x0000000000000000      0x1d2 ../Lab2_bsp/\libhal_bsp.a(alt_load.o)
                                        0x20b (size before relaxing)
 .debug_str     0x00000000000001d2       0x70 ../Lab2_bsp/\libhal_bsp.a(alt_main.o)
                                        0x196 (size before relaxing)
 .debug_str     0x0000000000000242      0x1a2 ../Lab2_bsp/\libhal_bsp.a(alt_sys_init.o)
                                        0x351 (size before relaxing)
 .debug_str     0x00000000000003e4       0xb9 ../Lab2_bsp/\libhal_bsp.a(altera_avalon_jtag_uart_fd.o)
                                        0x39d (size before relaxing)
 .debug_str     0x000000000000049d       0xd1 ../Lab2_bsp/\libhal_bsp.a(altera_avalon_jtag_uart_init.o)
                                        0x331 (size before relaxing)
 .debug_str     0x000000000000056e       0x4a ../Lab2_bsp/\libhal_bsp.a(altera_avalon_jtag_uart_ioctl.o)
                                        0x28c (size before relaxing)
 .debug_str     0x00000000000005b8       0x7f ../Lab2_bsp/\libhal_bsp.a(altera_avalon_jtag_uart_read.o)
                                        0x2e1 (size before relaxing)
 .debug_str     0x0000000000000637       0x4a ../Lab2_bsp/\libhal_bsp.a(altera_avalon_jtag_uart_write.o)
                                        0x2e2 (size before relaxing)
 .debug_str     0x0000000000000681       0x59 ../Lab2_bsp/\libhal_bsp.a(alt_alarm_start.o)
                                        0x277 (size before relaxing)
 .debug_str     0x00000000000006da       0x44 ../Lab2_bsp/\libhal_bsp.a(alt_close.o)
                                        0x204 (size before relaxing)
 .debug_str     0x000000000000071e       0x34 ../Lab2_bsp/\libhal_bsp.a(alt_dcache_flush_all.o)
                                        0x14e (size before relaxing)
 .debug_str     0x0000000000000752      0x120 ../Lab2_bsp/\libhal_bsp.a(alt_dev.o)
                                        0x2fe (size before relaxing)
 .debug_str     0x0000000000000872       0x34 ../Lab2_bsp/\libhal_bsp.a(alt_dev_llist_insert.o)
                                        0x1c5 (size before relaxing)
 .debug_str     0x00000000000008a6       0x48 ../Lab2_bsp/\libhal_bsp.a(alt_do_ctors.o)
                                         0xc9 (size before relaxing)
 .debug_str     0x00000000000008ee       0x4c ../Lab2_bsp/\libhal_bsp.a(alt_do_dtors.o)
                                         0xc8 (size before relaxing)
 .debug_str     0x000000000000093a       0x14 ../Lab2_bsp/\libhal_bsp.a(alt_errno.o)
                                        0x13e (size before relaxing)
 .debug_str     0x000000000000094e       0x34 ../Lab2_bsp/\libhal_bsp.a(alt_icache_flush_all.o)
                                        0x14e (size before relaxing)
 .debug_str     0x0000000000000982       0xc4 ../Lab2_bsp/\libhal_bsp.a(alt_iic.o)
                                        0x237 (size before relaxing)
 .debug_str     0x0000000000000a46       0x4c ../Lab2_bsp/\libhal_bsp.a(alt_iic_isr_register.o)
                                        0x1e1 (size before relaxing)
 .debug_str     0x0000000000000a92       0x56 ../Lab2_bsp/\libhal_bsp.a(alt_io_redirect.o)
                                        0x30f (size before relaxing)
 .debug_str     0x0000000000000ae8       0x3a ../Lab2_bsp/\libhal_bsp.a(alt_irq_handler.o)
                                        0x190 (size before relaxing)
 .debug_str     0x0000000000000b22       0x17 ../Lab2_bsp/\libhal_bsp.a(alt_irq_vars.o)
                                        0x133 (size before relaxing)
 .debug_str     0x0000000000000b39       0x2f ../Lab2_bsp/\libhal_bsp.a(alt_open.o)
                                        0x244 (size before relaxing)
 .debug_str     0x0000000000000b68       0x28 ../Lab2_bsp/\libhal_bsp.a(alt_release_fd.o)
                                        0x1cc (size before relaxing)
 .debug_str     0x0000000000000b90       0x4a ../Lab2_bsp/\libhal_bsp.a(alt_tick.o)
                                        0x24b (size before relaxing)
 .debug_str     0x0000000000000bda       0x3b ../Lab2_bsp/\libhal_bsp.a(altera_nios2_gen2_irq.o)
                                        0x155 (size before relaxing)
 .debug_str     0x0000000000000c15       0x24 ../Lab2_bsp/\libhal_bsp.a(alt_find_dev.o)
                                        0x1e5 (size before relaxing)
 .debug_str     0x0000000000000c39       0x26 ../Lab2_bsp/\libhal_bsp.a(alt_find_file.o)
                                        0x1f3 (size before relaxing)
 .debug_str     0x0000000000000c5f       0x30 ../Lab2_bsp/\libhal_bsp.a(alt_get_fd.o)
                                        0x215 (size before relaxing)
 .debug_str     0x0000000000000c8f      0x48b ../Lab2_bsp/\libhal_bsp.a(alt_instruction_exception_entry.o)
                                        0x599 (size before relaxing)
 .debug_str     0x000000000000111a      0x17c c:/intelfpga_lite/18.1/nios2eds/bin/gnu/h-x86_64-mingw32/bin/../lib/gcc/nios2-elf/5.3.0/../../../../../H-x86_64-mingw32/nios2-elf/lib/mno-hw-mul\libc.a(lib_a-atexit.o)
                                        0x221 (size before relaxing)
 .debug_str     0x0000000000001296      0x3b5 c:/intelfpga_lite/18.1/nios2eds/bin/gnu/h-x86_64-mingw32/bin/../lib/gcc/nios2-elf/5.3.0/../../../../../H-x86_64-mingw32/nios2-elf/lib/mno-hw-mul\libc.a(lib_a-exit.o)
                                        0x5be (size before relaxing)
 .debug_str     0x000000000000164b       0xd6 c:/intelfpga_lite/18.1/nios2eds/bin/gnu/h-x86_64-mingw32/bin/../lib/gcc/nios2-elf/5.3.0/../../../../../H-x86_64-mingw32/nios2-elf/lib/mno-hw-mul\libc.a(lib_a-impure.o)
                                        0x5b5 (size before relaxing)
 .debug_str     0x0000000000001721       0x3f c:/intelfpga_lite/18.1/nios2eds/bin/gnu/h-x86_64-mingw32/bin/../lib/gcc/nios2-elf/5.3.0/../../../../../H-x86_64-mingw32/nios2-elf/lib/mno-hw-mul\libc.a(lib_a-int_errno.o)
                                        0x1dd (size before relaxing)
 .debug_str     0x0000000000001760       0xda c:/intelfpga_lite/18.1/nios2eds/bin/gnu/h-x86_64-mingw32/bin/../lib/gcc/nios2-elf/5.3.0/../../../../../H-x86_64-mingw32/nios2-elf/lib/mno-hw-mul\libc.a(lib_a-memcmp.o)
                                        0x1e4 (size before relaxing)
 .debug_str     0x000000000000183a       0x6b c:/intelfpga_lite/18.1/nios2eds/bin/gnu/h-x86_64-mingw32/bin/../lib/gcc/nios2-elf/5.3.0/../../../../../H-x86_64-mingw32/nios2-elf/lib/mno-hw-mul\libc.a(lib_a-memcpy.o)
                                        0x20b (size before relaxing)
 .debug_str     0x00000000000018a5       0x51 c:/intelfpga_lite/18.1/nios2eds/bin/gnu/h-x86_64-mingw32/bin/../lib/gcc/nios2-elf/5.3.0/../../../../../H-x86_64-mingw32/nios2-elf/lib/mno-hw-mul\libc.a(lib_a-strlen.o)
                                        0x1f7 (size before relaxing)
 .debug_str     0x00000000000018f6       0x3f c:/intelfpga_lite/18.1/nios2eds/bin/gnu/h-x86_64-mingw32/bin/../lib/gcc/nios2-elf/5.3.0/../../../../../H-x86_64-mingw32/nios2-elf/lib/mno-hw-mul\libc.a(lib_a-__atexit.o)
                                        0x5f6 (size before relaxing)
 .debug_str     0x0000000000001935       0x65 c:/intelfpga_lite/18.1/nios2eds/bin/gnu/h-x86_64-mingw32/bin/../lib/gcc/nios2-elf/5.3.0/../../../../../H-x86_64-mingw32/nios2-elf/lib/mno-hw-mul\libc.a(lib_a-__call_atexit.o)
                                        0x5e2 (size before relaxing)
 .debug_str     0x000000000000199a      0x148 c:/intelfpga_lite/18.1/nios2eds/bin/gnu/h-x86_64-mingw32/bin/../lib/gcc/nios2-elf/5.3.0/mno-hw-mul\libgcc.a(lib2-mul.o)
                                        0x193 (size before relaxing)
 .debug_str     0x0000000000001ae2       0x2a ../Lab2_bsp/\libhal_bsp.a(alt_exit.o)
                                        0x14a (size before relaxing)

.debug_loc      0x0000000000000000      0x803
 *(.debug_loc)
 .debug_loc     0x0000000000000000       0x2c c:/intelfpga_lite/18.1/nios2eds/bin/gnu/h-x86_64-mingw32/bin/../lib/gcc/nios2-elf/5.3.0/../../../../../H-x86_64-mingw32/nios2-elf/lib/mno-hw-mul\libc.a(lib_a-atexit.o)
 .debug_loc     0x000000000000002c       0x1e c:/intelfpga_lite/18.1/nios2eds/bin/gnu/h-x86_64-mingw32/bin/../lib/gcc/nios2-elf/5.3.0/../../../../../H-x86_64-mingw32/nios2-elf/lib/mno-hw-mul\libc.a(lib_a-exit.o)
 .debug_loc     0x000000000000004a      0x126 c:/intelfpga_lite/18.1/nios2eds/bin/gnu/h-x86_64-mingw32/bin/../lib/gcc/nios2-elf/5.3.0/../../../../../H-x86_64-mingw32/nios2-elf/lib/mno-hw-mul\libc.a(lib_a-memcmp.o)
 .debug_loc     0x0000000000000170      0x266 c:/intelfpga_lite/18.1/nios2eds/bin/gnu/h-x86_64-mingw32/bin/../lib/gcc/nios2-elf/5.3.0/../../../../../H-x86_64-mingw32/nios2-elf/lib/mno-hw-mul\libc.a(lib_a-memcpy.o)
 .debug_loc     0x00000000000003d6       0x47 c:/intelfpga_lite/18.1/nios2eds/bin/gnu/h-x86_64-mingw32/bin/../lib/gcc/nios2-elf/5.3.0/../../../../../H-x86_64-mingw32/nios2-elf/lib/mno-hw-mul\libc.a(lib_a-strlen.o)
 .debug_loc     0x000000000000041d      0x185 c:/intelfpga_lite/18.1/nios2eds/bin/gnu/h-x86_64-mingw32/bin/../lib/gcc/nios2-elf/5.3.0/../../../../../H-x86_64-mingw32/nios2-elf/lib/mno-hw-mul\libc.a(lib_a-__atexit.o)
 .debug_loc     0x00000000000005a2      0x1ce c:/intelfpga_lite/18.1/nios2eds/bin/gnu/h-x86_64-mingw32/bin/../lib/gcc/nios2-elf/5.3.0/../../../../../H-x86_64-mingw32/nios2-elf/lib/mno-hw-mul\libc.a(lib_a-__call_atexit.o)
 .debug_loc     0x0000000000000770       0x93 c:/intelfpga_lite/18.1/nios2eds/bin/gnu/h-x86_64-mingw32/bin/../lib/gcc/nios2-elf/5.3.0/mno-hw-mul\libgcc.a(lib2-mul.o)

.debug_macinfo
 *(.debug_macinfo)

.debug_weaknames
 *(.debug_weaknames)

.debug_funcnames
 *(.debug_funcnames)

.debug_typenames
 *(.debug_typenames)

.debug_varnames
 *(.debug_varnames)

.debug_alt_sim_info
                0x0000000000000000       0x10
 *(.debug_alt_sim_info)
 .debug_alt_sim_info
                0x0000000000000000       0x10 ../Lab2_bsp//obj/HAL/src/crt0.o
                0x0000000000010000                __alt_data_end = 0x10000
                0x0000000000010000                PROVIDE (__alt_stack_pointer, __alt_data_end)
                [!provide]                        PROVIDE (__alt_stack_limit, __alt_stack_base)
                [!provide]                        PROVIDE (__alt_heap_start, end)
                [!provide]                        PROVIDE (__alt_heap_limit, 0x10000)
OUTPUT(Lab2.elf elf32-littlenios2)

.debug_ranges   0x0000000000000000      0x178
 .debug_ranges  0x0000000000000000       0x20 ../Lab2_bsp//obj/HAL/src/crt0.o
 .debug_ranges  0x0000000000000020       0x30 ../Lab2_bsp/\libhal_bsp.a(altera_avalon_jtag_uart_init.o)
 .debug_ranges  0x0000000000000050       0x18 ../Lab2_bsp/\libhal_bsp.a(altera_avalon_jtag_uart_read.o)
 .debug_ranges  0x0000000000000068       0x28 ../Lab2_bsp/\libhal_bsp.a(alt_irq_entry.o)
 .debug_ranges  0x0000000000000090       0x10 ../Lab2_bsp/\libhal_bsp.a(alt_irq_handler.o)
 .debug_ranges  0x00000000000000a0       0x30 ../Lab2_bsp/\libhal_bsp.a(alt_exception_entry.o)
 .debug_ranges  0x00000000000000d0       0x18 ../Lab2_bsp/\libhal_bsp.a(alt_instruction_exception_entry.o)
 .debug_ranges  0x00000000000000e8       0x10 c:/intelfpga_lite/18.1/nios2eds/bin/gnu/h-x86_64-mingw32/bin/../lib/gcc/nios2-elf/5.3.0/../../../../../H-x86_64-mingw32/nios2-elf/lib/mno-hw-mul\libc.a(lib_a-atexit.o)
 .debug_ranges  0x00000000000000f8       0x10 c:/intelfpga_lite/18.1/nios2eds/bin/gnu/h-x86_64-mingw32/bin/../lib/gcc/nios2-elf/5.3.0/../../../../../H-x86_64-mingw32/nios2-elf/lib/mno-hw-mul\libc.a(lib_a-exit.o)
 .debug_ranges  0x0000000000000108       0x10 c:/intelfpga_lite/18.1/nios2eds/bin/gnu/h-x86_64-mingw32/bin/../lib/gcc/nios2-elf/5.3.0/../../../../../H-x86_64-mingw32/nios2-elf/lib/mno-hw-mul\libc.a(lib_a-memcmp.o)
 .debug_ranges  0x0000000000000118       0x10 c:/intelfpga_lite/18.1/nios2eds/bin/gnu/h-x86_64-mingw32/bin/../lib/gcc/nios2-elf/5.3.0/../../../../../H-x86_64-mingw32/nios2-elf/lib/mno-hw-mul\libc.a(lib_a-memcpy.o)
 .debug_ranges  0x0000000000000128       0x10 c:/intelfpga_lite/18.1/nios2eds/bin/gnu/h-x86_64-mingw32/bin/../lib/gcc/nios2-elf/5.3.0/../../../../../H-x86_64-mingw32/nios2-elf/lib/mno-hw-mul\libc.a(lib_a-strlen.o)
 .debug_ranges  0x0000000000000138       0x10 c:/intelfpga_lite/18.1/nios2eds/bin/gnu/h-x86_64-mingw32/bin/../lib/gcc/nios2-elf/5.3.0/../../../../../H-x86_64-mingw32/nios2-elf/lib/mno-hw-mul\libc.a(lib_a-__atexit.o)
 .debug_ranges  0x0000000000000148       0x30 c:/intelfpga_lite/18.1/nios2eds/bin/gnu/h-x86_64-mingw32/bin/../lib/gcc/nios2-elf/5.3.0/../../../../../H-x86_64-mingw32/nios2-elf/lib/mno-hw-mul\libc.a(lib_a-__call_atexit.o)
