Archive member included to satisfy reference by file (symbol)

../Lab2_bsp/\libhal_bsp.a(alt_load.o)
                              ../Lab2_bsp//obj/HAL/src/crt0.o (alt_load)
../Lab2_bsp/\libhal_bsp.a(alt_main.o)
                              ../Lab2_bsp//obj/HAL/src/crt0.o (alt_main)
../Lab2_bsp/\libhal_bsp.a(alt_sys_init.o)
                              ../Lab2_bsp/\libhal_bsp.a(alt_main.o) (alt_irq_init)
../Lab2_bsp/\libhal_bsp.a(altera_avalon_jtag_uart_fd.o)
                              ../Lab2_bsp/\libhal_bsp.a(alt_sys_init.o) (altera_avalon_jtag_uart_read_fd)
../Lab2_bsp/\libhal_bsp.a(altera_avalon_jtag_uart_init.o)
                              ../Lab2_bsp/\libhal_bsp.a(alt_sys_init.o) (altera_avalon_jtag_uart_init)
../Lab2_bsp/\libhal_bsp.a(altera_avalon_jtag_uart_ioctl.o)
                              ../Lab2_bsp/\libhal_bsp.a(altera_avalon_jtag_uart_fd.o) (altera_avalon_jtag_uart_ioctl)
../Lab2_bsp/\libhal_bsp.a(altera_avalon_jtag_uart_read.o)
                              ../Lab2_bsp/\libhal_bsp.a(altera_avalon_jtag_uart_fd.o) (altera_avalon_jtag_uart_read)
../Lab2_bsp/\libhal_bsp.a(altera_avalon_jtag_uart_write.o)
                              ../Lab2_bsp/\libhal_bsp.a(altera_avalon_jtag_uart_fd.o) (altera_avalon_jtag_uart_write)
../Lab2_bsp/\libhal_bsp.a(alt_alarm_start.o)
                              ../Lab2_bsp/\libhal_bsp.a(altera_avalon_jtag_uart_init.o) (alt_alarm_start)
../Lab2_bsp/\libhal_bsp.a(alt_close.o)
                              ../Lab2_bsp/\libhal_bsp.a(alt_main.o) (close)
../Lab2_bsp/\libhal_bsp.a(alt_dcache_flush_all.o)
                              ../Lab2_bsp/\libhal_bsp.a(alt_load.o) (alt_dcache_flush_all)
../Lab2_bsp/\libhal_bsp.a(alt_dev.o)
                              ../Lab2_bsp/\libhal_bsp.a(alt_sys_init.o) (alt_dev_list)
../Lab2_bsp/\libhal_bsp.a(alt_dev_llist_insert.o)
                              ../Lab2_bsp/\libhal_bsp.a(alt_sys_init.o) (alt_dev_llist_insert)
../Lab2_bsp/\libhal_bsp.a(alt_do_ctors.o)
                              ../Lab2_bsp/\libhal_bsp.a(alt_main.o) (_do_ctors)
../Lab2_bsp/\libhal_bsp.a(alt_do_dtors.o)
                              ../Lab2_bsp/\libhal_bsp.a(alt_main.o) (_do_dtors)
../Lab2_bsp/\libhal_bsp.a(alt_errno.o)
                              ../Lab2_bsp/\libhal_bsp.a(alt_close.o) (alt_errno)
../Lab2_bsp/\libhal_bsp.a(alt_icache_flush_all.o)
                              ../Lab2_bsp/\libhal_bsp.a(alt_load.o) (alt_icache_flush_all)
../Lab2_bsp/\libhal_bsp.a(alt_iic.o)
                              ../Lab2_bsp/\libhal_bsp.a(altera_avalon_jtag_uart_init.o) (alt_ic_isr_register)
../Lab2_bsp/\libhal_bsp.a(alt_iic_isr_register.o)
                              ../Lab2_bsp/\libhal_bsp.a(alt_iic.o) (alt_iic_isr_register)
../Lab2_bsp/\libhal_bsp.a(alt_io_redirect.o)
                              ../Lab2_bsp/\libhal_bsp.a(alt_main.o) (alt_io_redirect)
../Lab2_bsp/\libhal_bsp.a(alt_irq_entry.o)
                              ../Lab2_bsp/\libhal_bsp.a(alt_iic_isr_register.o) (alt_irq_entry)
../Lab2_bsp/\libhal_bsp.a(alt_irq_handler.o)
                              ../Lab2_bsp/\libhal_bsp.a(alt_iic_isr_register.o) (alt_irq)
../Lab2_bsp/\libhal_bsp.a(alt_irq_vars.o)
                              ../Lab2_bsp/\libhal_bsp.a(alt_iic.o) (alt_irq_active)
../Lab2_bsp/\libhal_bsp.a(alt_open.o)
                              ../Lab2_bsp/\libhal_bsp.a(alt_io_redirect.o) (open)
../Lab2_bsp/\libhal_bsp.a(alt_release_fd.o)
                              ../Lab2_bsp/\libhal_bsp.a(alt_close.o) (alt_release_fd)
../Lab2_bsp/\libhal_bsp.a(alt_tick.o)
                              ../Lab2_bsp/\libhal_bsp.a(altera_avalon_jtag_uart_init.o) (_alt_tick_rate)
../Lab2_bsp/\libhal_bsp.a(altera_nios2_gen2_irq.o)
                              ../Lab2_bsp/\libhal_bsp.a(alt_sys_init.o) (altera_nios2_gen2_irq_init)
../Lab2_bsp/\libhal_bsp.a(alt_exception_entry.o)
                              ../Lab2_bsp/\libhal_bsp.a(alt_irq_entry.o) (alt_exception)
../Lab2_bsp/\libhal_bsp.a(alt_find_dev.o)
                              ../Lab2_bsp/\libhal_bsp.a(alt_open.o) (alt_find_dev)
../Lab2_bsp/\libhal_bsp.a(alt_find_file.o)
                              ../Lab2_bsp/\libhal_bsp.a(alt_open.o) (alt_find_file)
../Lab2_bsp/\libhal_bsp.a(alt_get_fd.o)
                              ../Lab2_bsp/\libhal_bsp.a(alt_open.o) (alt_get_fd)
../Lab2_bsp/\libhal_bsp.a(alt_instruction_exception_entry.o)
                              ../Lab2_bsp/\libhal_bsp.a(alt_exception_entry.o) (alt_instruction_exception_entry)
c:/intelfpga_lite/18.1/nios2eds/bin/gnu/h-x86_64-mingw32/bin/../lib/gcc/nios2-elf/5.3.0/../../../../../H-x86_64-mingw32/nios2-elf/lib/mno-hw-mul\libc.a(lib_a-atexit.o)
                              ../Lab2_bsp/\libhal_bsp.a(alt_main.o) (atexit)
c:/intelfpga_lite/18.1/nios2eds/bin/gnu/h-x86_64-mingw32/bin/../lib/gcc/nios2-elf/5.3.0/../../../../../H-x86_64-mingw32/nios2-elf/lib/mno-hw-mul\libc.a(lib_a-exit.o)
                              ../Lab2_bsp/\libhal_bsp.a(alt_main.o) (exit)
c:/intelfpga_lite/18.1/nios2eds/bin/gnu/h-x86_64-mingw32/bin/../lib/gcc/nios2-elf/5.3.0/../../../../../H-x86_64-mingw32/nios2-elf/lib/mno-hw-mul\libc.a(lib_a-impure.o)
                              c:/intelfpga_lite/18.1/nios2eds/bin/gnu/h-x86_64-mingw32/bin/../lib/gcc/nios2-elf/5.3.0/../../../../../H-x86_64-mingw32/nios2-elf/lib/mno-hw-mul\libc.a(lib_a-exit.o) (_global_impure_ptr)
c:/intelfpga_lite/18.1/nios2eds/bin/gnu/h-x86_64-mingw32/bin/../lib/gcc/nios2-elf/5.3.0/../../../../../H-x86_64-mingw32/nios2-elf/lib/mno-hw-mul\libc.a(lib_a-int_errno.o)
                              ../Lab2_bsp/\libhal_bsp.a(alt_close.o) (errno)
c:/intelfpga_lite/18.1/nios2eds/bin/gnu/h-x86_64-mingw32/bin/../lib/gcc/nios2-elf/5.3.0/../../../../../H-x86_64-mingw32/nios2-elf/lib/mno-hw-mul\libc.a(lib_a-memcmp.o)
                              ../Lab2_bsp/\libhal_bsp.a(alt_find_dev.o) (memcmp)
c:/intelfpga_lite/18.1/nios2eds/bin/gnu/h-x86_64-mingw32/bin/../lib/gcc/nios2-elf/5.3.0/../../../../../H-x86_64-mingw32/nios2-elf/lib/mno-hw-mul\libc.a(lib_a-memcpy.o)
                              ../Lab2_bsp/\libhal_bsp.a(altera_avalon_jtag_uart_read.o) (memcpy)
c:/intelfpga_lite/18.1/nios2eds/bin/gnu/h-x86_64-mingw32/bin/../lib/gcc/nios2-elf/5.3.0/../../../../../H-x86_64-mingw32/nios2-elf/lib/mno-hw-mul\libc.a(lib_a-strlen.o)
                              ../Lab2_bsp/\libhal_bsp.a(alt_find_dev.o) (strlen)
c:/intelfpga_lite/18.1/nios2eds/bin/gnu/h-x86_64-mingw32/bin/../lib/gcc/nios2-elf/5.3.0/../../../../../H-x86_64-mingw32/nios2-elf/lib/mno-hw-mul\libc.a(lib_a-__atexit.o)
                              c:/intelfpga_lite/18.1/nios2eds/bin/gnu/h-x86_64-mingw32/bin/../lib/gcc/nios2-elf/5.3.0/../../../../../H-x86_64-mingw32/nios2-elf/lib/mno-hw-mul\libc.a(lib_a-atexit.o) (__register_exitproc)
c:/intelfpga_lite/18.1/nios2eds/bin/gnu/h-x86_64-mingw32/bin/../lib/gcc/nios2-elf/5.3.0/../../../../../H-x86_64-mingw32/nios2-elf/lib/mno-hw-mul\libc.a(lib_a-__call_atexit.o)
                              c:/intelfpga_lite/18.1/nios2eds/bin/gnu/h-x86_64-mingw32/bin/../lib/gcc/nios2-elf/5.3.0/../../../../../H-x86_64-mingw32/nios2-elf/lib/mno-hw-mul\libc.a(lib_a-exit.o) (__call_exitprocs)
c:/intelfpga_lite/18.1/nios2eds/bin/gnu/h-x86_64-mingw32/bin/../lib/gcc/nios2-elf/5.3.0/mno-hw-mul\libgcc.a(lib2-mul.o)
                              ../Lab2_bsp/\libhal_bsp.a(alt_close.o) (__mulsi3)
../Lab2_bsp/\libhal_bsp.a(alt_exit.o)
                              c:/intelfpga_lite/18.1/nios2eds/bin/gnu/h-x86_64-mingw32/bin/../lib/gcc/nios2-elf/5.3.0/../../../../../H-x86_64-mingw32/nios2-elf/lib/mno-hw-mul\libc.a(lib_a-exit.o) (_exit)

Allocating common symbols
Common symbol       size              file

alt_irq             0x100             ../Lab2_bsp/\libhal_bsp.a(alt_irq_handler.o)
errno               0x4               c:/intelfpga_lite/18.1/nios2eds/bin/gnu/h-x86_64-mingw32/bin/../lib/gcc/nios2-elf/5.3.0/../../../../../H-x86_64-mingw32/nios2-elf/lib/mno-hw-mul\libc.a(lib_a-int_errno.o)

Memory Configuration

Name             Origin             Length             Attributes
reset            0x0000000000008000 0x0000000000000020
onchip_memory2_0 0x0000000000008020 0x0000000000007fe0
*default*        0x0000000000000000 0xffffffffffffffff

Linker script and memory map

LOAD ../Lab2_bsp//obj/HAL/src/crt0.o
LOAD obj/default/part1.o
LOAD c:/intelfpga_lite/18.1/nios2eds/bin/gnu/h-x86_64-mingw32/bin/../lib/gcc/nios2-elf/5.3.0/../../../../../H-x86_64-mingw32/nios2-elf/lib/mno-hw-mul\libstdc++.a
LOAD c:/intelfpga_lite/18.1/nios2eds/bin/gnu/h-x86_64-mingw32/bin/../lib/gcc/nios2-elf/5.3.0/../../../../../H-x86_64-mingw32/nios2-elf/lib/mno-hw-mul\libm.a
LOAD c:/intelfpga_lite/18.1/nios2eds/bin/gnu/h-x86_64-mingw32/bin/../lib/gcc/nios2-elf/5.3.0/mno-hw-mul\libgcc.a
START GROUP
LOAD c:/intelfpga_lite/18.1/nios2eds/bin/gnu/h-x86_64-mingw32/bin/../lib/gcc/nios2-elf/5.3.0/../../../../../H-x86_64-mingw32/nios2-elf/lib/mno-hw-mul\libc.a
LOAD c:/intelfpga_lite/18.1/nios2eds/bin/gnu/h-x86_64-mingw32/bin/../lib/gcc/nios2-elf/5.3.0/mno-hw-mul\libgcc.a
LOAD ../Lab2_bsp/\libhal_bsp.a
LOAD c:/intelfpga_lite/18.1/nios2eds/bin/gnu/h-x86_64-mingw32/bin/../lib/gcc/nios2-elf/5.3.0/../../../../../H-x86_64-mingw32/nios2-elf/lib/mno-hw-mul\libm.a
END GROUP
LOAD c:/intelfpga_lite/18.1/nios2eds/bin/gnu/h-x86_64-mingw32/bin/../lib/gcc/nios2-elf/5.3.0/mno-hw-mul\libgcc.a
                0x0000000000008000                __alt_mem_onchip_memory2_0 = 0x8000

.entry          0x0000000000008000       0x20
 *(.entry)
 .entry         0x0000000000008000       0x20 ../Lab2_bsp//obj/HAL/src/crt0.o
                0x0000000000008000                __reset

.exceptions     0x0000000000008020      0x210
                0x0000000000008020                PROVIDE (__ram_exceptions_start, ABSOLUTE (.))
                0x0000000000008020                . = ALIGN (0x20)
 *(.irq)
 *(.exceptions.entry.label)
 .exceptions.entry.label
                0x0000000000008020        0x0 ../Lab2_bsp/\libhal_bsp.a(alt_irq_entry.o)
                0x0000000000008020                alt_irq_entry
 .exceptions.entry.label
                0x0000000000008020        0x0 ../Lab2_bsp/\libhal_bsp.a(alt_exception_entry.o)
                0x0000000000008020                alt_exception
 *(.exceptions.entry.user)
 *(.exceptions.entry.ecc_fatal)
 *(.exceptions.entry)
 .exceptions.entry
                0x0000000000008020       0x54 ../Lab2_bsp/\libhal_bsp.a(alt_exception_entry.o)
 *(.exceptions.irqtest.user)
 *(.exceptions.irqtest)
 .exceptions.irqtest
                0x0000000000008074       0x10 ../Lab2_bsp/\libhal_bsp.a(alt_irq_entry.o)
 *(.exceptions.irqhandler.user)
 *(.exceptions.irqhandler)
 .exceptions.irqhandler
                0x0000000000008084        0x4 ../Lab2_bsp/\libhal_bsp.a(alt_irq_entry.o)
 *(.exceptions.irqreturn.user)
 *(.exceptions.irqreturn)
 .exceptions.irqreturn
                0x0000000000008088        0x4 ../Lab2_bsp/\libhal_bsp.a(alt_irq_entry.o)
 *(.exceptions.notirq.label)
 .exceptions.notirq.label
                0x000000000000808c        0x0 ../Lab2_bsp/\libhal_bsp.a(alt_irq_entry.o)
 *(.exceptions.notirq.user)
 *(.exceptions.notirq)
 .exceptions.notirq
                0x000000000000808c        0x8 ../Lab2_bsp/\libhal_bsp.a(alt_exception_entry.o)
 *(.exceptions.soft.user)
 *(.exceptions.soft)
 *(.exceptions.unknown.user)
 *(.exceptions.unknown)
 .exceptions.unknown
                0x0000000000008094       0x14 ../Lab2_bsp/\libhal_bsp.a(alt_exception_entry.o)
 *(.exceptions.exit.label)
 .exceptions.exit.label
                0x00000000000080a8        0x0 ../Lab2_bsp/\libhal_bsp.a(alt_irq_entry.o)
 .exceptions.exit.label
                0x00000000000080a8        0x0 ../Lab2_bsp/\libhal_bsp.a(alt_exception_entry.o)
 *(.exceptions.exit.user)
 *(.exceptions.exit)
 .exceptions.exit
                0x00000000000080a8       0x54 ../Lab2_bsp/\libhal_bsp.a(alt_exception_entry.o)
 *(.exceptions)
 .exceptions    0x00000000000080fc       0xd4 ../Lab2_bsp/\libhal_bsp.a(alt_irq_handler.o)
                0x00000000000080fc                alt_irq_handler
 .exceptions    0x00000000000081d0       0x60 ../Lab2_bsp/\libhal_bsp.a(alt_instruction_exception_entry.o)
                0x00000000000081d0                alt_instruction_exception_entry
                0x0000000000008230                PROVIDE (__ram_exceptions_end, ABSOLUTE (.))
                0x0000000000008020                PROVIDE (__flash_exceptions_start, LOADADDR (.exceptions))

.text           0x0000000000008230     0x2310
                [!provide]                        PROVIDE (stext, ABSOLUTE (.))
 *(.interp)
 *(.hash)
 *(.dynsym)
 *(.dynstr)
 *(.gnu.version)
 *(.gnu.version_d)
 *(.gnu.version_r)
 *(.rel.init)
 *(.rela.init)
 *(.rel.text .rel.text.* .rel.gnu.linkonce.t.*)
 *(.rela.text .rela.text.* .rela.gnu.linkonce.t.*)
 *(.rel.fini)
 *(.rela.fini)
 *(.rel.rodata .rel.rodata.* .rel.gnu.linkonce.r.*)
 *(.rela.rodata .rela.rodata.* .rela.gnu.linkonce.r.*)
 *(.rel.data .rel.data.* .rel.gnu.linkonce.d.*)
 *(.rela.data .rela.data.* .rela.gnu.linkonce.d.*)
 *(.rel.tdata .rel.tdata.* .rel.gnu.linkonce.td.*)
 *(.rela.tdata .rela.tdata.* .rela.gnu.linkonce.td.*)
 *(.rel.tbss .rel.tbss.* .rel.gnu.linkonce.tb.*)
 *(.rela.tbss .rela.tbss.* .rela.gnu.linkonce.tb.*)
 *(.rel.ctors)
 *(.rela.ctors)
 *(.rel.dtors)
 *(.rela.dtors)
 *(.rel.got)
 *(.rela.got)
 *(.rel.sdata .rel.sdata.* .rel.gnu.linkonce.s.*)
 *(.rela.sdata .rela.sdata.* .rela.gnu.linkonce.s.*)
 *(.rel.sbss .rel.sbss.* .rel.gnu.linkonce.sb.*)
 *(.rela.sbss .rela.sbss.* .rela.gnu.linkonce.sb.*)
 *(.rel.sdata2 .rel.sdata2.* .rel.gnu.linkonce.s2.*)
 *(.rela.sdata2 .rela.sdata2.* .rela.gnu.linkonce.s2.*)
 *(.rel.sbss2 .rel.sbss2.* .rel.gnu.linkonce.sb2.*)
 *(.rela.sbss2 .rela.sbss2.* .rela.gnu.linkonce.sb2.*)
 *(.rel.bss .rel.bss.* .rel.gnu.linkonce.b.*)
 *(.rela.bss .rela.bss.* .rela.gnu.linkonce.b.*)
 *(.rel.plt)
 *(.rela.plt)
 *(.rel.dyn)
 *(.init)
 *(.plt)
 *(.text .stub .text.* .gnu.linkonce.t.*)
 .text          0x0000000000008230       0x3c ../Lab2_bsp//obj/HAL/src/crt0.o
                0x0000000000008230                _start
 .text          0x000000000000826c       0x9c obj/default/part1.o
                0x000000000000826c                main
 .text          0x0000000000008308       0xec ../Lab2_bsp/\libhal_bsp.a(alt_load.o)
                0x0000000000008370                alt_load
 .text          0x00000000000083f4       0x7c ../Lab2_bsp/\libhal_bsp.a(alt_main.o)
                0x00000000000083f4                alt_main
 .text          0x0000000000008470       0xb8 ../Lab2_bsp/\libhal_bsp.a(alt_sys_init.o)
                0x00000000000084a4                alt_irq_init
                0x00000000000084dc                alt_sys_init
 .text          0x0000000000008528      0x164 ../Lab2_bsp/\libhal_bsp.a(altera_avalon_jtag_uart_fd.o)
                0x0000000000008528                altera_avalon_jtag_uart_read_fd
                0x0000000000008588                altera_avalon_jtag_uart_write_fd
                0x00000000000085e8                altera_avalon_jtag_uart_close_fd
                0x0000000000008638                altera_avalon_jtag_uart_ioctl_fd
 .text          0x000000000000868c      0x3d4 ../Lab2_bsp/\libhal_bsp.a(altera_avalon_jtag_uart_init.o)
                0x000000000000868c                altera_avalon_jtag_uart_init
                0x00000000000089f8                altera_avalon_jtag_uart_close
 .text          0x0000000000008a60       0xf0 ../Lab2_bsp/\libhal_bsp.a(altera_avalon_jtag_uart_ioctl.o)
                0x0000000000008a60                altera_avalon_jtag_uart_ioctl
 .text          0x0000000000008b50      0x21c ../Lab2_bsp/\libhal_bsp.a(altera_avalon_jtag_uart_read.o)
                0x0000000000008b50                altera_avalon_jtag_uart_read
 .text          0x0000000000008d6c      0x224 ../Lab2_bsp/\libhal_bsp.a(altera_avalon_jtag_uart_write.o)
                0x0000000000008d6c                altera_avalon_jtag_uart_write
 .text          0x0000000000008f90      0x12c ../Lab2_bsp/\libhal_bsp.a(alt_alarm_start.o)
                0x0000000000008f90                alt_alarm_start
 .text          0x00000000000090bc      0x114 ../Lab2_bsp/\libhal_bsp.a(alt_close.o)
                0x00000000000090f8                close
 .text          0x00000000000091d0       0x20 ../Lab2_bsp/\libhal_bsp.a(alt_dcache_flush_all.o)
                0x00000000000091d0                alt_dcache_flush_all
 .text          0x00000000000091f0       0x2c ../Lab2_bsp/\libhal_bsp.a(alt_dev.o)
 .text          0x000000000000921c       0xe0 ../Lab2_bsp/\libhal_bsp.a(alt_dev_llist_insert.o)
                0x0000000000009258                alt_dev_llist_insert
 .text          0x00000000000092fc       0x60 ../Lab2_bsp/\libhal_bsp.a(alt_do_ctors.o)
                0x00000000000092fc                _do_ctors
 .text          0x000000000000935c       0x60 ../Lab2_bsp/\libhal_bsp.a(alt_do_dtors.o)
                0x000000000000935c                _do_dtors
 .text          0x00000000000093bc        0x0 ../Lab2_bsp/\libhal_bsp.a(alt_errno.o)
 .text          0x00000000000093bc       0x20 ../Lab2_bsp/\libhal_bsp.a(alt_icache_flush_all.o)
                0x00000000000093bc                alt_icache_flush_all
 .text          0x00000000000093dc      0x1b0 ../Lab2_bsp/\libhal_bsp.a(alt_iic.o)
                0x00000000000093dc                alt_ic_isr_register
                0x000000000000942c                alt_ic_irq_enable
                0x00000000000094b4                alt_ic_irq_disable
                0x0000000000009540                alt_ic_irq_enabled
 .text          0x000000000000958c       0xf0 ../Lab2_bsp/\libhal_bsp.a(alt_iic_isr_register.o)
                0x000000000000958c                alt_iic_isr_register
 .text          0x000000000000967c      0x160 ../Lab2_bsp/\libhal_bsp.a(alt_io_redirect.o)
                0x0000000000009760                alt_io_redirect
 .text          0x00000000000097dc        0x0 ../Lab2_bsp/\libhal_bsp.a(alt_irq_entry.o)
 .text          0x00000000000097dc        0x0 ../Lab2_bsp/\libhal_bsp.a(alt_irq_handler.o)
 .text          0x00000000000097dc        0x0 ../Lab2_bsp/\libhal_bsp.a(alt_irq_vars.o)
 .text          0x00000000000097dc      0x284 ../Lab2_bsp/\libhal_bsp.a(alt_open.o)
                0x0000000000009904                open
 .text          0x0000000000009a60       0x84 ../Lab2_bsp/\libhal_bsp.a(alt_release_fd.o)
                0x0000000000009a60                alt_release_fd
 .text          0x0000000000009ae4      0x1a4 ../Lab2_bsp/\libhal_bsp.a(alt_tick.o)
                0x0000000000009ae4                alt_alarm_stop
                0x0000000000009b80                alt_tick
 .text          0x0000000000009c88       0x24 ../Lab2_bsp/\libhal_bsp.a(altera_nios2_gen2_irq.o)
                0x0000000000009c88                altera_nios2_gen2_irq_init
 .text          0x0000000000009cac        0x0 ../Lab2_bsp/\libhal_bsp.a(alt_exception_entry.o)
 .text          0x0000000000009cac       0x90 ../Lab2_bsp/\libhal_bsp.a(alt_find_dev.o)
                0x0000000000009cac                alt_find_dev
 .text          0x0000000000009d3c      0x108 ../Lab2_bsp/\libhal_bsp.a(alt_find_file.o)
                0x0000000000009d3c                alt_find_file
 .text          0x0000000000009e44       0xc4 ../Lab2_bsp/\libhal_bsp.a(alt_get_fd.o)
                0x0000000000009e44                alt_get_fd
 .text          0x0000000000009f08       0x9c ../Lab2_bsp/\libhal_bsp.a(alt_instruction_exception_entry.o)
                0x0000000000009f08                alt_exception_cause_generated_bad_addr
 .text          0x0000000000009fa4        0x0 c:/intelfpga_lite/18.1/nios2eds/bin/gnu/h-x86_64-mingw32/bin/../lib/gcc/nios2-elf/5.3.0/../../../../../H-x86_64-mingw32/nios2-elf/lib/mno-hw-mul\libc.a(lib_a-atexit.o)
 .text.atexit   0x0000000000009fa4       0x14 c:/intelfpga_lite/18.1/nios2eds/bin/gnu/h-x86_64-mingw32/bin/../lib/gcc/nios2-elf/5.3.0/../../../../../H-x86_64-mingw32/nios2-elf/lib/mno-hw-mul\libc.a(lib_a-atexit.o)
                0x0000000000009fa4                atexit
 .text          0x0000000000009fb8        0x0 c:/intelfpga_lite/18.1/nios2eds/bin/gnu/h-x86_64-mingw32/bin/../lib/gcc/nios2-elf/5.3.0/../../../../../H-x86_64-mingw32/nios2-elf/lib/mno-hw-mul\libc.a(lib_a-exit.o)
 .text.exit     0x0000000000009fb8       0x38 c:/intelfpga_lite/18.1/nios2eds/bin/gnu/h-x86_64-mingw32/bin/../lib/gcc/nios2-elf/5.3.0/../../../../../H-x86_64-mingw32/nios2-elf/lib/mno-hw-mul\libc.a(lib_a-exit.o)
                0x0000000000009fb8                exit
 .text          0x0000000000009ff0        0x0 c:/intelfpga_lite/18.1/nios2eds/bin/gnu/h-x86_64-mingw32/bin/../lib/gcc/nios2-elf/5.3.0/../../../../../H-x86_64-mingw32/nios2-elf/lib/mno-hw-mul\libc.a(lib_a-impure.o)
 .text          0x0000000000009ff0        0x0 c:/intelfpga_lite/18.1/nios2eds/bin/gnu/h-x86_64-mingw32/bin/../lib/gcc/nios2-elf/5.3.0/../../../../../H-x86_64-mingw32/nios2-elf/lib/mno-hw-mul\libc.a(lib_a-int_errno.o)
 .text          0x0000000000009ff0        0x0 c:/intelfpga_lite/18.1/nios2eds/bin/gnu/h-x86_64-mingw32/bin/../lib/gcc/nios2-elf/5.3.0/../../../../../H-x86_64-mingw32/nios2-elf/lib/mno-hw-mul\libc.a(lib_a-memcmp.o)
 .text.memcmp   0x0000000000009ff0       0x7c c:/intelfpga_lite/18.1/nios2eds/bin/gnu/h-x86_64-mingw32/bin/../lib/gcc/nios2-elf/5.3.0/../../../../../H-x86_64-mingw32/nios2-elf/lib/mno-hw-mul\libc.a(lib_a-memcmp.o)
                0x0000000000009ff0                memcmp
 .text          0x000000000000a06c        0x0 c:/intelfpga_lite/18.1/nios2eds/bin/gnu/h-x86_64-mingw32/bin/../lib/gcc/nios2-elf/5.3.0/../../../../../H-x86_64-mingw32/nios2-elf/lib/mno-hw-mul\libc.a(lib_a-memcpy.o)
 .text.memcpy   0x000000000000a06c      0x148 c:/intelfpga_lite/18.1/nios2eds/bin/gnu/h-x86_64-mingw32/bin/../lib/gcc/nios2-elf/5.3.0/../../../../../H-x86_64-mingw32/nios2-elf/lib/mno-hw-mul\libc.a(lib_a-memcpy.o)
                0x000000000000a06c                memcpy
 .text          0x000000000000a1b4        0x0 c:/intelfpga_lite/18.1/nios2eds/bin/gnu/h-x86_64-mingw32/bin/../lib/gcc/nios2-elf/5.3.0/../../../../../H-x86_64-mingw32/nios2-elf/lib/mno-hw-mul\libc.a(lib_a-strlen.o)
 .text.strlen   0x000000000000a1b4       0x98 c:/intelfpga_lite/18.1/nios2eds/bin/gnu/h-x86_64-mingw32/bin/../lib/gcc/nios2-elf/5.3.0/../../../../../H-x86_64-mingw32/nios2-elf/lib/mno-hw-mul\libc.a(lib_a-strlen.o)
                0x000000000000a1b4                strlen
 .text          0x000000000000a24c        0x0 c:/intelfpga_lite/18.1/nios2eds/bin/gnu/h-x86_64-mingw32/bin/../lib/gcc/nios2-elf/5.3.0/../../../../../H-x86_64-mingw32/nios2-elf/lib/mno-hw-mul\libc.a(lib_a-__atexit.o)
 .text.__register_exitproc
                0x000000000000a24c      0x118 c:/intelfpga_lite/18.1/nios2eds/bin/gnu/h-x86_64-mingw32/bin/../lib/gcc/nios2-elf/5.3.0/../../../../../H-x86_64-mingw32/nios2-elf/lib/mno-hw-mul\libc.a(lib_a-__atexit.o)
                0x000000000000a24c                __register_exitproc
 .text          0x000000000000a364        0x0 c:/intelfpga_lite/18.1/nios2eds/bin/gnu/h-x86_64-mingw32/bin/../lib/gcc/nios2-elf/5.3.0/../../../../../H-x86_64-mingw32/nios2-elf/lib/mno-hw-mul\libc.a(lib_a-__call_atexit.o)
 .text.__call_exitprocs
                0x000000000000a364      0x180 c:/intelfpga_lite/18.1/nios2eds/bin/gnu/h-x86_64-mingw32/bin/../lib/gcc/nios2-elf/5.3.0/../../../../../H-x86_64-mingw32/nios2-elf/lib/mno-hw-mul\libc.a(lib_a-__call_atexit.o)
                0x000000000000a364                __call_exitprocs
 .text          0x000000000000a4e4       0x28 c:/intelfpga_lite/18.1/nios2eds/bin/gnu/h-x86_64-mingw32/bin/../lib/gcc/nios2-elf/5.3.0/mno-hw-mul\libgcc.a(lib2-mul.o)
                0x000000000000a4e4                __mulsi3
 .text          0x000000000000a50c       0x34 ../Lab2_bsp/\libhal_bsp.a(alt_exit.o)
                0x000000000000a50c                _exit
 *(.gnu.warning.*)
 *(.fini)
                [!provide]                        PROVIDE (__etext, ABSOLUTE (.))
                [!provide]                        PROVIDE (_etext, ABSOLUTE (.))
                [!provide]                        PROVIDE (etext, ABSOLUTE (.))
 *(.eh_frame_hdr)
                0x000000000000a540                . = ALIGN (0x4)
                [!provide]                        PROVIDE (__preinit_array_start, ABSOLUTE (.))
 *(.preinit_array)
                [!provide]                        PROVIDE (__preinit_array_end, ABSOLUTE (.))
                [!provide]                        PROVIDE (__init_array_start, ABSOLUTE (.))
 *(.init_array)
                [!provide]                        PROVIDE (__init_array_end, ABSOLUTE (.))
                [!provide]                        PROVIDE (__fini_array_start, ABSOLUTE (.))
 *(.fini_array)
                [!provide]                        PROVIDE (__fini_array_end, ABSOLUTE (.))
 *(.eh_frame)
 *(.gcc_except_table .gcc_except_table.*)
 *(.dynamic)
                0x000000000000a540                PROVIDE (__CTOR_LIST__, ABSOLUTE (.))
 *(.ctors)
 *(SORT(.ctors.*))
                0x000000000000a540                PROVIDE (__CTOR_END__, ABSOLUTE (.))
                0x000000000000a540                PROVIDE (__DTOR_LIST__, ABSOLUTE (.))
 *(.dtors)
 *(SORT(.dtors.*))
                0x000000000000a540                PROVIDE (__DTOR_END__, ABSOLUTE (.))
 *(.jcr)
                0x000000000000a540                . = ALIGN (0x4)

.rodata         0x000000000000a540       0x38
                0x000000000000a540                PROVIDE (__ram_rodata_start, ABSOLUTE (.))
                0x000000000000a540                . = ALIGN (0x4)
 *(.rodata .rodata.* .gnu.linkonce.r.*)
 .rodata        0x000000000000a540       0x11 ../Lab2_bsp/\libhal_bsp.a(alt_main.o)
 *fill*         0x000000000000a551        0x3 
 .rodata        0x000000000000a554       0x11 ../Lab2_bsp/\libhal_bsp.a(alt_sys_init.o)
 *fill*         0x000000000000a565        0x3 
 .rodata        0x000000000000a568        0xa ../Lab2_bsp/\libhal_bsp.a(alt_dev.o)
 *fill*         0x000000000000a572        0x2 
 .rodata.str1.4
                0x000000000000a574        0x4 c:/intelfpga_lite/18.1/nios2eds/bin/gnu/h-x86_64-mingw32/bin/../lib/gcc/nios2-elf/5.3.0/../../../../../H-x86_64-mingw32/nios2-elf/lib/mno-hw-mul\libc.a(lib_a-impure.o)
                                          0x2 (size before relaxing)
 *(.rodata1)
                0x000000000000a578                . = ALIGN (0x4)
                0x000000000000a578                PROVIDE (__ram_rodata_end, ABSOLUTE (.))
                0x000000000000a540                PROVIDE (__flash_rodata_start, LOADADDR (.rodata))

.rwdata         0x000000000000a578     0x1658 load address 0x000000000000bbd0
                0x000000000000a578                PROVIDE (__ram_rwdata_start, ABSOLUTE (.))
                0x000000000000a578                . = ALIGN (0x4)
 *(.got.plt)
 *(.got)
 *(.data1)
 *(.data .data.* .gnu.linkonce.d.*)
 .data          0x000000000000a578        0x0 ../Lab2_bsp//obj/HAL/src/crt0.o
 .data          0x000000000000a578        0x0 obj/default/part1.o
 .data          0x000000000000a578        0x0 ../Lab2_bsp/\libhal_bsp.a(alt_load.o)
 .data          0x000000000000a578        0x0 ../Lab2_bsp/\libhal_bsp.a(alt_main.o)
 .data          0x000000000000a578     0x1060 ../Lab2_bsp/\libhal_bsp.a(alt_sys_init.o)
 .data          0x000000000000b5d8        0x0 ../Lab2_bsp/\libhal_bsp.a(altera_avalon_jtag_uart_fd.o)
 .data          0x000000000000b5d8        0x0 ../Lab2_bsp/\libhal_bsp.a(altera_avalon_jtag_uart_init.o)
 .data          0x000000000000b5d8        0x0 ../Lab2_bsp/\libhal_bsp.a(altera_avalon_jtag_uart_ioctl.o)
 .data          0x000000000000b5d8        0x0 ../Lab2_bsp/\libhal_bsp.a(altera_avalon_jtag_uart_read.o)
 .data          0x000000000000b5d8        0x0 ../Lab2_bsp/\libhal_bsp.a(altera_avalon_jtag_uart_write.o)
 .data          0x000000000000b5d8        0x0 ../Lab2_bsp/\libhal_bsp.a(alt_alarm_start.o)
 .data          0x000000000000b5d8        0x0 ../Lab2_bsp/\libhal_bsp.a(alt_close.o)
 .data          0x000000000000b5d8        0x0 ../Lab2_bsp/\libhal_bsp.a(alt_dcache_flush_all.o)
 .data          0x000000000000b5d8      0x1a8 ../Lab2_bsp/\libhal_bsp.a(alt_dev.o)
                0x000000000000b5d8                alt_dev_null
                0x000000000000b600                alt_fd_list
 .data          0x000000000000b780        0x0 ../Lab2_bsp/\libhal_bsp.a(alt_dev_llist_insert.o)
 .data          0x000000000000b780        0x0 ../Lab2_bsp/\libhal_bsp.a(alt_do_ctors.o)
 .data          0x000000000000b780        0x0 ../Lab2_bsp/\libhal_bsp.a(alt_do_dtors.o)
 .data          0x000000000000b780        0x0 ../Lab2_bsp/\libhal_bsp.a(alt_errno.o)
 .data          0x000000000000b780        0x0 ../Lab2_bsp/\libhal_bsp.a(alt_icache_flush_all.o)
 .data          0x000000000000b780        0x0 ../Lab2_bsp/\libhal_bsp.a(alt_iic.o)
 .data          0x000000000000b780        0x0 ../Lab2_bsp/\libhal_bsp.a(alt_iic_isr_register.o)
 .data          0x000000000000b780        0x0 ../Lab2_bsp/\libhal_bsp.a(alt_io_redirect.o)
 .data          0x000000000000b780        0x0 ../Lab2_bsp/\libhal_bsp.a(alt_irq_entry.o)
 .data          0x000000000000b780        0x0 ../Lab2_bsp/\libhal_bsp.a(alt_irq_handler.o)
 .data          0x000000000000b780        0x0 ../Lab2_bsp/\libhal_bsp.a(alt_irq_vars.o)
 .data          0x000000000000b780        0x0 ../Lab2_bsp/\libhal_bsp.a(alt_open.o)
 .data          0x000000000000b780        0x0 ../Lab2_bsp/\libhal_bsp.a(alt_release_fd.o)
 .data          0x000000000000b780        0x0 ../Lab2_bsp/\libhal_bsp.a(alt_tick.o)
 .data          0x000000000000b780        0x0 ../Lab2_bsp/\libhal_bsp.a(altera_nios2_gen2_irq.o)
 .data          0x000000000000b780        0x0 ../Lab2_bsp/\libhal_bsp.a(alt_exception_entry.o)
 .data          0x000000000000b780        0x0 ../Lab2_bsp/\libhal_bsp.a(alt_find_dev.o)
 .data          0x000000000000b780        0x0 ../Lab2_bsp/\libhal_bsp.a(alt_find_file.o)
 .data          0x000000000000b780        0x0 ../Lab2_bsp/\libhal_bsp.a(alt_get_fd.o)
 .data          0x000000000000b780        0x0 ../Lab2_bsp/\libhal_bsp.a(alt_instruction_exception_entry.o)
 .data          0x000000000000b780        0x0 c:/intelfpga_lite/18.1/nios2eds/bin/gnu/h-x86_64-mingw32/bin/../lib/gcc/nios2-elf/5.3.0/../../../../../H-x86_64-mingw32/nios2-elf/lib/mno-hw-mul\libc.a(lib_a-atexit.o)
 .data          0x000000000000b780        0x0 c:/intelfpga_lite/18.1/nios2eds/bin/gnu/h-x86_64-mingw32/bin/../lib/gcc/nios2-elf/5.3.0/../../../../../H-x86_64-mingw32/nios2-elf/lib/mno-hw-mul\libc.a(lib_a-exit.o)
 .data          0x000000000000b780        0x0 c:/intelfpga_lite/18.1/nios2eds/bin/gnu/h-x86_64-mingw32/bin/../lib/gcc/nios2-elf/5.3.0/../../../../../H-x86_64-mingw32/nios2-elf/lib/mno-hw-mul\libc.a(lib_a-impure.o)
 .data.impure_data
                0x000000000000b780      0x424 c:/intelfpga_lite/18.1/nios2eds/bin/gnu/h-x86_64-mingw32/bin/../lib/gcc/nios2-elf/5.3.0/../../../../../H-x86_64-mingw32/nios2-elf/lib/mno-hw-mul\libc.a(lib_a-impure.o)
 .data          0x000000000000bba4        0x0 c:/intelfpga_lite/18.1/nios2eds/bin/gnu/h-x86_64-mingw32/bin/../lib/gcc/nios2-elf/5.3.0/../../../../../H-x86_64-mingw32/nios2-elf/lib/mno-hw-mul\libc.a(lib_a-int_errno.o)
 .data          0x000000000000bba4        0x0 c:/intelfpga_lite/18.1/nios2eds/bin/gnu/h-x86_64-mingw32/bin/../lib/gcc/nios2-elf/5.3.0/../../../../../H-x86_64-mingw32/nios2-elf/lib/mno-hw-mul\libc.a(lib_a-memcmp.o)
 .data          0x000000000000bba4        0x0 c:/intelfpga_lite/18.1/nios2eds/bin/gnu/h-x86_64-mingw32/bin/../lib/gcc/nios2-elf/5.3.0/../../../../../H-x86_64-mingw32/nios2-elf/lib/mno-hw-mul\libc.a(lib_a-memcpy.o)
 .data          0x000000000000bba4        0x0 c:/intelfpga_lite/18.1/nios2eds/bin/gnu/h-x86_64-mingw32/bin/../lib/gcc/nios2-elf/5.3.0/../../../../../H-x86_64-mingw32/nios2-elf/lib/mno-hw-mul\libc.a(lib_a-strlen.o)
 .data          0x000000000000bba4        0x0 c:/intelfpga_lite/18.1/nios2eds/bin/gnu/h-x86_64-mingw32/bin/../lib/gcc/nios2-elf/5.3.0/../../../../../H-x86_64-mingw32/nios2-elf/lib/mno-hw-mul\libc.a(lib_a-__atexit.o)
 .data          0x000000000000bba4        0x0 c:/intelfpga_lite/18.1/nios2eds/bin/gnu/h-x86_64-mingw32/bin/../lib/gcc/nios2-elf/5.3.0/../../../../../H-x86_64-mingw32/nios2-elf/lib/mno-hw-mul\libc.a(lib_a-__call_atexit.o)
 .data          0x000000000000bba4        0x0 c:/intelfpga_lite/18.1/nios2eds/bin/gnu/h-x86_64-mingw32/bin/../lib/gcc/nios2-elf/5.3.0/mno-hw-mul\libgcc.a(lib2-mul.o)
 .data          0x000000000000bba4        0x0 ../Lab2_bsp/\libhal_bsp.a(alt_exit.o)
                0x0000000000013ba4                _gp = ABSOLUTE ((. + 0x8000))
                [!provide]                        PROVIDE (gp, _gp)
 *(.rwdata .rwdata.*)
 *(.sdata .sdata.* .gnu.linkonce.s.*)
 .sdata         0x000000000000bba4       0x14 ../Lab2_bsp/\libhal_bsp.a(alt_dev.o)
                0x000000000000bba4                alt_fs_list
                0x000000000000bbac                alt_dev_list
                0x000000000000bbb4                alt_max_fd
 .sdata         0x000000000000bbb8        0x4 ../Lab2_bsp/\libhal_bsp.a(alt_errno.o)
                0x000000000000bbb8                alt_errno
 .sdata         0x000000000000bbbc        0x4 ../Lab2_bsp/\libhal_bsp.a(alt_irq_vars.o)
                0x000000000000bbbc                alt_priority_mask
 .sdata         0x000000000000bbc0        0x8 ../Lab2_bsp/\libhal_bsp.a(alt_tick.o)
                0x000000000000bbc0                alt_alarm_list
 .sdata._global_impure_ptr
                0x000000000000bbc8        0x4 c:/intelfpga_lite/18.1/nios2eds/bin/gnu/h-x86_64-mingw32/bin/../lib/gcc/nios2-elf/5.3.0/../../../../../H-x86_64-mingw32/nios2-elf/lib/mno-hw-mul\libc.a(lib_a-impure.o)
                0x000000000000bbc8                _global_impure_ptr
 .sdata._impure_ptr
                0x000000000000bbcc        0x4 c:/intelfpga_lite/18.1/nios2eds/bin/gnu/h-x86_64-mingw32/bin/../lib/gcc/nios2-elf/5.3.0/../../../../../H-x86_64-mingw32/nios2-elf/lib/mno-hw-mul\libc.a(lib_a-impure.o)
                0x000000000000bbcc                _impure_ptr
 *(.sdata2 .sdata2.* .gnu.linkonce.s2.*)
                0x000000000000bbd0                . = ALIGN (0x4)
                0x000000000000bbd0                _edata = ABSOLUTE (.)
                [!provide]                        PROVIDE (edata, ABSOLUTE (.))
                0x000000000000bbd0                PROVIDE (__ram_rwdata_end, ABSOLUTE (.))
                0x000000000000bbd0                PROVIDE (__flash_rwdata_start, LOADADDR (.rwdata))

.bss            0x000000000000d228      0x120
                0x000000000000d228                __bss_start = ABSOLUTE (.)
                [!provide]                        PROVIDE (__sbss_start, ABSOLUTE (.))
                [!provide]                        PROVIDE (___sbss_start, ABSOLUTE (.))
 *(.dynsbss)
 *(.sbss .sbss.* .gnu.linkonce.sb.*)
 .sbss          0x000000000000d228        0xc ../Lab2_bsp/\libhal_bsp.a(alt_main.o)
                0x000000000000d228                alt_argc
                0x000000000000d22c                alt_argv
                0x000000000000d230                alt_envp
 .sbss          0x000000000000d234        0x4 ../Lab2_bsp/\libhal_bsp.a(alt_irq_vars.o)
                0x000000000000d234                alt_irq_active
 .sbss          0x000000000000d238        0x8 ../Lab2_bsp/\libhal_bsp.a(alt_tick.o)
                0x000000000000d238                _alt_tick_rate
                0x000000000000d23c                _alt_nticks
 .sbss          0x000000000000d240        0x4 ../Lab2_bsp/\libhal_bsp.a(alt_instruction_exception_entry.o)
                0x000000000000d240                alt_instruction_exception_handler
 .sbss          0x000000000000d244        0x4 c:/intelfpga_lite/18.1/nios2eds/bin/gnu/h-x86_64-mingw32/bin/../lib/gcc/nios2-elf/5.3.0/../../../../../H-x86_64-mingw32/nios2-elf/lib/mno-hw-mul\libc.a(lib_a-int_errno.o)
                0x000000000000d244                errno
 *(.sbss2 .sbss2.* .gnu.linkonce.sb2.*)
 *(.scommon)
                [!provide]                        PROVIDE (__sbss_end, ABSOLUTE (.))
                [!provide]                        PROVIDE (___sbss_end, ABSOLUTE (.))
 *(.dynbss)
 *(.bss .bss.* .gnu.linkonce.b.*)
 .bss           0x000000000000d248        0x0 ../Lab2_bsp//obj/HAL/src/crt0.o
 .bss           0x000000000000d248        0x0 obj/default/part1.o
 .bss           0x000000000000d248        0x0 ../Lab2_bsp/\libhal_bsp.a(alt_load.o)
 .bss           0x000000000000d248        0x0 ../Lab2_bsp/\libhal_bsp.a(alt_main.o)
 .bss           0x000000000000d248        0x0 ../Lab2_bsp/\libhal_bsp.a(alt_sys_init.o)
 .bss           0x000000000000d248        0x0 ../Lab2_bsp/\libhal_bsp.a(altera_avalon_jtag_uart_fd.o)
 .bss           0x000000000000d248        0x0 ../Lab2_bsp/\libhal_bsp.a(altera_avalon_jtag_uart_init.o)
 .bss           0x000000000000d248        0x0 ../Lab2_bsp/\libhal_bsp.a(altera_avalon_jtag_uart_ioctl.o)
 .bss           0x000000000000d248        0x0 ../Lab2_bsp/\libhal_bsp.a(altera_avalon_jtag_uart_read.o)
 .bss           0x000000000000d248        0x0 ../Lab2_bsp/\libhal_bsp.a(altera_avalon_jtag_uart_write.o)
 .bss           0x000000000000d248        0x0 ../Lab2_bsp/\libhal_bsp.a(alt_alarm_start.o)
 .bss           0x000000000000d248        0x0 ../Lab2_bsp/\libhal_bsp.a(alt_close.o)
 .bss           0x000000000000d248        0x0 ../Lab2_bsp/\libhal_bsp.a(alt_dcache_flush_all.o)
 .bss           0x000000000000d248        0x0 ../Lab2_bsp/\libhal_bsp.a(alt_dev.o)
 .bss           0x000000000000d248        0x0 ../Lab2_bsp/\libhal_bsp.a(alt_dev_llist_insert.o)
 .bss           0x000000000000d248        0x0 ../Lab2_bsp/\libhal_bsp.a(alt_do_ctors.o)
 .bss           0x000000000000d248        0x0 ../Lab2_bsp/\libhal_bsp.a(alt_do_dtors.o)
 .bss           0x000000000000d248        0x0 ../Lab2_bsp/\libhal_bsp.a(alt_errno.o)
 .bss           0x000000000000d248        0x0 ../Lab2_bsp/\libhal_bsp.a(alt_icache_flush_all.o)
 .bss           0x000000000000d248        0x0 ../Lab2_bsp/\libhal_bsp.a(alt_iic.o)
 .bss           0x000000000000d248        0x0 ../Lab2_bsp/\libhal_bsp.a(alt_iic_isr_register.o)
 .bss           0x000000000000d248        0x0 ../Lab2_bsp/\libhal_bsp.a(alt_io_redirect.o)
 .bss           0x000000000000d248        0x0 ../Lab2_bsp/\libhal_bsp.a(alt_irq_entry.o)
 .bss           0x000000000000d248        0x0 ../Lab2_bsp/\libhal_bsp.a(alt_irq_handler.o)
 .bss           0x000000000000d248        0x0 ../Lab2_bsp/\libhal_bsp.a(alt_irq_vars.o)
 .bss           0x000000000000d248        0x0 ../Lab2_bsp/\libhal_bsp.a(alt_open.o)
 .bss           0x000000000000d248        0x0 ../Lab2_bsp/\libhal_bsp.a(alt_release_fd.o)
 .bss           0x000000000000d248        0x0 ../Lab2_bsp/\libhal_bsp.a(alt_tick.o)
 .bss           0x000000000000d248        0x0 ../Lab2_bsp/\libhal_bsp.a(altera_nios2_gen2_irq.o)
 .bss           0x000000000000d248        0x0 ../Lab2_bsp/\libhal_bsp.a(alt_exception_entry.o)
 .bss           0x000000000000d248        0x0 ../Lab2_bsp/\libhal_bsp.a(alt_find_dev.o)
 .bss           0x000000000000d248        0x0 ../Lab2_bsp/\libhal_bsp.a(alt_find_file.o)
 .bss           0x000000000000d248        0x0 ../Lab2_bsp/\libhal_bsp.a(alt_get_fd.o)
 .bss           0x000000000000d248        0x0 ../Lab2_bsp/\libhal_bsp.a(alt_instruction_exception_entry.o)
 .bss           0x000000000000d248        0x0 c:/intelfpga_lite/18.1/nios2eds/bin/gnu/h-x86_64-mingw32/bin/../lib/gcc/nios2-elf/5.3.0/../../../../../H-x86_64-mingw32/nios2-elf/lib/mno-hw-mul\libc.a(lib_a-atexit.o)
 .bss           0x000000000000d248        0x0 c:/intelfpga_lite/18.1/nios2eds/bin/gnu/h-x86_64-mingw32/bin/../lib/gcc/nios2-elf/5.3.0/../../../../../H-x86_64-mingw32/nios2-elf/lib/mno-hw-mul\libc.a(lib_a-exit.o)
 .bss           0x000000000000d248        0x0 c:/intelfpga_lite/18.1/nios2eds/bin/gnu/h-x86_64-mingw32/bin/../lib/gcc/nios2-elf/5.3.0/../../../../../H-x86_64-mingw32/nios2-elf/lib/mno-hw-mul\libc.a(lib_a-impure.o)
 .bss           0x000000000000d248        0x0 c:/intelfpga_lite/18.1/nios2eds/bin/gnu/h-x86_64-mingw32/bin/../lib/gcc/nios2-elf/5.3.0/../../../../../H-x86_64-mingw32/nios2-elf/lib/mno-hw-mul\libc.a(lib_a-int_errno.o)
 .bss           0x000000000000d248        0x0 c:/intelfpga_lite/18.1/nios2eds/bin/gnu/h-x86_64-mingw32/bin/../lib/gcc/nios2-elf/5.3.0/../../../../../H-x86_64-mingw32/nios2-elf/lib/mno-hw-mul\libc.a(lib_a-memcmp.o)
 .bss           0x000000000000d248        0x0 c:/intelfpga_lite/18.1/nios2eds/bin/gnu/h-x86_64-mingw32/bin/../lib/gcc/nios2-elf/5.3.0/../../../../../H-x86_64-mingw32/nios2-elf/lib/mno-hw-mul\libc.a(lib_a-memcpy.o)
 .bss           0x000000000000d248        0x0 c:/intelfpga_lite/18.1/nios2eds/bin/gnu/h-x86_64-mingw32/bin/../lib/gcc/nios2-elf/5.3.0/../../../../../H-x86_64-mingw32/nios2-elf/lib/mno-hw-mul\libc.a(lib_a-strlen.o)
 .bss           0x000000000000d248        0x0 c:/intelfpga_lite/18.1/nios2eds/bin/gnu/h-x86_64-mingw32/bin/../lib/gcc/nios2-elf/5.3.0/../../../../../H-x86_64-mingw32/nios2-elf/lib/mno-hw-mul\libc.a(lib_a-__atexit.o)
 .bss           0x000000000000d248        0x0 c:/intelfpga_lite/18.1/nios2eds/bin/gnu/h-x86_64-mingw32/bin/../lib/gcc/nios2-elf/5.3.0/../../../../../H-x86_64-mingw32/nios2-elf/lib/mno-hw-mul\libc.a(lib_a-__call_atexit.o)
 .bss           0x000000000000d248        0x0 c:/intelfpga_lite/18.1/nios2eds/bin/gnu/h-x86_64-mingw32/bin/../lib/gcc/nios2-elf/5.3.0/mno-hw-mul\libgcc.a(lib2-mul.o)
 .bss           0x000000000000d248        0x0 ../Lab2_bsp/\libhal_bsp.a(alt_exit.o)
 *(COMMON)
 COMMON         0x000000000000d248      0x100 ../Lab2_bsp/\libhal_bsp.a(alt_irq_handler.o)
                0x000000000000d248                alt_irq
                0x000000000000d348                . = ALIGN (0x4)
                0x000000000000d348                __bss_end = ABSOLUTE (.)

.onchip_memory2_0
                0x000000000000d348        0x0
                [!provide]                        PROVIDE (_alt_partition_onchip_memory2_0_start, ABSOLUTE (.))
 *(.onchip_memory2_0 .onchip_memory2_0. onchip_memory2_0.*)
                0x000000000000d348                . = ALIGN (0x4)
                [!provide]                        PROVIDE (_alt_partition_onchip_memory2_0_end, ABSOLUTE (.))
                0x000000000000d348                _end = ABSOLUTE (.)
                0x000000000000d348                end = ABSOLUTE (.)
                0x000000000000d348                __alt_stack_base = ABSOLUTE (.)
                [!provide]                        PROVIDE (_alt_partition_onchip_memory2_0_load_addr, LOADADDR (.onchip_memory2_0))

.stab
 *(.stab)

.stabstr
 *(.stabstr)

.stab.excl
 *(.stab.excl)

.stab.exclstr
 *(.stab.exclstr)

.stab.index
 *(.stab.index)

.stab.indexstr
 *(.stab.indexstr)

.comment        0x0000000000000000       0x23
 *(.comment)
 .comment       0x0000000000000000       0x23 ../Lab2_bsp/\libhal_bsp.a(alt_load.o)
                                         0x24 (size before relaxing)
 .comment       0x0000000000000023       0x24 ../Lab2_bsp/\libhal_bsp.a(alt_main.o)
 .comment       0x0000000000000023       0x24 ../Lab2_bsp/\libhal_bsp.a(alt_sys_init.o)
 .comment       0x0000000000000023       0x24 ../Lab2_bsp/\libhal_bsp.a(altera_avalon_jtag_uart_fd.o)
 .comment       0x0000000000000023       0x24 ../Lab2_bsp/\libhal_bsp.a(altera_avalon_jtag_uart_init.o)
 .comment       0x0000000000000023       0x24 ../Lab2_bsp/\libhal_bsp.a(altera_avalon_jtag_uart_ioctl.o)
 .comment       0x0000000000000023       0x24 ../Lab2_bsp/\libhal_bsp.a(altera_avalon_jtag_uart_read.o)
 .comment       0x0000000000000023       0x24 ../Lab2_bsp/\libhal_bsp.a(altera_avalon_jtag_uart_write.o)
 .comment       0x0000000000000023       0x24 ../Lab2_bsp/\libhal_bsp.a(alt_alarm_start.o)
 .comment       0x0000000000000023       0x24 ../Lab2_bsp/\libhal_bsp.a(alt_close.o)
 .comment       0x0000000000000023       0x24 ../Lab2_bsp/\libhal_bsp.a(alt_dcache_flush_all.o)
 .comment       0x0000000000000023       0x24 ../Lab2_bsp/\libhal_bsp.a(alt_dev.o)
 .comment       0x0000000000000023       0x24 ../Lab2_bsp/\libhal_bsp.a(alt_dev_llist_insert.o)
 .comment       0x0000000000000023       0x24 ../Lab2_bsp/\libhal_bsp.a(alt_do_ctors.o)
 .comment       0x0000000000000023       0x24 ../Lab2_bsp/\libhal_bsp.a(alt_do_dtors.o)
 .comment       0x0000000000000023       0x24 ../Lab2_bsp/\libhal_bsp.a(alt_errno.o)
 .comment       0x0000000000000023       0x24 ../Lab2_bsp/\libhal_bsp.a(alt_icache_flush_all.o)
 .comment       0x0000000000000023       0x24 ../Lab2_bsp/\libhal_bsp.a(alt_iic.o)
 .comment       0x0000000000000023       0x24 ../Lab2_bsp/\libhal_bsp.a(alt_iic_isr_register.o)
 .comment       0x0000000000000023       0x24 ../Lab2_bsp/\libhal_bsp.a(alt_io_redirect.o)
 .comment       0x0000000000000023       0x24 ../Lab2_bsp/\libhal_bsp.a(alt_irq_handler.o)
 .comment       0x0000000000000023       0x24 ../Lab2_bsp/\libhal_bsp.a(alt_irq_vars.o)
 .comment       0x0000000000000023       0x24 ../Lab2_bsp/\libhal_bsp.a(alt_open.o)
 .comment       0x0000000000000023       0x24 ../Lab2_bsp/\libhal_bsp.a(alt_release_fd.o)
 .comment       0x0000000000000023       0x24 ../Lab2_bsp/\libhal_bsp.a(alt_tick.o)
 .comment       0x0000000000000023       0x24 ../Lab2_bsp/\libhal_bsp.a(altera_nios2_gen2_irq.o)
 .comment       0x0000000000000023       0x24 ../Lab2_bsp/\libhal_bsp.a(alt_find_dev.o)
 .comment       0x0000000000000023       0x24 ../Lab2_bsp/\libhal_bsp.a(alt_find_file.o)
 .comment       0x0000000000000023       0x24 ../Lab2_bsp/\libhal_bsp.a(alt_get_fd.o)
 .comment       0x0000000000000023       0x24 ../Lab2_bsp/\libhal_bsp.a(alt_instruction_exception_entry.o)
 .comment       0x0000000000000023       0x24 c:/intelfpga_lite/18.1/nios2eds/bin/gnu/h-x86_64-mingw32/bin/../lib/gcc/nios2-elf/5.3.0/../../../../../H-x86_64-mingw32/nios2-elf/lib/mno-hw-mul\libc.a(lib_a-atexit.o)
 .comment       0x0000000000000023       0x24 c:/intelfpga_lite/18.1/nios2eds/bin/gnu/h-x86_64-mingw32/bin/../lib/gcc/nios2-elf/5.3.0/../../../../../H-x86_64-mingw32/nios2-elf/lib/mno-hw-mul\libc.a(lib_a-exit.o)
 .comment       0x0000000000000023       0x24 c:/intelfpga_lite/18.1/nios2eds/bin/gnu/h-x86_64-mingw32/bin/../lib/gcc/nios2-elf/5.3.0/../../../../../H-x86_64-mingw32/nios2-elf/lib/mno-hw-mul\libc.a(lib_a-impure.o)
 .comment       0x0000000000000023       0x24 c:/intelfpga_lite/18.1/nios2eds/bin/gnu/h-x86_64-mingw32/bin/../lib/gcc/nios2-elf/5.3.0/../../../../../H-x86_64-mingw32/nios2-elf/lib/mno-hw-mul\libc.a(lib_a-int_errno.o)
 .comment       0x0000000000000023       0x24 c:/intelfpga_lite/18.1/nios2eds/bin/gnu/h-x86_64-mingw32/bin/../lib/gcc/nios2-elf/5.3.0/../../../../../H-x86_64-mingw32/nios2-elf/lib/mno-hw-mul\libc.a(lib_a-memcmp.o)
 .comment       0x0000000000000023       0x24 c:/intelfpga_lite/18.1/nios2eds/bin/gnu/h-x86_64-mingw32/bin/../lib/gcc/nios2-elf/5.3.0/../../../../../H-x86_64-mingw32/nios2-elf/lib/mno-hw-mul\libc.a(lib_a-memcpy.o)
 .comment       0x0000000000000023       0x24 c:/intelfpga_lite/18.1/nios2eds/bin/gnu/h-x86_64-mingw32/bin/../lib/gcc/nios2-elf/5.3.0/../../../../../H-x86_64-mingw32/nios2-elf/lib/mno-hw-mul\libc.a(lib_a-strlen.o)
 .comment       0x0000000000000023       0x24 c:/intelfpga_lite/18.1/nios2eds/bin/gnu/h-x86_64-mingw32/bin/../lib/gcc/nios2-elf/5.3.0/../../../../../H-x86_64-mingw32/nios2-elf/lib/mno-hw-mul\libc.a(lib_a-__atexit.o)
 .comment       0x0000000000000023       0x24 c:/intelfpga_lite/18.1/nios2eds/bin/gnu/h-x86_64-mingw32/bin/../lib/gcc/nios2-elf/5.3.0/../../../../../H-x86_64-mingw32/nios2-elf/lib/mno-hw-mul\libc.a(lib_a-__call_atexit.o)
 .comment       0x0000000000000023       0x24 c:/intelfpga_lite/18.1/nios2eds/bin/gnu/h-x86_64-mingw32/bin/../lib/gcc/nios2-elf/5.3.0/mno-hw-mul\libgcc.a(lib2-mul.o)
 .comment       0x0000000000000023       0x24 ../Lab2_bsp/\libhal_bsp.a(alt_exit.o)

.debug
 *(.debug)

.line
 *(.line)

.debug_srcinfo
 *(.debug_srcinfo)

.debug_sfnames
 *(.debug_sfnames)

.debug_aranges  0x0000000000000000      0x5b8
 *(.debug_aranges)
 .debug_aranges
                0x0000000000000000       0x28 ../Lab2_bsp//obj/HAL/src/crt0.o
 .debug_aranges
                0x0000000000000028       0x20 obj/default/part1.o
 .debug_aranges
                0x0000000000000048       0x20 ../Lab2_bsp/\libhal_bsp.a(alt_load.o)
 .debug_aranges
                0x0000000000000068       0x20 ../Lab2_bsp/\libhal_bsp.a(alt_main.o)
 .debug_aranges
                0x0000000000000088       0x20 ../Lab2_bsp/\libhal_bsp.a(alt_sys_init.o)
 .debug_aranges
                0x00000000000000a8       0x20 ../Lab2_bsp/\libhal_bsp.a(altera_avalon_jtag_uart_fd.o)
 .debug_aranges
                0x00000000000000c8       0x20 ../Lab2_bsp/\libhal_bsp.a(altera_avalon_jtag_uart_init.o)
 .debug_aranges
                0x00000000000000e8       0x20 ../Lab2_bsp/\libhal_bsp.a(altera_avalon_jtag_uart_ioctl.o)
 .debug_aranges
                0x0000000000000108       0x20 ../Lab2_bsp/\libhal_bsp.a(altera_avalon_jtag_uart_read.o)
 .debug_aranges
                0x0000000000000128       0x20 ../Lab2_bsp/\libhal_bsp.a(altera_avalon_jtag_uart_write.o)
 .debug_aranges
                0x0000000000000148       0x20 ../Lab2_bsp/\libhal_bsp.a(alt_alarm_start.o)
 .debug_aranges
                0x0000000000000168       0x20 ../Lab2_bsp/\libhal_bsp.a(alt_close.o)
 .debug_aranges
                0x0000000000000188       0x20 ../Lab2_bsp/\libhal_bsp.a(alt_dcache_flush_all.o)
 .debug_aranges
                0x00000000000001a8       0x20 ../Lab2_bsp/\libhal_bsp.a(alt_dev.o)
 .debug_aranges
                0x00000000000001c8       0x20 ../Lab2_bsp/\libhal_bsp.a(alt_dev_llist_insert.o)
 .debug_aranges
                0x00000000000001e8       0x20 ../Lab2_bsp/\libhal_bsp.a(alt_do_ctors.o)
 .debug_aranges
                0x0000000000000208       0x20 ../Lab2_bsp/\libhal_bsp.a(alt_do_dtors.o)
 .debug_aranges
                0x0000000000000228       0x18 ../Lab2_bsp/\libhal_bsp.a(alt_errno.o)
 .debug_aranges
                0x0000000000000240       0x20 ../Lab2_bsp/\libhal_bsp.a(alt_icache_flush_all.o)
 .debug_aranges
                0x0000000000000260       0x20 ../Lab2_bsp/\libhal_bsp.a(alt_iic.o)
 .debug_aranges
                0x0000000000000280       0x20 ../Lab2_bsp/\libhal_bsp.a(alt_iic_isr_register.o)
 .debug_aranges
                0x00000000000002a0       0x20 ../Lab2_bsp/\libhal_bsp.a(alt_io_redirect.o)
 .debug_aranges
                0x00000000000002c0       0x30 ../Lab2_bsp/\libhal_bsp.a(alt_irq_entry.o)
 .debug_aranges
                0x00000000000002f0       0x20 ../Lab2_bsp/\libhal_bsp.a(alt_irq_handler.o)
 .debug_aranges
                0x0000000000000310       0x18 ../Lab2_bsp/\libhal_bsp.a(alt_irq_vars.o)
 .debug_aranges
                0x0000000000000328       0x20 ../Lab2_bsp/\libhal_bsp.a(alt_open.o)
 .debug_aranges
                0x0000000000000348       0x20 ../Lab2_bsp/\libhal_bsp.a(alt_release_fd.o)
 .debug_aranges
                0x0000000000000368       0x20 ../Lab2_bsp/\libhal_bsp.a(alt_tick.o)
 .debug_aranges
                0x0000000000000388       0x20 ../Lab2_bsp/\libhal_bsp.a(altera_nios2_gen2_irq.o)
 .debug_aranges
                0x00000000000003a8       0x38 ../Lab2_bsp/\libhal_bsp.a(alt_exception_entry.o)
 .debug_aranges
                0x00000000000003e0       0x20 ../Lab2_bsp/\libhal_bsp.a(alt_find_dev.o)
 .debug_aranges
                0x0000000000000400       0x20 ../Lab2_bsp/\libhal_bsp.a(alt_find_file.o)
 .debug_aranges
                0x0000000000000420       0x20 ../Lab2_bsp/\libhal_bsp.a(alt_get_fd.o)
 .debug_aranges
                0x0000000000000440       0x28 ../Lab2_bsp/\libhal_bsp.a(alt_instruction_exception_entry.o)
 .debug_aranges
                0x0000000000000468       0x20 c:/intelfpga_lite/18.1/nios2eds/bin/gnu/h-x86_64-mingw32/bin/../lib/gcc/nios2-elf/5.3.0/../../../../../H-x86_64-mingw32/nios2-elf/lib/mno-hw-mul\libc.a(lib_a-atexit.o)
 .debug_aranges
                0x0000000000000488       0x20 c:/intelfpga_lite/18.1/nios2eds/bin/gnu/h-x86_64-mingw32/bin/../lib/gcc/nios2-elf/5.3.0/../../../../../H-x86_64-mingw32/nios2-elf/lib/mno-hw-mul\libc.a(lib_a-exit.o)
 .debug_aranges
                0x00000000000004a8       0x18 c:/intelfpga_lite/18.1/nios2eds/bin/gnu/h-x86_64-mingw32/bin/../lib/gcc/nios2-elf/5.3.0/../../../../../H-x86_64-mingw32/nios2-elf/lib/mno-hw-mul\libc.a(lib_a-impure.o)
 .debug_aranges
                0x00000000000004c0       0x18 c:/intelfpga_lite/18.1/nios2eds/bin/gnu/h-x86_64-mingw32/bin/../lib/gcc/nios2-elf/5.3.0/../../../../../H-x86_64-mingw32/nios2-elf/lib/mno-hw-mul\libc.a(lib_a-int_errno.o)
 .debug_aranges
                0x00000000000004d8       0x20 c:/intelfpga_lite/18.1/nios2eds/bin/gnu/h-x86_64-mingw32/bin/../lib/gcc/nios2-elf/5.3.0/../../../../../H-x86_64-mingw32/nios2-elf/lib/mno-hw-mul\libc.a(lib_a-memcmp.o)
 .debug_aranges
                0x00000000000004f8       0x20 c:/intelfpga_lite/18.1/nios2eds/bin/gnu/h-x86_64-mingw32/bin/../lib/gcc/nios2-elf/5.3.0/../../../../../H-x86_64-mingw32/nios2-elf/lib/mno-hw-mul\libc.a(lib_a-memcpy.o)
 .debug_aranges
                0x0000000000000518       0x20 c:/intelfpga_lite/18.1/nios2eds/bin/gnu/h-x86_64-mingw32/bin/../lib/gcc/nios2-elf/5.3.0/../../../../../H-x86_64-mingw32/nios2-elf/lib/mno-hw-mul\libc.a(lib_a-strlen.o)
 .debug_aranges
                0x0000000000000538       0x20 c:/intelfpga_lite/18.1/nios2eds/bin/gnu/h-x86_64-mingw32/bin/../lib/gcc/nios2-elf/5.3.0/../../../../../H-x86_64-mingw32/nios2-elf/lib/mno-hw-mul\libc.a(lib_a-__atexit.o)
 .debug_aranges
                0x0000000000000558       0x20 c:/intelfpga_lite/18.1/nios2eds/bin/gnu/h-x86_64-mingw32/bin/../lib/gcc/nios2-elf/5.3.0/../../../../../H-x86_64-mingw32/nios2-elf/lib/mno-hw-mul\libc.a(lib_a-__call_atexit.o)
 .debug_aranges
                0x0000000000000578       0x20 c:/intelfpga_lite/18.1/nios2eds/bin/gnu/h-x86_64-mingw32/bin/../lib/gcc/nios2-elf/5.3.0/mno-hw-mul\libgcc.a(lib2-mul.o)
 .debug_aranges
                0x0000000000000598       0x20 ../Lab2_bsp/\libhal_bsp.a(alt_exit.o)

.debug_pubnames
 *(.debug_pubnames)

.debug_info     0x0000000000000000     0x7470
 *(.debug_info .gnu.linkonce.wi.*)
 .debug_info    0x0000000000000000       0x5f ../Lab2_bsp//obj/HAL/src/crt0.o
 .debug_info    0x000000000000005f       0x58 obj/default/part1.o
 .debug_info    0x00000000000000b7      0x145 ../Lab2_bsp/\libhal_bsp.a(alt_load.o)
 .debug_info    0x00000000000001fc      0x131 ../Lab2_bsp/\libhal_bsp.a(alt_main.o)
 .debug_info    0x000000000000032d      0x4c3 ../Lab2_bsp/\libhal_bsp.a(alt_sys_init.o)
 .debug_info    0x00000000000007f0      0x52e ../Lab2_bsp/\libhal_bsp.a(altera_avalon_jtag_uart_fd.o)
 .debug_info    0x0000000000000d1e      0x3a0 ../Lab2_bsp/\libhal_bsp.a(altera_avalon_jtag_uart_init.o)
 .debug_info    0x00000000000010be      0x280 ../Lab2_bsp/\libhal_bsp.a(altera_avalon_jtag_uart_ioctl.o)
 .debug_info    0x000000000000133e      0x345 ../Lab2_bsp/\libhal_bsp.a(altera_avalon_jtag_uart_read.o)
 .debug_info    0x0000000000001683      0x340 ../Lab2_bsp/\libhal_bsp.a(altera_avalon_jtag_uart_write.o)
 .debug_info    0x00000000000019c3      0x2cc ../Lab2_bsp/\libhal_bsp.a(alt_alarm_start.o)
 .debug_info    0x0000000000001c8f      0x321 ../Lab2_bsp/\libhal_bsp.a(alt_close.o)
 .debug_info    0x0000000000001fb0       0x92 ../Lab2_bsp/\libhal_bsp.a(alt_dcache_flush_all.o)
 .debug_info    0x0000000000002042      0x49c ../Lab2_bsp/\libhal_bsp.a(alt_dev.o)
 .debug_info    0x00000000000024de      0x1a9 ../Lab2_bsp/\libhal_bsp.a(alt_dev_llist_insert.o)
 .debug_info    0x0000000000002687       0x83 ../Lab2_bsp/\libhal_bsp.a(alt_do_ctors.o)
 .debug_info    0x000000000000270a       0x83 ../Lab2_bsp/\libhal_bsp.a(alt_do_dtors.o)
 .debug_info    0x000000000000278d       0xa6 ../Lab2_bsp/\libhal_bsp.a(alt_errno.o)
 .debug_info    0x0000000000002833       0x92 ../Lab2_bsp/\libhal_bsp.a(alt_icache_flush_all.o)
 .debug_info    0x00000000000028c5      0x350 ../Lab2_bsp/\libhal_bsp.a(alt_iic.o)
 .debug_info    0x0000000000002c15      0x1ef ../Lab2_bsp/\libhal_bsp.a(alt_iic_isr_register.o)
 .debug_info    0x0000000000002e04      0x4a5 ../Lab2_bsp/\libhal_bsp.a(alt_io_redirect.o)
 .debug_info    0x00000000000032a9       0x68 ../Lab2_bsp/\libhal_bsp.a(alt_irq_entry.o)
 .debug_info    0x0000000000003311      0x187 ../Lab2_bsp/\libhal_bsp.a(alt_irq_handler.o)
 .debug_info    0x0000000000003498       0x88 ../Lab2_bsp/\libhal_bsp.a(alt_irq_vars.o)
 .debug_info    0x0000000000003520      0x3bb ../Lab2_bsp/\libhal_bsp.a(alt_open.o)
 .debug_info    0x00000000000038db      0x2b0 ../Lab2_bsp/\libhal_bsp.a(alt_release_fd.o)
 .debug_info    0x0000000000003b8b      0x299 ../Lab2_bsp/\libhal_bsp.a(alt_tick.o)
 .debug_info    0x0000000000003e24       0x92 ../Lab2_bsp/\libhal_bsp.a(altera_nios2_gen2_irq.o)
 .debug_info    0x0000000000003eb6       0x6e ../Lab2_bsp/\libhal_bsp.a(alt_exception_entry.o)
 .debug_info    0x0000000000003f24      0x2e9 ../Lab2_bsp/\libhal_bsp.a(alt_find_dev.o)
 .debug_info    0x000000000000420d      0x2e6 ../Lab2_bsp/\libhal_bsp.a(alt_find_file.o)
 .debug_info    0x00000000000044f3      0x310 ../Lab2_bsp/\libhal_bsp.a(alt_get_fd.o)
 .debug_info    0x0000000000004803      0x1e7 ../Lab2_bsp/\libhal_bsp.a(alt_instruction_exception_entry.o)
 .debug_info    0x00000000000049ea       0xfe c:/intelfpga_lite/18.1/nios2eds/bin/gnu/h-x86_64-mingw32/bin/../lib/gcc/nios2-elf/5.3.0/../../../../../H-x86_64-mingw32/nios2-elf/lib/mno-hw-mul\libc.a(lib_a-atexit.o)
 .debug_info    0x0000000000004ae8      0x8e4 c:/intelfpga_lite/18.1/nios2eds/bin/gnu/h-x86_64-mingw32/bin/../lib/gcc/nios2-elf/5.3.0/../../../../../H-x86_64-mingw32/nios2-elf/lib/mno-hw-mul\libc.a(lib_a-exit.o)
 .debug_info    0x00000000000053cc      0x8a1 c:/intelfpga_lite/18.1/nios2eds/bin/gnu/h-x86_64-mingw32/bin/../lib/gcc/nios2-elf/5.3.0/../../../../../H-x86_64-mingw32/nios2-elf/lib/mno-hw-mul\libc.a(lib_a-impure.o)
 .debug_info    0x0000000000005c6d       0x8a c:/intelfpga_lite/18.1/nios2eds/bin/gnu/h-x86_64-mingw32/bin/../lib/gcc/nios2-elf/5.3.0/../../../../../H-x86_64-mingw32/nios2-elf/lib/mno-hw-mul\libc.a(lib_a-int_errno.o)
 .debug_info    0x0000000000005cf7      0x11a c:/intelfpga_lite/18.1/nios2eds/bin/gnu/h-x86_64-mingw32/bin/../lib/gcc/nios2-elf/5.3.0/../../../../../H-x86_64-mingw32/nios2-elf/lib/mno-hw-mul\libc.a(lib_a-memcmp.o)
 .debug_info    0x0000000000005e11      0x144 c:/intelfpga_lite/18.1/nios2eds/bin/gnu/h-x86_64-mingw32/bin/../lib/gcc/nios2-elf/5.3.0/../../../../../H-x86_64-mingw32/nios2-elf/lib/mno-hw-mul\libc.a(lib_a-memcpy.o)
 .debug_info    0x0000000000005f55       0xe2 c:/intelfpga_lite/18.1/nios2eds/bin/gnu/h-x86_64-mingw32/bin/../lib/gcc/nios2-elf/5.3.0/../../../../../H-x86_64-mingw32/nios2-elf/lib/mno-hw-mul\libc.a(lib_a-strlen.o)
 .debug_info    0x0000000000006037      0x934 c:/intelfpga_lite/18.1/nios2eds/bin/gnu/h-x86_64-mingw32/bin/../lib/gcc/nios2-elf/5.3.0/../../../../../H-x86_64-mingw32/nios2-elf/lib/mno-hw-mul\libc.a(lib_a-__atexit.o)
 .debug_info    0x000000000000696b      0x965 c:/intelfpga_lite/18.1/nios2eds/bin/gnu/h-x86_64-mingw32/bin/../lib/gcc/nios2-elf/5.3.0/../../../../../H-x86_64-mingw32/nios2-elf/lib/mno-hw-mul\libc.a(lib_a-__call_atexit.o)
 .debug_info    0x00000000000072d0       0xb4 c:/intelfpga_lite/18.1/nios2eds/bin/gnu/h-x86_64-mingw32/bin/../lib/gcc/nios2-elf/5.3.0/mno-hw-mul\libgcc.a(lib2-mul.o)
 .debug_info    0x0000000000007384       0xec ../Lab2_bsp/\libhal_bsp.a(alt_exit.o)

.debug_abbrev   0x0000000000000000     0x28c8
 *(.debug_abbrev)
 .debug_abbrev  0x0000000000000000       0x12 ../Lab2_bsp//obj/HAL/src/crt0.o
 .debug_abbrev  0x0000000000000012       0x14 obj/default/part1.o
 .debug_abbrev  0x0000000000000026       0x9f ../Lab2_bsp/\libhal_bsp.a(alt_load.o)
 .debug_abbrev  0x00000000000000c5       0xba ../Lab2_bsp/\libhal_bsp.a(alt_main.o)
 .debug_abbrev  0x000000000000017f      0x187 ../Lab2_bsp/\libhal_bsp.a(alt_sys_init.o)
 .debug_abbrev  0x0000000000000306      0x127 ../Lab2_bsp/\libhal_bsp.a(altera_avalon_jtag_uart_fd.o)
 .debug_abbrev  0x000000000000042d      0x19e ../Lab2_bsp/\libhal_bsp.a(altera_avalon_jtag_uart_init.o)
 .debug_abbrev  0x00000000000005cb      0x111 ../Lab2_bsp/\libhal_bsp.a(altera_avalon_jtag_uart_ioctl.o)
 .debug_abbrev  0x00000000000006dc      0x1aa ../Lab2_bsp/\libhal_bsp.a(altera_avalon_jtag_uart_read.o)
 .debug_abbrev  0x0000000000000886      0x1a8 ../Lab2_bsp/\libhal_bsp.a(altera_avalon_jtag_uart_write.o)
 .debug_abbrev  0x0000000000000a2e      0x162 ../Lab2_bsp/\libhal_bsp.a(alt_alarm_start.o)
 .debug_abbrev  0x0000000000000b90      0x11f ../Lab2_bsp/\libhal_bsp.a(alt_close.o)
 .debug_abbrev  0x0000000000000caf       0x42 ../Lab2_bsp/\libhal_bsp.a(alt_dcache_flush_all.o)
 .debug_abbrev  0x0000000000000cf1       0xd9 ../Lab2_bsp/\libhal_bsp.a(alt_dev.o)
 .debug_abbrev  0x0000000000000dca      0x114 ../Lab2_bsp/\libhal_bsp.a(alt_dev_llist_insert.o)
 .debug_abbrev  0x0000000000000ede       0x79 ../Lab2_bsp/\libhal_bsp.a(alt_do_ctors.o)
 .debug_abbrev  0x0000000000000f57       0x79 ../Lab2_bsp/\libhal_bsp.a(alt_do_dtors.o)
 .debug_abbrev  0x0000000000000fd0       0x5a ../Lab2_bsp/\libhal_bsp.a(alt_errno.o)
 .debug_abbrev  0x000000000000102a       0x42 ../Lab2_bsp/\libhal_bsp.a(alt_icache_flush_all.o)
 .debug_abbrev  0x000000000000106c      0x163 ../Lab2_bsp/\libhal_bsp.a(alt_iic.o)
 .debug_abbrev  0x00000000000011cf      0x169 ../Lab2_bsp/\libhal_bsp.a(alt_iic_isr_register.o)
 .debug_abbrev  0x0000000000001338      0x114 ../Lab2_bsp/\libhal_bsp.a(alt_io_redirect.o)
 .debug_abbrev  0x000000000000144c       0x12 ../Lab2_bsp/\libhal_bsp.a(alt_irq_entry.o)
 .debug_abbrev  0x000000000000145e      0x122 ../Lab2_bsp/\libhal_bsp.a(alt_irq_handler.o)
 .debug_abbrev  0x0000000000001580       0x40 ../Lab2_bsp/\libhal_bsp.a(alt_irq_vars.o)
 .debug_abbrev  0x00000000000015c0      0x148 ../Lab2_bsp/\libhal_bsp.a(alt_open.o)
 .debug_abbrev  0x0000000000001708       0xde ../Lab2_bsp/\libhal_bsp.a(alt_release_fd.o)
 .debug_abbrev  0x00000000000017e6      0x15a ../Lab2_bsp/\libhal_bsp.a(alt_tick.o)
 .debug_abbrev  0x0000000000001940       0x42 ../Lab2_bsp/\libhal_bsp.a(altera_nios2_gen2_irq.o)
 .debug_abbrev  0x0000000000001982       0x12 ../Lab2_bsp/\libhal_bsp.a(alt_exception_entry.o)
 .debug_abbrev  0x0000000000001994       0xf0 ../Lab2_bsp/\libhal_bsp.a(alt_find_dev.o)
 .debug_abbrev  0x0000000000001a84       0xf0 ../Lab2_bsp/\libhal_bsp.a(alt_find_file.o)
 .debug_abbrev  0x0000000000001b74      0x10d ../Lab2_bsp/\libhal_bsp.a(alt_get_fd.o)
 .debug_abbrev  0x0000000000001c81       0xdc ../Lab2_bsp/\libhal_bsp.a(alt_instruction_exception_entry.o)
 .debug_abbrev  0x0000000000001d5d       0xaa c:/intelfpga_lite/18.1/nios2eds/bin/gnu/h-x86_64-mingw32/bin/../lib/gcc/nios2-elf/5.3.0/../../../../../H-x86_64-mingw32/nios2-elf/lib/mno-hw-mul\libc.a(lib_a-atexit.o)
 .debug_abbrev  0x0000000000001e07      0x1e5 c:/intelfpga_lite/18.1/nios2eds/bin/gnu/h-x86_64-mingw32/bin/../lib/gcc/nios2-elf/5.3.0/../../../../../H-x86_64-mingw32/nios2-elf/lib/mno-hw-mul\libc.a(lib_a-exit.o)
 .debug_abbrev  0x0000000000001fec      0x18f c:/intelfpga_lite/18.1/nios2eds/bin/gnu/h-x86_64-mingw32/bin/../lib/gcc/nios2-elf/5.3.0/../../../../../H-x86_64-mingw32/nios2-elf/lib/mno-hw-mul\libc.a(lib_a-impure.o)
 .debug_abbrev  0x000000000000217b       0x37 c:/intelfpga_lite/18.1/nios2eds/bin/gnu/h-x86_64-mingw32/bin/../lib/gcc/nios2-elf/5.3.0/../../../../../H-x86_64-mingw32/nios2-elf/lib/mno-hw-mul\libc.a(lib_a-int_errno.o)
 .debug_abbrev  0x00000000000021b2       0x7f c:/intelfpga_lite/18.1/nios2eds/bin/gnu/h-x86_64-mingw32/bin/../lib/gcc/nios2-elf/5.3.0/../../../../../H-x86_64-mingw32/nios2-elf/lib/mno-hw-mul\libc.a(lib_a-memcmp.o)
 .debug_abbrev  0x0000000000002231       0xa3 c:/intelfpga_lite/18.1/nios2eds/bin/gnu/h-x86_64-mingw32/bin/../lib/gcc/nios2-elf/5.3.0/../../../../../H-x86_64-mingw32/nios2-elf/lib/mno-hw-mul\libc.a(lib_a-memcpy.o)
 .debug_abbrev  0x00000000000022d4       0x90 c:/intelfpga_lite/18.1/nios2eds/bin/gnu/h-x86_64-mingw32/bin/../lib/gcc/nios2-elf/5.3.0/../../../../../H-x86_64-mingw32/nios2-elf/lib/mno-hw-mul\libc.a(lib_a-strlen.o)
 .debug_abbrev  0x0000000000002364      0x21e c:/intelfpga_lite/18.1/nios2eds/bin/gnu/h-x86_64-mingw32/bin/../lib/gcc/nios2-elf/5.3.0/../../../../../H-x86_64-mingw32/nios2-elf/lib/mno-hw-mul\libc.a(lib_a-__atexit.o)
 .debug_abbrev  0x0000000000002582      0x22e c:/intelfpga_lite/18.1/nios2eds/bin/gnu/h-x86_64-mingw32/bin/../lib/gcc/nios2-elf/5.3.0/../../../../../H-x86_64-mingw32/nios2-elf/lib/mno-hw-mul\libc.a(lib_a-__call_atexit.o)
 .debug_abbrev  0x00000000000027b0       0x6f c:/intelfpga_lite/18.1/nios2eds/bin/gnu/h-x86_64-mingw32/bin/../lib/gcc/nios2-elf/5.3.0/mno-hw-mul\libgcc.a(lib2-mul.o)
 .debug_abbrev  0x000000000000281f       0xa9 ../Lab2_bsp/\libhal_bsp.a(alt_exit.o)

.debug_line     0x0000000000000000     0x2969
 *(.debug_line)
 .debug_line    0x0000000000000000       0x66 ../Lab2_bsp//obj/HAL/src/crt0.o
 .debug_line    0x0000000000000066       0x55 obj/default/part1.o
 .debug_line    0x00000000000000bb       0x8e ../Lab2_bsp/\libhal_bsp.a(alt_load.o)
 .debug_line    0x0000000000000149       0xa4 ../Lab2_bsp/\libhal_bsp.a(alt_main.o)
 .debug_line    0x00000000000001ed      0x137 ../Lab2_bsp/\libhal_bsp.a(alt_sys_init.o)
 .debug_line    0x0000000000000324      0x12f ../Lab2_bsp/\libhal_bsp.a(altera_avalon_jtag_uart_fd.o)
 .debug_line    0x0000000000000453      0x18b ../Lab2_bsp/\libhal_bsp.a(altera_avalon_jtag_uart_init.o)
 .debug_line    0x00000000000005de      0x131 ../Lab2_bsp/\libhal_bsp.a(altera_avalon_jtag_uart_ioctl.o)
 .debug_line    0x000000000000070f      0x171 ../Lab2_bsp/\libhal_bsp.a(altera_avalon_jtag_uart_read.o)
 .debug_line    0x0000000000000880      0x170 ../Lab2_bsp/\libhal_bsp.a(altera_avalon_jtag_uart_write.o)
 .debug_line    0x00000000000009f0       0xf9 ../Lab2_bsp/\libhal_bsp.a(alt_alarm_start.o)
 .debug_line    0x0000000000000ae9      0x165 ../Lab2_bsp/\libhal_bsp.a(alt_close.o)
 .debug_line    0x0000000000000c4e       0x51 ../Lab2_bsp/\libhal_bsp.a(alt_dcache_flush_all.o)
 .debug_line    0x0000000000000c9f       0xf8 ../Lab2_bsp/\libhal_bsp.a(alt_dev.o)
 .debug_line    0x0000000000000d97       0xcf ../Lab2_bsp/\libhal_bsp.a(alt_dev_llist_insert.o)
 .debug_line    0x0000000000000e66       0x59 ../Lab2_bsp/\libhal_bsp.a(alt_do_ctors.o)
 .debug_line    0x0000000000000ebf       0x59 ../Lab2_bsp/\libhal_bsp.a(alt_do_dtors.o)
 .debug_line    0x0000000000000f18       0x51 ../Lab2_bsp/\libhal_bsp.a(alt_errno.o)
 .debug_line    0x0000000000000f69       0x4f ../Lab2_bsp/\libhal_bsp.a(alt_icache_flush_all.o)
 .debug_line    0x0000000000000fb8       0xeb ../Lab2_bsp/\libhal_bsp.a(alt_iic.o)
 .debug_line    0x00000000000010a3       0xdb ../Lab2_bsp/\libhal_bsp.a(alt_iic_isr_register.o)
 .debug_line    0x000000000000117e      0x135 ../Lab2_bsp/\libhal_bsp.a(alt_io_redirect.o)
 .debug_line    0x00000000000012b3       0x6b ../Lab2_bsp/\libhal_bsp.a(alt_irq_entry.o)
 .debug_line    0x000000000000131e       0xaa ../Lab2_bsp/\libhal_bsp.a(alt_irq_handler.o)
 .debug_line    0x00000000000013c8       0x50 ../Lab2_bsp/\libhal_bsp.a(alt_irq_vars.o)
 .debug_line    0x0000000000001418      0x12b ../Lab2_bsp/\libhal_bsp.a(alt_open.o)
 .debug_line    0x0000000000001543       0xb0 ../Lab2_bsp/\libhal_bsp.a(alt_release_fd.o)
 .debug_line    0x00000000000015f3       0xff ../Lab2_bsp/\libhal_bsp.a(alt_tick.o)
 .debug_line    0x00000000000016f2       0x51 ../Lab2_bsp/\libhal_bsp.a(altera_nios2_gen2_irq.o)
 .debug_line    0x0000000000001743       0xb3 ../Lab2_bsp/\libhal_bsp.a(alt_exception_entry.o)
 .debug_line    0x00000000000017f6       0xb5 ../Lab2_bsp/\libhal_bsp.a(alt_find_dev.o)
 .debug_line    0x00000000000018ab       0xd1 ../Lab2_bsp/\libhal_bsp.a(alt_find_file.o)
 .debug_line    0x000000000000197c       0xd7 ../Lab2_bsp/\libhal_bsp.a(alt_get_fd.o)
 .debug_line    0x0000000000001a53       0xb9 ../Lab2_bsp/\libhal_bsp.a(alt_instruction_exception_entry.o)
 .debug_line    0x0000000000001b0c       0xe7 c:/intelfpga_lite/18.1/nios2eds/bin/gnu/h-x86_64-mingw32/bin/../lib/gcc/nios2-elf/5.3.0/../../../../../H-x86_64-mingw32/nios2-elf/lib/mno-hw-mul\libc.a(lib_a-atexit.o)
 .debug_line    0x0000000000001bf3      0x1fc c:/intelfpga_lite/18.1/nios2eds/bin/gnu/h-x86_64-mingw32/bin/../lib/gcc/nios2-elf/5.3.0/../../../../../H-x86_64-mingw32/nios2-elf/lib/mno-hw-mul\libc.a(lib_a-exit.o)
 .debug_line    0x0000000000001def      0x160 c:/intelfpga_lite/18.1/nios2eds/bin/gnu/h-x86_64-mingw32/bin/../lib/gcc/nios2-elf/5.3.0/../../../../../H-x86_64-mingw32/nios2-elf/lib/mno-hw-mul\libc.a(lib_a-impure.o)
 .debug_line    0x0000000000001f4f       0x5f c:/intelfpga_lite/18.1/nios2eds/bin/gnu/h-x86_64-mingw32/bin/../lib/gcc/nios2-elf/5.3.0/../../../../../H-x86_64-mingw32/nios2-elf/lib/mno-hw-mul\libc.a(lib_a-int_errno.o)
 .debug_line    0x0000000000001fae      0x176 c:/intelfpga_lite/18.1/nios2eds/bin/gnu/h-x86_64-mingw32/bin/../lib/gcc/nios2-elf/5.3.0/../../../../../H-x86_64-mingw32/nios2-elf/lib/mno-hw-mul\libc.a(lib_a-memcmp.o)
 .debug_line    0x0000000000002124      0x18c c:/intelfpga_lite/18.1/nios2eds/bin/gnu/h-x86_64-mingw32/bin/../lib/gcc/nios2-elf/5.3.0/../../../../../H-x86_64-mingw32/nios2-elf/lib/mno-hw-mul\libc.a(lib_a-memcpy.o)
 .debug_line    0x00000000000022b0      0x16f c:/intelfpga_lite/18.1/nios2eds/bin/gnu/h-x86_64-mingw32/bin/../lib/gcc/nios2-elf/5.3.0/../../../../../H-x86_64-mingw32/nios2-elf/lib/mno-hw-mul\libc.a(lib_a-strlen.o)
 .debug_line    0x000000000000241f      0x21f c:/intelfpga_lite/18.1/nios2eds/bin/gnu/h-x86_64-mingw32/bin/../lib/gcc/nios2-elf/5.3.0/../../../../../H-x86_64-mingw32/nios2-elf/lib/mno-hw-mul\libc.a(lib_a-__atexit.o)
 .debug_line    0x000000000000263e      0x23a c:/intelfpga_lite/18.1/nios2eds/bin/gnu/h-x86_64-mingw32/bin/../lib/gcc/nios2-elf/5.3.0/../../../../../H-x86_64-mingw32/nios2-elf/lib/mno-hw-mul\libc.a(lib_a-__call_atexit.o)
 .debug_line    0x0000000000002878       0x80 c:/intelfpga_lite/18.1/nios2eds/bin/gnu/h-x86_64-mingw32/bin/../lib/gcc/nios2-elf/5.3.0/mno-hw-mul\libgcc.a(lib2-mul.o)
 .debug_line    0x00000000000028f8       0x71 ../Lab2_bsp/\libhal_bsp.a(alt_exit.o)

.debug_frame    0x0000000000000000      0xa78
 *(.debug_frame)
 .debug_frame   0x0000000000000000       0x5c ../Lab2_bsp/\libhal_bsp.a(alt_load.o)
 .debug_frame   0x000000000000005c       0x2c ../Lab2_bsp/\libhal_bsp.a(alt_main.o)
 .debug_frame   0x0000000000000088       0x88 ../Lab2_bsp/\libhal_bsp.a(alt_sys_init.o)
 .debug_frame   0x0000000000000110       0xb0 ../Lab2_bsp/\libhal_bsp.a(altera_avalon_jtag_uart_fd.o)
 .debug_frame   0x00000000000001c0       0xa4 ../Lab2_bsp/\libhal_bsp.a(altera_avalon_jtag_uart_init.o)
 .debug_frame   0x0000000000000264       0x34 ../Lab2_bsp/\libhal_bsp.a(altera_avalon_jtag_uart_ioctl.o)
 .debug_frame   0x0000000000000298       0x38 ../Lab2_bsp/\libhal_bsp.a(altera_avalon_jtag_uart_read.o)
 .debug_frame   0x00000000000002d0       0x38 ../Lab2_bsp/\libhal_bsp.a(altera_avalon_jtag_uart_write.o)
 .debug_frame   0x0000000000000308       0x34 ../Lab2_bsp/\libhal_bsp.a(alt_alarm_start.o)
 .debug_frame   0x000000000000033c       0x60 ../Lab2_bsp/\libhal_bsp.a(alt_close.o)
 .debug_frame   0x000000000000039c       0x34 ../Lab2_bsp/\libhal_bsp.a(alt_dcache_flush_all.o)
 .debug_frame   0x00000000000003d0       0x34 ../Lab2_bsp/\libhal_bsp.a(alt_dev.o)
 .debug_frame   0x0000000000000404       0x60 ../Lab2_bsp/\libhal_bsp.a(alt_dev_llist_insert.o)
 .debug_frame   0x0000000000000464       0x38 ../Lab2_bsp/\libhal_bsp.a(alt_do_ctors.o)
 .debug_frame   0x000000000000049c       0x38 ../Lab2_bsp/\libhal_bsp.a(alt_do_dtors.o)
 .debug_frame   0x00000000000004d4       0x34 ../Lab2_bsp/\libhal_bsp.a(alt_icache_flush_all.o)
 .debug_frame   0x0000000000000508       0xa4 ../Lab2_bsp/\libhal_bsp.a(alt_iic.o)
 .debug_frame   0x00000000000005ac       0x38 ../Lab2_bsp/\libhal_bsp.a(alt_iic_isr_register.o)
 .debug_frame   0x00000000000005e4       0x64 ../Lab2_bsp/\libhal_bsp.a(alt_io_redirect.o)
 .debug_frame   0x0000000000000648       0x38 ../Lab2_bsp/\libhal_bsp.a(alt_irq_handler.o)
 .debug_frame   0x0000000000000680       0x8c ../Lab2_bsp/\libhal_bsp.a(alt_open.o)
 .debug_frame   0x000000000000070c       0x3c ../Lab2_bsp/\libhal_bsp.a(alt_release_fd.o)
 .debug_frame   0x0000000000000748       0x5c ../Lab2_bsp/\libhal_bsp.a(alt_tick.o)
 .debug_frame   0x00000000000007a4       0x34 ../Lab2_bsp/\libhal_bsp.a(altera_nios2_gen2_irq.o)
 .debug_frame   0x00000000000007d8       0x38 ../Lab2_bsp/\libhal_bsp.a(alt_find_dev.o)
 .debug_frame   0x0000000000000810       0x38 ../Lab2_bsp/\libhal_bsp.a(alt_find_file.o)
 .debug_frame   0x0000000000000848       0x3c ../Lab2_bsp/\libhal_bsp.a(alt_get_fd.o)
 .debug_frame   0x0000000000000884       0x5c ../Lab2_bsp/\libhal_bsp.a(alt_instruction_exception_entry.o)
 .debug_frame   0x00000000000008e0       0x20 c:/intelfpga_lite/18.1/nios2eds/bin/gnu/h-x86_64-mingw32/bin/../lib/gcc/nios2-elf/5.3.0/../../../../../H-x86_64-mingw32/nios2-elf/lib/mno-hw-mul\libc.a(lib_a-atexit.o)
 .debug_frame   0x0000000000000900       0x28 c:/intelfpga_lite/18.1/nios2eds/bin/gnu/h-x86_64-mingw32/bin/../lib/gcc/nios2-elf/5.3.0/../../../../../H-x86_64-mingw32/nios2-elf/lib/mno-hw-mul\libc.a(lib_a-exit.o)
 .debug_frame   0x0000000000000928       0x20 c:/intelfpga_lite/18.1/nios2eds/bin/gnu/h-x86_64-mingw32/bin/../lib/gcc/nios2-elf/5.3.0/../../../../../H-x86_64-mingw32/nios2-elf/lib/mno-hw-mul\libc.a(lib_a-memcmp.o)
 .debug_frame   0x0000000000000948       0x38 c:/intelfpga_lite/18.1/nios2eds/bin/gnu/h-x86_64-mingw32/bin/../lib/gcc/nios2-elf/5.3.0/../../../../../H-x86_64-mingw32/nios2-elf/lib/mno-hw-mul\libc.a(lib_a-memcpy.o)
 .debug_frame   0x0000000000000980       0x20 c:/intelfpga_lite/18.1/nios2eds/bin/gnu/h-x86_64-mingw32/bin/../lib/gcc/nios2-elf/5.3.0/../../../../../H-x86_64-mingw32/nios2-elf/lib/mno-hw-mul\libc.a(lib_a-strlen.o)
 .debug_frame   0x00000000000009a0       0x38 c:/intelfpga_lite/18.1/nios2eds/bin/gnu/h-x86_64-mingw32/bin/../lib/gcc/nios2-elf/5.3.0/../../../../../H-x86_64-mingw32/nios2-elf/lib/mno-hw-mul\libc.a(lib_a-__atexit.o)
 .debug_frame   0x00000000000009d8       0x54 c:/intelfpga_lite/18.1/nios2eds/bin/gnu/h-x86_64-mingw32/bin/../lib/gcc/nios2-elf/5.3.0/../../../../../H-x86_64-mingw32/nios2-elf/lib/mno-hw-mul\libc.a(lib_a-__call_atexit.o)
 .debug_frame   0x0000000000000a2c       0x20 c:/intelfpga_lite/18.1/nios2eds/bin/gnu/h-x86_64-mingw32/bin/../lib/gcc/nios2-elf/5.3.0/mno-hw-mul\libgcc.a(lib2-mul.o)
 .debug_frame   0x0000000000000a4c       0x2c ../Lab2_bsp/\libhal_bsp.a(alt_exit.o)

.debug_str      0x0000000000000000     0x1b04
 *(.debug_str)
 .debug_str     0x0000000000000000      0x1ca ../Lab2_bsp/\libhal_bsp.a(alt_load.o)
                                        0x203 (size before relaxing)
 .debug_str     0x00000000000001ca       0x70 ../Lab2_bsp/\libhal_bsp.a(alt_main.o)
                                        0x18e (size before relaxing)
 .debug_str     0x000000000000023a      0x1a2 ../Lab2_bsp/\libhal_bsp.a(alt_sys_init.o)
                                        0x349 (size before relaxing)
 .debug_str     0x00000000000003dc       0xb9 ../Lab2_bsp/\libhal_bsp.a(altera_avalon_jtag_uart_fd.o)
                                        0x395 (size before relaxing)
 .debug_str     0x0000000000000495       0xd1 ../Lab2_bsp/\libhal_bsp.a(altera_avalon_jtag_uart_init.o)
                                        0x329 (size before relaxing)
 .debug_str     0x0000000000000566       0x4a ../Lab2_bsp/\libhal_bsp.a(altera_avalon_jtag_uart_ioctl.o)
                                        0x284 (size before relaxing)
 .debug_str     0x00000000000005b0       0x7f ../Lab2_bsp/\libhal_bsp.a(altera_avalon_jtag_uart_read.o)
                                        0x2d9 (size before relaxing)
 .debug_str     0x000000000000062f       0x4a ../Lab2_bsp/\libhal_bsp.a(altera_avalon_jtag_uart_write.o)
                                        0x2da (size before relaxing)
 .debug_str     0x0000000000000679       0x59 ../Lab2_bsp/\libhal_bsp.a(alt_alarm_start.o)
                                        0x26f (size before relaxing)
 .debug_str     0x00000000000006d2       0x44 ../Lab2_bsp/\libhal_bsp.a(alt_close.o)
                                        0x1fc (size before relaxing)
 .debug_str     0x0000000000000716       0x34 ../Lab2_bsp/\libhal_bsp.a(alt_dcache_flush_all.o)
                                        0x146 (size before relaxing)
 .debug_str     0x000000000000074a      0x120 ../Lab2_bsp/\libhal_bsp.a(alt_dev.o)
                                        0x2f6 (size before relaxing)
 .debug_str     0x000000000000086a       0x34 ../Lab2_bsp/\libhal_bsp.a(alt_dev_llist_insert.o)
                                        0x1bd (size before relaxing)
 .debug_str     0x000000000000089e       0x48 ../Lab2_bsp/\libhal_bsp.a(alt_do_ctors.o)
                                         0xc1 (size before relaxing)
 .debug_str     0x00000000000008e6       0x4c ../Lab2_bsp/\libhal_bsp.a(alt_do_dtors.o)
                                         0xc0 (size before relaxing)
 .debug_str     0x0000000000000932       0x14 ../Lab2_bsp/\libhal_bsp.a(alt_errno.o)
                                        0x136 (size before relaxing)
 .debug_str     0x0000000000000946       0x34 ../Lab2_bsp/\libhal_bsp.a(alt_icache_flush_all.o)
                                        0x146 (size before relaxing)
 .debug_str     0x000000000000097a       0xc4 ../Lab2_bsp/\libhal_bsp.a(alt_iic.o)
                                        0x22f (size before relaxing)
 .debug_str     0x0000000000000a3e       0x4c ../Lab2_bsp/\libhal_bsp.a(alt_iic_isr_register.o)
                                        0x1d9 (size before relaxing)
 .debug_str     0x0000000000000a8a       0x56 ../Lab2_bsp/\libhal_bsp.a(alt_io_redirect.o)
                                        0x307 (size before relaxing)
 .debug_str     0x0000000000000ae0       0x3a ../Lab2_bsp/\libhal_bsp.a(alt_irq_handler.o)
                                        0x188 (size before relaxing)
 .debug_str     0x0000000000000b1a       0x17 ../Lab2_bsp/\libhal_bsp.a(alt_irq_vars.o)
                                        0x12b (size before relaxing)
 .debug_str     0x0000000000000b31       0x2f ../Lab2_bsp/\libhal_bsp.a(alt_open.o)
                                        0x23c (size before relaxing)
 .debug_str     0x0000000000000b60       0x28 ../Lab2_bsp/\libhal_bsp.a(alt_release_fd.o)
                                        0x1c4 (size before relaxing)
 .debug_str     0x0000000000000b88       0x4a ../Lab2_bsp/\libhal_bsp.a(alt_tick.o)
                                        0x243 (size before relaxing)
 .debug_str     0x0000000000000bd2       0x3b ../Lab2_bsp/\libhal_bsp.a(altera_nios2_gen2_irq.o)
                                        0x14d (size before relaxing)
 .debug_str     0x0000000000000c0d       0x24 ../Lab2_bsp/\libhal_bsp.a(alt_find_dev.o)
                                        0x1dd (size before relaxing)
 .debug_str     0x0000000000000c31       0x26 ../Lab2_bsp/\libhal_bsp.a(alt_find_file.o)
                                        0x1eb (size before relaxing)
 .debug_str     0x0000000000000c57       0x30 ../Lab2_bsp/\libhal_bsp.a(alt_get_fd.o)
                                        0x20d (size before relaxing)
 .debug_str     0x0000000000000c87      0x48b ../Lab2_bsp/\libhal_bsp.a(alt_instruction_exception_entry.o)
                                        0x591 (size before relaxing)
 .debug_str     0x0000000000001112      0x17c c:/intelfpga_lite/18.1/nios2eds/bin/gnu/h-x86_64-mingw32/bin/../lib/gcc/nios2-elf/5.3.0/../../../../../H-x86_64-mingw32/nios2-elf/lib/mno-hw-mul\libc.a(lib_a-atexit.o)
                                        0x221 (size before relaxing)
 .debug_str     0x000000000000128e      0x3b5 c:/intelfpga_lite/18.1/nios2eds/bin/gnu/h-x86_64-mingw32/bin/../lib/gcc/nios2-elf/5.3.0/../../../../../H-x86_64-mingw32/nios2-elf/lib/mno-hw-mul\libc.a(lib_a-exit.o)
                                        0x5be (size before relaxing)
 .debug_str     0x0000000000001643       0xd6 c:/intelfpga_lite/18.1/nios2eds/bin/gnu/h-x86_64-mingw32/bin/../lib/gcc/nios2-elf/5.3.0/../../../../../H-x86_64-mingw32/nios2-elf/lib/mno-hw-mul\libc.a(lib_a-impure.o)
                                        0x5b5 (size before relaxing)
 .debug_str     0x0000000000001719       0x3f c:/intelfpga_lite/18.1/nios2eds/bin/gnu/h-x86_64-mingw32/bin/../lib/gcc/nios2-elf/5.3.0/../../../../../H-x86_64-mingw32/nios2-elf/lib/mno-hw-mul\libc.a(lib_a-int_errno.o)
                                        0x1dd (size before relaxing)
 .debug_str     0x0000000000001758       0xda c:/intelfpga_lite/18.1/nios2eds/bin/gnu/h-x86_64-mingw32/bin/../lib/gcc/nios2-elf/5.3.0/../../../../../H-x86_64-mingw32/nios2-elf/lib/mno-hw-mul\libc.a(lib_a-memcmp.o)
                                        0x1e4 (size before relaxing)
 .debug_str     0x0000000000001832       0x6b c:/intelfpga_lite/18.1/nios2eds/bin/gnu/h-x86_64-mingw32/bin/../lib/gcc/nios2-elf/5.3.0/../../../../../H-x86_64-mingw32/nios2-elf/lib/mno-hw-mul\libc.a(lib_a-memcpy.o)
                                        0x20b (size before relaxing)
 .debug_str     0x000000000000189d       0x51 c:/intelfpga_lite/18.1/nios2eds/bin/gnu/h-x86_64-mingw32/bin/../lib/gcc/nios2-elf/5.3.0/../../../../../H-x86_64-mingw32/nios2-elf/lib/mno-hw-mul\libc.a(lib_a-strlen.o)
                                        0x1f7 (size before relaxing)
 .debug_str     0x00000000000018ee       0x3f c:/intelfpga_lite/18.1/nios2eds/bin/gnu/h-x86_64-mingw32/bin/../lib/gcc/nios2-elf/5.3.0/../../../../../H-x86_64-mingw32/nios2-elf/lib/mno-hw-mul\libc.a(lib_a-__atexit.o)
                                        0x5f6 (size before relaxing)
 .debug_str     0x000000000000192d       0x65 c:/intelfpga_lite/18.1/nios2eds/bin/gnu/h-x86_64-mingw32/bin/../lib/gcc/nios2-elf/5.3.0/../../../../../H-x86_64-mingw32/nios2-elf/lib/mno-hw-mul\libc.a(lib_a-__call_atexit.o)
                                        0x5e2 (size before relaxing)
 .debug_str     0x0000000000001992      0x148 c:/intelfpga_lite/18.1/nios2eds/bin/gnu/h-x86_64-mingw32/bin/../lib/gcc/nios2-elf/5.3.0/mno-hw-mul\libgcc.a(lib2-mul.o)
                                        0x193 (size before relaxing)
 .debug_str     0x0000000000001ada       0x2a ../Lab2_bsp/\libhal_bsp.a(alt_exit.o)
                                        0x142 (size before relaxing)

.debug_loc      0x0000000000000000      0x803
 *(.debug_loc)
 .debug_loc     0x0000000000000000       0x2c c:/intelfpga_lite/18.1/nios2eds/bin/gnu/h-x86_64-mingw32/bin/../lib/gcc/nios2-elf/5.3.0/../../../../../H-x86_64-mingw32/nios2-elf/lib/mno-hw-mul\libc.a(lib_a-atexit.o)
 .debug_loc     0x000000000000002c       0x1e c:/intelfpga_lite/18.1/nios2eds/bin/gnu/h-x86_64-mingw32/bin/../lib/gcc/nios2-elf/5.3.0/../../../../../H-x86_64-mingw32/nios2-elf/lib/mno-hw-mul\libc.a(lib_a-exit.o)
 .debug_loc     0x000000000000004a      0x126 c:/intelfpga_lite/18.1/nios2eds/bin/gnu/h-x86_64-mingw32/bin/../lib/gcc/nios2-elf/5.3.0/../../../../../H-x86_64-mingw32/nios2-elf/lib/mno-hw-mul\libc.a(lib_a-memcmp.o)
 .debug_loc     0x0000000000000170      0x266 c:/intelfpga_lite/18.1/nios2eds/bin/gnu/h-x86_64-mingw32/bin/../lib/gcc/nios2-elf/5.3.0/../../../../../H-x86_64-mingw32/nios2-elf/lib/mno-hw-mul\libc.a(lib_a-memcpy.o)
 .debug_loc     0x00000000000003d6       0x47 c:/intelfpga_lite/18.1/nios2eds/bin/gnu/h-x86_64-mingw32/bin/../lib/gcc/nios2-elf/5.3.0/../../../../../H-x86_64-mingw32/nios2-elf/lib/mno-hw-mul\libc.a(lib_a-strlen.o)
 .debug_loc     0x000000000000041d      0x185 c:/intelfpga_lite/18.1/nios2eds/bin/gnu/h-x86_64-mingw32/bin/../lib/gcc/nios2-elf/5.3.0/../../../../../H-x86_64-mingw32/nios2-elf/lib/mno-hw-mul\libc.a(lib_a-__atexit.o)
 .debug_loc     0x00000000000005a2      0x1ce c:/intelfpga_lite/18.1/nios2eds/bin/gnu/h-x86_64-mingw32/bin/../lib/gcc/nios2-elf/5.3.0/../../../../../H-x86_64-mingw32/nios2-elf/lib/mno-hw-mul\libc.a(lib_a-__call_atexit.o)
 .debug_loc     0x0000000000000770       0x93 c:/intelfpga_lite/18.1/nios2eds/bin/gnu/h-x86_64-mingw32/bin/../lib/gcc/nios2-elf/5.3.0/mno-hw-mul\libgcc.a(lib2-mul.o)

.debug_macinfo
 *(.debug_macinfo)

.debug_weaknames
 *(.debug_weaknames)

.debug_funcnames
 *(.debug_funcnames)

.debug_typenames
 *(.debug_typenames)

.debug_varnames
 *(.debug_varnames)

.debug_alt_sim_info
                0x0000000000000000       0x10
 *(.debug_alt_sim_info)
 .debug_alt_sim_info
                0x0000000000000000       0x10 ../Lab2_bsp//obj/HAL/src/crt0.o
                0x0000000000010000                __alt_data_end = 0x10000
                0x0000000000010000                PROVIDE (__alt_stack_pointer, __alt_data_end)
                [!provide]                        PROVIDE (__alt_stack_limit, __alt_stack_base)
                [!provide]                        PROVIDE (__alt_heap_start, end)
                [!provide]                        PROVIDE (__alt_heap_limit, 0x10000)
OUTPUT(Lab2.elf elf32-littlenios2)

.debug_ranges   0x0000000000000000      0x178
 .debug_ranges  0x0000000000000000       0x20 ../Lab2_bsp//obj/HAL/src/crt0.o
 .debug_ranges  0x0000000000000020       0x30 ../Lab2_bsp/\libhal_bsp.a(altera_avalon_jtag_uart_init.o)
 .debug_ranges  0x0000000000000050       0x18 ../Lab2_bsp/\libhal_bsp.a(altera_avalon_jtag_uart_read.o)
 .debug_ranges  0x0000000000000068       0x28 ../Lab2_bsp/\libhal_bsp.a(alt_irq_entry.o)
 .debug_ranges  0x0000000000000090       0x10 ../Lab2_bsp/\libhal_bsp.a(alt_irq_handler.o)
 .debug_ranges  0x00000000000000a0       0x30 ../Lab2_bsp/\libhal_bsp.a(alt_exception_entry.o)
 .debug_ranges  0x00000000000000d0       0x18 ../Lab2_bsp/\libhal_bsp.a(alt_instruction_exception_entry.o)
 .debug_ranges  0x00000000000000e8       0x10 c:/intelfpga_lite/18.1/nios2eds/bin/gnu/h-x86_64-mingw32/bin/../lib/gcc/nios2-elf/5.3.0/../../../../../H-x86_64-mingw32/nios2-elf/lib/mno-hw-mul\libc.a(lib_a-atexit.o)
 .debug_ranges  0x00000000000000f8       0x10 c:/intelfpga_lite/18.1/nios2eds/bin/gnu/h-x86_64-mingw32/bin/../lib/gcc/nios2-elf/5.3.0/../../../../../H-x86_64-mingw32/nios2-elf/lib/mno-hw-mul\libc.a(lib_a-exit.o)
 .debug_ranges  0x0000000000000108       0x10 c:/intelfpga_lite/18.1/nios2eds/bin/gnu/h-x86_64-mingw32/bin/../lib/gcc/nios2-elf/5.3.0/../../../../../H-x86_64-mingw32/nios2-elf/lib/mno-hw-mul\libc.a(lib_a-memcmp.o)
 .debug_ranges  0x0000000000000118       0x10 c:/intelfpga_lite/18.1/nios2eds/bin/gnu/h-x86_64-mingw32/bin/../lib/gcc/nios2-elf/5.3.0/../../../../../H-x86_64-mingw32/nios2-elf/lib/mno-hw-mul\libc.a(lib_a-memcpy.o)
 .debug_ranges  0x0000000000000128       0x10 c:/intelfpga_lite/18.1/nios2eds/bin/gnu/h-x86_64-mingw32/bin/../lib/gcc/nios2-elf/5.3.0/../../../../../H-x86_64-mingw32/nios2-elf/lib/mno-hw-mul\libc.a(lib_a-strlen.o)
 .debug_ranges  0x0000000000000138       0x10 c:/intelfpga_lite/18.1/nios2eds/bin/gnu/h-x86_64-mingw32/bin/../lib/gcc/nios2-elf/5.3.0/../../../../../H-x86_64-mingw32/nios2-elf/lib/mno-hw-mul\libc.a(lib_a-__atexit.o)
 .debug_ranges  0x0000000000000148       0x30 c:/intelfpga_lite/18.1/nios2eds/bin/gnu/h-x86_64-mingw32/bin/../lib/gcc/nios2-elf/5.3.0/../../../../../H-x86_64-mingw32/nios2-elf/lib/mno-hw-mul\libc.a(lib_a-__call_atexit.o)
